
*** Running vivado
    with args -log top_rf_alu.vds -m64 -product Vivado -mode batch -messageDb vivado.pb -notrace -source top_rf_alu.tcl



****** Vivado v2020.1 (64-bit)
  **** SW Build 2902540 on Wed May 27 19:54:49 MDT 2020
  **** IP Build 2902112 on Wed May 27 22:43:36 MDT 2020
    ** Copyright 1986-2020 Xilinx, Inc. All Rights Reserved.

source top_rf_alu.tcl -notrace
Command: synth_design -top top_rf_alu -part xc7a35tcpg236-1
Starting synth_design
Attempting to get a license for feature 'Synthesis' and/or device 'xc7a35t'
INFO: [Common 17-349] Got license for feature 'Synthesis' and/or device 'xc7a35t'
INFO: [Device 21-403] Loading part xc7a35tcpg236-1
INFO: [Synth 8-7079] Multithreading enabled for synth_design using a maximum of 2 processes.
INFO: [Synth 8-7078] Launching helper process for spawning children vivado processes
INFO: [Synth 8-7075] Helper process launched with PID 24440
---------------------------------------------------------------------------------
Starting RTL Elaboration : Time (s): cpu = 00:00:02 ; elapsed = 00:00:03 . Memory (MB): peak = 1024.781 ; gain = 0.000
---------------------------------------------------------------------------------
INFO: [Synth 8-6157] synthesizing module 'top_rf_alu' [C:/Users/ea09904/Desktop/finallab6/finallab6.srcs/sources_1/new/top_rf_alu.v:283]
	Parameter DEBOUNCE_STAB bound to: 500000 - type: integer 
	Parameter INIT1 bound to: 2'b01 
	Parameter INIT2 bound to: 2'b10 
	Parameter IDLE bound to: 2'b00 
INFO: [Synth 8-6157] synthesizing module 'debouncer' [C:/Users/ea09904/Desktop/finallab6/finallab6.srcs/sources_1/new/debouncer.v:5]
	Parameter STABLE_MAX bound to: 500000 - type: integer 
INFO: [Synth 8-6155] done synthesizing module 'debouncer' (1#1) [C:/Users/ea09904/Desktop/finallab6/finallab6.srcs/sources_1/new/debouncer.v:5]
INFO: [Synth 8-6157] synthesizing module 'RegisterFile' [C:/Users/ea09904/lab7/lab7.srcs/sources_1/new/registerfile.v:3]
INFO: [Synth 8-6155] done synthesizing module 'RegisterFile' (2#1) [C:/Users/ea09904/lab7/lab7.srcs/sources_1/new/registerfile.v:3]
INFO: [Synth 8-6157] synthesizing module 'ALU' [C:/Users/ea09904/Desktop/finallab6/finallab6.srcs/sources_1/new/ALU.v:2]
	Parameter AND_OP bound to: 4'b0000 
	Parameter OR_OP bound to: 4'b0001 
	Parameter ADD_OP bound to: 4'b0010 
	Parameter SUB_OP bound to: 4'b0110 
	Parameter XOR_OP bound to: 4'b0100 
	Parameter SLL_OP bound to: 4'b1000 
	Parameter SRL_OP bound to: 4'b1001 
INFO: [Synth 8-6157] synthesizing module 'FullAdder' [C:/Users/ea09904/Desktop/finallab6/finallab6.srcs/sources_1/new/FullAdder.v:2]
INFO: [Synth 8-6155] done synthesizing module 'FullAdder' (3#1) [C:/Users/ea09904/Desktop/finallab6/finallab6.srcs/sources_1/new/FullAdder.v:2]
INFO: [Synth 8-6155] done synthesizing module 'ALU' (4#1) [C:/Users/ea09904/Desktop/finallab6/finallab6.srcs/sources_1/new/ALU.v:2]
INFO: [Synth 8-6155] done synthesizing module 'top_rf_alu' (5#1) [C:/Users/ea09904/Desktop/finallab6/finallab6.srcs/sources_1/new/top_rf_alu.v:283]
---------------------------------------------------------------------------------
Finished RTL Elaboration : Time (s): cpu = 00:00:02 ; elapsed = 00:00:03 . Memory (MB): peak = 1024.781 ; gain = 0.000
---------------------------------------------------------------------------------
---------------------------------------------------------------------------------
Start Handling Custom Attributes
---------------------------------------------------------------------------------
---------------------------------------------------------------------------------
Finished Handling Custom Attributes : Time (s): cpu = 00:00:02 ; elapsed = 00:00:04 . Memory (MB): peak = 1024.781 ; gain = 0.000
---------------------------------------------------------------------------------
---------------------------------------------------------------------------------
Finished RTL Optimization Phase 1 : Time (s): cpu = 00:00:02 ; elapsed = 00:00:04 . Memory (MB): peak = 1024.781 ; gain = 0.000
---------------------------------------------------------------------------------
Netlist sorting complete. Time (s): cpu = 00:00:00 ; elapsed = 00:00:00.009 . Memory (MB): peak = 1024.781 ; gain = 0.000
INFO: [Project 1-570] Preparing netlist for logic optimization

Processing XDC Constraints
Initializing timing engine
Parsing XDC File [C:/Users/ea09904/Desktop/finallab6/finallab6.srcs/constrs_1/new/ALU_constraints.xdc]
Finished Parsing XDC File [C:/Users/ea09904/Desktop/finallab6/finallab6.srcs/constrs_1/new/ALU_constraints.xdc]
Parsing XDC File [C:/Users/ea09904/Desktop/finallab6/finallab6.srcs/constrs_1/new/rf_const.xdc]
Finished Parsing XDC File [C:/Users/ea09904/Desktop/finallab6/finallab6.srcs/constrs_1/new/rf_const.xdc]
INFO: [Project 1-236] Implementation specific constraints were found while reading constraint file [C:/Users/ea09904/Desktop/finallab6/finallab6.srcs/constrs_1/new/rf_const.xdc]. These constraints will be ignored for synthesis but will be used in implementation. Impacted constraints are listed in the file [.Xil/top_rf_alu_propImpl.xdc].
Resolution: To avoid this warning, move constraints listed in [.Xil/top_rf_alu_propImpl.xdc] to another XDC file and exclude this new file from synthesis with the used_in_synthesis property (File Properties dialog in GUI) and re-run elaboration/synthesis.
Completed Processing XDC Constraints

Netlist sorting complete. Time (s): cpu = 00:00:00 ; elapsed = 00:00:00 . Memory (MB): peak = 1039.332 ; gain = 0.000
INFO: [Project 1-111] Unisim Transformation Summary:
No Unisim elements were transformed.

Constraint Validation Runtime : Time (s): cpu = 00:00:00 ; elapsed = 00:00:00.004 . Memory (MB): peak = 1039.332 ; gain = 0.000
---------------------------------------------------------------------------------
Finished Constraint Validation : Time (s): cpu = 00:00:05 ; elapsed = 00:00:07 . Memory (MB): peak = 1039.332 ; gain = 14.551
---------------------------------------------------------------------------------
---------------------------------------------------------------------------------
Start Loading Part and Timing Information
---------------------------------------------------------------------------------
Loading part: xc7a35tcpg236-1
---------------------------------------------------------------------------------
Finished Loading Part and Timing Information : Time (s): cpu = 00:00:05 ; elapsed = 00:00:07 . Memory (MB): peak = 1039.332 ; gain = 14.551
---------------------------------------------------------------------------------
---------------------------------------------------------------------------------
Start Applying 'set_property' XDC Constraints
---------------------------------------------------------------------------------
---------------------------------------------------------------------------------
Finished applying 'set_property' XDC Constraints : Time (s): cpu = 00:00:05 ; elapsed = 00:00:07 . Memory (MB): peak = 1039.332 ; gain = 14.551
---------------------------------------------------------------------------------
INFO: [Synth 8-802] inferred FSM for state register 'state_reg' in module 'top_rf_alu'
---------------------------------------------------------------------------------------------------
                   State |                     New Encoding |                Previous Encoding 
---------------------------------------------------------------------------------------------------
                   INIT1 |                              001 |                               01
                   INIT2 |                              010 |                               10
                    IDLE |                              100 |                               00
---------------------------------------------------------------------------------------------------
INFO: [Synth 8-3354] encoded FSM with state register 'state_reg' using encoding 'one-hot' in module 'top_rf_alu'
---------------------------------------------------------------------------------
Finished RTL Optimization Phase 2 : Time (s): cpu = 00:00:06 ; elapsed = 00:00:07 . Memory (MB): peak = 1039.332 ; gain = 14.551
---------------------------------------------------------------------------------
---------------------------------------------------------------------------------
Start RTL Component Statistics 
---------------------------------------------------------------------------------
Detailed RTL Component Info : 
+---XORs : 
	   2 Input     32 Bit         XORs := 1     
	   3 Input      1 Bit         XORs := 32    
+---Registers : 
	               32 Bit    Registers := 33    
	                5 Bit    Registers := 1     
	                4 Bit    Registers := 2     
	                1 Bit    Registers := 3     
+---Muxes : 
	  33 Input   32 Bit        Muxes := 2     
	   2 Input   32 Bit        Muxes := 5     
	   2 Input    1 Bit        Muxes := 33    
	   3 Input    1 Bit        Muxes := 2     
---------------------------------------------------------------------------------
Finished RTL Component Statistics 
---------------------------------------------------------------------------------
---------------------------------------------------------------------------------
Start Part Resource Summary
---------------------------------------------------------------------------------
Part Resources:
DSPs: 90 (col length:60)
BRAMs: 100 (col length: RAMB18 60 RAMB36 30)
---------------------------------------------------------------------------------
Finished Part Resource Summary
---------------------------------------------------------------------------------
---------------------------------------------------------------------------------
Start Cross Boundary and Area Optimization
---------------------------------------------------------------------------------
---------------------------------------------------------------------------------
Finished Cross Boundary and Area Optimization : Time (s): cpu = 00:00:07 ; elapsed = 00:00:08 . Memory (MB): peak = 1039.332 ; gain = 14.551
---------------------------------------------------------------------------------
---------------------------------------------------------------------------------
Start Applying XDC Timing Constraints
---------------------------------------------------------------------------------
---------------------------------------------------------------------------------
Finished Applying XDC Timing Constraints : Time (s): cpu = 00:00:11 ; elapsed = 00:00:12 . Memory (MB): peak = 1039.332 ; gain = 14.551
---------------------------------------------------------------------------------
---------------------------------------------------------------------------------
Start Timing Optimization
---------------------------------------------------------------------------------
---------------------------------------------------------------------------------
Finished Timing Optimization : Time (s): cpu = 00:00:11 ; elapsed = 00:00:12 . Memory (MB): peak = 1039.332 ; gain = 14.551
---------------------------------------------------------------------------------
---------------------------------------------------------------------------------
Start Technology Mapping
---------------------------------------------------------------------------------
---------------------------------------------------------------------------------
Finished Technology Mapping : Time (s): cpu = 00:00:11 ; elapsed = 00:00:12 . Memory (MB): peak = 1039.332 ; gain = 14.551
---------------------------------------------------------------------------------
---------------------------------------------------------------------------------
Start IO Insertion
---------------------------------------------------------------------------------
---------------------------------------------------------------------------------
Start Flattening Before IO Insertion
---------------------------------------------------------------------------------
---------------------------------------------------------------------------------
Finished Flattening Before IO Insertion
---------------------------------------------------------------------------------
---------------------------------------------------------------------------------
Start Final Netlist Cleanup
---------------------------------------------------------------------------------
---------------------------------------------------------------------------------
Finished Final Netlist Cleanup
---------------------------------------------------------------------------------
---------------------------------------------------------------------------------
Finished IO Insertion : Time (s): cpu = 00:00:12 ; elapsed = 00:00:14 . Memory (MB): peak = 1039.332 ; gain = 14.551
---------------------------------------------------------------------------------
---------------------------------------------------------------------------------
Start Renaming Generated Instances
---------------------------------------------------------------------------------
---------------------------------------------------------------------------------
Finished Renaming Generated Instances : Time (s): cpu = 00:00:12 ; elapsed = 00:00:14 . Memory (MB): peak = 1039.332 ; gain = 14.551
---------------------------------------------------------------------------------
---------------------------------------------------------------------------------
Start Rebuilding User Hierarchy
---------------------------------------------------------------------------------
---------------------------------------------------------------------------------
Finished Rebuilding User Hierarchy : Time (s): cpu = 00:00:12 ; elapsed = 00:00:14 . Memory (MB): peak = 1039.332 ; gain = 14.551
---------------------------------------------------------------------------------
---------------------------------------------------------------------------------
Start Renaming Generated Ports
---------------------------------------------------------------------------------
---------------------------------------------------------------------------------
Finished Renaming Generated Ports : Time (s): cpu = 00:00:12 ; elapsed = 00:00:14 . Memory (MB): peak = 1039.332 ; gain = 14.551
---------------------------------------------------------------------------------
---------------------------------------------------------------------------------
Start Handling Custom Attributes
---------------------------------------------------------------------------------
---------------------------------------------------------------------------------
Finished Handling Custom Attributes : Time (s): cpu = 00:00:12 ; elapsed = 00:00:14 . Memory (MB): peak = 1039.332 ; gain = 14.551
---------------------------------------------------------------------------------
---------------------------------------------------------------------------------
Start Renaming Generated Nets
---------------------------------------------------------------------------------
---------------------------------------------------------------------------------
Finished Renaming Generated Nets : Time (s): cpu = 00:00:12 ; elapsed = 00:00:14 . Memory (MB): peak = 1039.332 ; gain = 14.551
---------------------------------------------------------------------------------
---------------------------------------------------------------------------------
Start Writing Synthesis Report
---------------------------------------------------------------------------------

Report BlackBoxes: 
+-+--------------+----------+
| |BlackBox name |Instances |
+-+--------------+----------+
+-+--------------+----------+

Report Cell Usage: 
+------+-------+------+
|      |Cell   |Count |
+------+-------+------+
|1     |BUFG   |     1|
|2     |CARRY4 |     5|
|3     |LUT1   |     1|
|4     |LUT2   |     4|
|5     |LUT3   |     4|
|6     |LUT4   |    13|
|7     |LUT5   |     9|
|8     |LUT6   |    15|
|9     |MUXF7  |     2|
|10    |FDRE   |    37|
|11    |FDSE   |     1|
|12    |IBUF   |     6|
|13    |OBUF   |    16|
+------+-------+------+
---------------------------------------------------------------------------------
Finished Writing Synthesis Report : Time (s): cpu = 00:00:12 ; elapsed = 00:00:14 . Memory (MB): peak = 1039.332 ; gain = 14.551
---------------------------------------------------------------------------------
Synthesis finished with 0 errors, 0 critical warnings and 0 warnings.
Synthesis Optimization Runtime : Time (s): cpu = 00:00:08 ; elapsed = 00:00:13 . Memory (MB): peak = 1039.332 ; gain = 0.000
Synthesis Optimization Complete : Time (s): cpu = 00:00:12 ; elapsed = 00:00:14 . Memory (MB): peak = 1039.332 ; gain = 14.551
INFO: [Project 1-571] Translating synthesized netlist
Netlist sorting complete. Time (s): cpu = 00:00:00 ; elapsed = 00:00:00.001 . Memory (MB): peak = 1049.785 ; gain = 0.000
INFO: [Netlist 29-17] Analyzing 7 Unisim elements for replacement
INFO: [Netlist 29-28] Unisim Transformation completed in 0 CPU seconds
INFO: [Project 1-570] Preparing netlist for logic optimization
INFO: [Opt 31-138] Pushed 0 inverter(s) to 0 load pin(s).
Netlist sorting complete. Time (s): cpu = 00:00:00 ; elapsed = 00:00:00 . Memory (MB): peak = 1049.785 ; gain = 0.000
INFO: [Project 1-111] Unisim Transformation Summary:
No Unisim elements were transformed.

INFO: [Common 17-83] Releasing license: Synthesis
27 Infos, 0 Warnings, 0 Critical Warnings and 0 Errors encountered.
synth_design completed successfully
synth_design: Time (s): cpu = 00:00:16 ; elapsed = 00:00:19 . Memory (MB): peak = 1049.785 ; gain = 25.004
INFO: [Common 17-1381] The checkpoint 'C:/Users/ea09904/Desktop/finallab6/finallab6.runs/synth_1/top_rf_alu.dcp' has been generated.
INFO: [runtcl-4] Executing : report_utilization -file top_rf_alu_utilization_synth.rpt -pb top_rf_alu_utilization_synth.pb
INFO: [Common 17-206] Exiting Vivado at Thu Mar 12 11:16:55 2026...
