Vivado Simulator 2020.1
Copyright 1986-1999, 2001-2020 Xilinx, Inc. All Rights Reserved.
Running: C:/Xilinx/Vivado/2020.1/bin/unwrapped/win64.o/xelab.exe -wto e06c3f27ce284bc692c721b50233b5bd --incr --debug typical --relax --mt 2 -L xil_defaultlib -L unisims_ver -L unimacro_ver -L secureip --snapshot Memorysystemtb_behav xil_defaultlib.Memorysystemtb xil_defaultlib.glbl -log elaborate.log 
Using 2 slave threads.
Starting static elaboration
Pass Through NonSizing Optimizer
Completed static elaboration
Starting simulation data flow analysis
WARNING: [XSIM 43-4099] "C:/Users/ea09904/Downloads/lab08 final/lab08/project_1/project_1/project_1.srcs/sources_1/new/AddressDecoderTop.v" Line 1. Module addressDecoderTop doesn't have a timescale but at least one module in design has a timescale.
WARNING: [XSIM 43-4099] "C:/Users/ea09904/Downloads/lab08 final/lab08/project_1/project_1/project_1.srcs/sources_1/new/AddressDecoder.v" Line 1. Module AddressDecoder doesn't have a timescale but at least one module in design has a timescale.
WARNING: [XSIM 43-4099] "C:/Users/ea09904/Downloads/lab08 final/lab08/project_1/project_1/project_1.srcs/sources_1/new/DataMemory.v" Line 1. Module DataMemory doesn't have a timescale but at least one module in design has a timescale.
WARNING: [XSIM 43-4099] "C:/Users/ea09904/Downloads/lab08 final/lab08/project_1/project_1/project_1.srcs/sources_1/new/AddressDecoderTop.v" Line 1. Module addressDecoderTop doesn't have a timescale but at least one module in design has a timescale.
WARNING: [XSIM 43-4099] "C:/Users/ea09904/Downloads/lab08 final/lab08/project_1/project_1/project_1.srcs/sources_1/new/AddressDecoder.v" Line 1. Module AddressDecoder doesn't have a timescale but at least one module in design has a timescale.
WARNING: [XSIM 43-4099] "C:/Users/ea09904/Downloads/lab08 final/lab08/project_1/project_1/project_1.srcs/sources_1/new/DataMemory.v" Line 1. Module DataMemory doesn't have a timescale but at least one module in design has a timescale.
Completed simulation data flow analysis
Time Resolution for simulation is 1ps
Compiling module xil_defaultlib.AddressDecoder
Compiling module xil_defaultlib.DataMemory
Compiling module xil_defaultlib.LEDModule
Compiling module xil_defaultlib.addressDecoderTop
Compiling module xil_defaultlib.Memorysystemtb
Compiling module xil_defaultlib.glbl
Built simulation snapshot Memorysystemtb_behav
