#-----------------------------------------------------------
# Vivado v2020.1 (64-bit)
# SW Build 2902540 on Wed May 27 19:54:49 MDT 2020
# IP Build 2902112 on Wed May 27 22:43:36 MDT 2020
# Start of session at: Thu Mar 12 12:43:45 2026
# Process ID: 2520
# Current directory: C:/Users/ai09884/Downloads/project_1/project_1
# Command line: vivado.exe -gui_launcher_event rodinguilauncherevent17036 C:\Users\ai09884\Downloads\project_1\project_1\project_1.xpr
# Log file: C:/Users/ai09884/Downloads/project_1/project_1/vivado.log
# Journal file: C:/Users/ai09884/Downloads/project_1/project_1\vivado.jou
#-----------------------------------------------------------
start_gui
open_project C:/Users/ai09884/Downloads/project_1/project_1/project_1.xpr
INFO: [Project 1-313] Project file moved from 'C:/Users/User/Downloads/CA_Lab6/project_1' since last save.
Scanning sources...
Finished scanning sources
INFO: [IP_Flow 19-234] Refreshing IP repositories
INFO: [IP_Flow 19-1704] No user IP repositories specified
INFO: [IP_Flow 19-2313] Loaded Vivado IP repository 'C:/Xilinx/Vivado/2020.1/data/ip'.
update_compile_order -fileset sources_1
launch_runs synth_1 -jobs 10
[Thu Mar 12 12:44:04 2026] Launched synth_1...
Run output will be captured here: C:/Users/ai09884/Downloads/project_1/project_1/project_1.runs/synth_1/runme.log
launch_simulation
Command: launch_simulation 
INFO: [Vivado 12-5682] Launching behavioral simulation in 'C:/Users/ai09884/Downloads/project_1/project_1/project_1.sim/sim_1/behav/xsim'
INFO: [SIM-utils-51] Simulation object is 'sim_1'
INFO: [SIM-utils-54] Inspecting design source files for 'RF_ALU_FSM_tb' in fileset 'sim_1'...
INFO: [USF-XSim-97] Finding global include files...
INFO: [USF-XSim-98] Fetching design files from 'sim_1'...
INFO: [USF-XSim-2] XSim::Compile design
INFO: [USF-XSim-61] Executing 'COMPILE and ANALYZE' step in 'C:/Users/ai09884/Downloads/project_1/project_1/project_1.sim/sim_1/behav/xsim'
"xvlog --incr --relax -prj RF_ALU_FSM_tb_vlog.prj"
INFO: [VRFC 10-2263] Analyzing Verilog file "C:/Users/ai09884/Downloads/project_1/project_1/project_1.srcs/sources_1/new/ALU.v" into library xil_defaultlib
INFO: [VRFC 10-311] analyzing module ALU
INFO: [VRFC 10-2263] Analyzing Verilog file "C:/Users/ai09884/Downloads/project_1/project_1/project_1.srcs/sources_1/new/RegisterFile.v" into library xil_defaultlib
INFO: [VRFC 10-311] analyzing module RegisterFile
INFO: [VRFC 10-2263] Analyzing Verilog file "C:/Users/ai09884/Downloads/project_1/project_1/project_1.srcs/sources_1/new/ripple_adder.v" into library xil_defaultlib
INFO: [VRFC 10-311] analyzing module FullAdder
INFO: [VRFC 10-2263] Analyzing Verilog file "C:/Users/ai09884/Downloads/project_1/project_1/project_1.srcs/sim_1/new/RF_ALU_FSM_tb.v" into library xil_defaultlib
INFO: [VRFC 10-311] analyzing module RF_ALU_FSM_tb
INFO: [VRFC 10-2263] Analyzing Verilog file "C:/Users/ai09884/Downloads/project_1/project_1/project_1.sim/sim_1/behav/xsim/glbl.v" into library xil_defaultlib
INFO: [VRFC 10-311] analyzing module glbl
INFO: [USF-XSim-69] 'compile' step finished in '1' seconds
INFO: [USF-XSim-3] XSim::Elaborate design
INFO: [USF-XSim-61] Executing 'ELABORATE' step in 'C:/Users/ai09884/Downloads/project_1/project_1/project_1.sim/sim_1/behav/xsim'
"xelab -wto e06c3f27ce284bc692c721b50233b5bd --incr --debug typical --relax --mt 2 -L xil_defaultlib -L unisims_ver -L unimacro_ver -L secureip --snapshot RF_ALU_FSM_tb_behav xil_defaultlib.RF_ALU_FSM_tb xil_defaultlib.glbl -log elaborate.log"
Vivado Simulator 2020.1
Copyright 1986-1999, 2001-2020 Xilinx, Inc. All Rights Reserved.
Running: C:/Xilinx/Vivado/2020.1/bin/unwrapped/win64.o/xelab.exe -wto e06c3f27ce284bc692c721b50233b5bd --incr --debug typical --relax --mt 2 -L xil_defaultlib -L unisims_ver -L unimacro_ver -L secureip --snapshot RF_ALU_FSM_tb_behav xil_defaultlib.RF_ALU_FSM_tb xil_defaultlib.glbl -log elaborate.log 
Using 2 slave threads.
Starting static elaboration
Pass Through NonSizing Optimizer
Completed static elaboration
Starting simulation data flow analysis
WARNING: [XSIM 43-4099] "C:/Users/ai09884/Downloads/project_1/project_1/project_1.srcs/sources_1/new/ALU.v" Line 2. Module ALU_default doesn't have a timescale but at least one module in design has a timescale.
WARNING: [XSIM 43-4099] "C:/Users/ai09884/Downloads/project_1/project_1/project_1.srcs/sources_1/new/ALU.v" Line 2. Module ALU_default doesn't have a timescale but at least one module in design has a timescale.
Completed simulation data flow analysis
Time Resolution for simulation is 1ps
Compiling module xil_defaultlib.RegisterFile
Compiling module xil_defaultlib.FullAdder
Compiling module xil_defaultlib.ALU_default
Compiling module xil_defaultlib.RF_ALU_FSM_tb
Compiling module xil_defaultlib.glbl
Built simulation snapshot RF_ALU_FSM_tb_behav
INFO: [USF-XSim-69] 'elaborate' step finished in '1' seconds
INFO: [USF-XSim-4] XSim::Simulate design
INFO: [USF-XSim-61] Executing 'SIMULATE' step in 'C:/Users/ai09884/Downloads/project_1/project_1/project_1.sim/sim_1/behav/xsim'
INFO: [USF-XSim-98] *** Running xsim
   with args "RF_ALU_FSM_tb_behav -key {Behavioral:sim_1:Functional:RF_ALU_FSM_tb} -tclbatch {RF_ALU_FSM_tb.tcl} -log {simulate.log}"
INFO: [USF-XSim-8] Loading simulator feature
Vivado Simulator 2020.1
Time resolution is 1 ps
source RF_ALU_FSM_tb.tcl
# set curr_wave [current_wave_config]
# if { [string length $curr_wave] == 0 } {
#   if { [llength [get_objects]] > 0} {
#     add_wave /
#     set_property needs_save false [current_wave_config]
#   } else {
#      send_msg_id Add_Wave-1 WARNING "No top level signals found. Simulator will start without a wave window. If you want to open a wave window go to 'File->New Waveform Configuration' or type 'create_wave_config' in the TCL console."
#   }
# }
# run 1000ns
FAIL                   ADD  x4 = x1 + x2 got=0x00000000  exp=0x11111111
FAIL                   SUB  x5 = x1 - x2 got=0x11111111  exp=0x0f0f0f0f
FAIL                   AND  x6 = x1 & x2 got=0x11111111  exp=0x00000000
FAIL                   OR   x7 = x1 | x2 got=0x00000000  exp=0x11111111
PASS                   XOR  x8 = x1 ^ x2 got=0x11111111
FAIL            SLL  x9  = x1 << x3[4:0] got=0x00000000  exp=0x02020200
FAIL            SRL  x10 = x1 >> x3[4:0] got=0x1010100b  exp=0x00808080
PASS      Q  Zero flag (x1-x1==0) -> x11 got=0x00000001
PASS           RAW  x12 read-after-write got=0xfaceface

--- All checks complete. Simulation done. ---
$finish called at time : 245 ns : File "C:/Users/ai09884/Downloads/project_1/project_1/project_1.srcs/sim_1/new/RF_ALU_FSM_tb.v" Line 200
INFO: [USF-XSim-96] XSim completed. Design snapshot 'RF_ALU_FSM_tb_behav' loaded.
INFO: [USF-XSim-97] XSim simulation ran for 1000ns
launch_simulation: Time (s): cpu = 00:00:07 ; elapsed = 00:00:05 . Memory (MB): peak = 1232.180 ; gain = 0.000
close_sim
INFO: [Simtcl 6-16] Simulation closed
synth_design -rtl -name rtl_1
Command: synth_design -rtl -name rtl_1
Starting synth_design
Using part: xc7a35tcpg236-1
Top: RF_ALU_FSM_top
INFO: [Device 21-403] Loading part xc7a35tcpg236-1
WARNING: [Synth 8-6901] identifier 'alu_result' is used before its declaration [C:/Users/ai09884/Downloads/project_1/project_1/project_1.srcs/sources_1/new/RF_ALU_FSM_top.v:131]
---------------------------------------------------------------------------------
Starting RTL Elaboration : Time (s): cpu = 00:00:02 ; elapsed = 00:00:02 . Memory (MB): peak = 1414.074 ; gain = 181.895
---------------------------------------------------------------------------------
INFO: [Synth 8-6157] synthesizing module 'RF_ALU_FSM_top' [C:/Users/ai09884/Downloads/project_1/project_1/project_1.srcs/sources_1/new/RF_ALU_FSM_top.v:2]
	Parameter CNT_MAX bound to: 28'b0010111110101111000010000000 
	Parameter S_IDLE bound to: 4'b0000 
	Parameter S_W_X1 bound to: 4'b0001 
	Parameter S_W_X2 bound to: 4'b0010 
	Parameter S_W_X3 bound to: 4'b0011 
	Parameter S_READ bound to: 4'b0100 
	Parameter S_WRES bound to: 4'b0101 
	Parameter S_DONE bound to: 4'b0110 
	Parameter CONST_A bound to: 269488144 - type: integer 
	Parameter CONST_B bound to: 16843009 - type: integer 
	Parameter CONST_S bound to: 5 - type: integer 
INFO: [Synth 8-6157] synthesizing module 'debounce' [C:/Users/ai09884/Downloads/project_1/project_1/project_1.srcs/sources_1/new/RF_ALU_FSM_top.v:172]
	Parameter DB_CNT bound to: 20 - type: integer 
INFO: [Synth 8-6155] done synthesizing module 'debounce' (1#1) [C:/Users/ai09884/Downloads/project_1/project_1/project_1.srcs/sources_1/new/RF_ALU_FSM_top.v:172]
INFO: [Synth 8-6157] synthesizing module 'edge_detect' [C:/Users/ai09884/Downloads/project_1/project_1/project_1.srcs/sources_1/new/RF_ALU_FSM_top.v:189]
INFO: [Synth 8-6155] done synthesizing module 'edge_detect' (2#1) [C:/Users/ai09884/Downloads/project_1/project_1/project_1.srcs/sources_1/new/RF_ALU_FSM_top.v:189]
INFO: [Synth 8-6157] synthesizing module 'RegisterFile' [C:/Users/ai09884/Downloads/project_1/project_1/project_1.srcs/sources_1/new/RegisterFile.v:23]
INFO: [Synth 8-6155] done synthesizing module 'RegisterFile' (3#1) [C:/Users/ai09884/Downloads/project_1/project_1/project_1.srcs/sources_1/new/RegisterFile.v:23]
INFO: [Synth 8-6157] synthesizing module 'ALU' [C:/Users/ai09884/Downloads/project_1/project_1/project_1.srcs/sources_1/new/ALU.v:2]
	Parameter AND_OP bound to: 4'b0000 
	Parameter OR_OP bound to: 4'b0001 
	Parameter ADD_OP bound to: 4'b0010 
	Parameter SUB_OP bound to: 4'b0110 
	Parameter XOR_OP bound to: 4'b0100 
	Parameter SLL_OP bound to: 4'b1000 
	Parameter SRL_OP bound to: 4'b1001 
INFO: [Synth 8-6157] synthesizing module 'FullAdder' [C:/Users/ai09884/Downloads/project_1/project_1/project_1.srcs/sources_1/new/ripple_adder.v:2]
INFO: [Synth 8-6155] done synthesizing module 'FullAdder' (4#1) [C:/Users/ai09884/Downloads/project_1/project_1/project_1.srcs/sources_1/new/ripple_adder.v:2]
INFO: [Synth 8-6155] done synthesizing module 'ALU' (5#1) [C:/Users/ai09884/Downloads/project_1/project_1/project_1.srcs/sources_1/new/ALU.v:2]
INFO: [Synth 8-6155] done synthesizing module 'RF_ALU_FSM_top' (6#1) [C:/Users/ai09884/Downloads/project_1/project_1/project_1.srcs/sources_1/new/RF_ALU_FSM_top.v:2]
---------------------------------------------------------------------------------
Finished RTL Elaboration : Time (s): cpu = 00:00:03 ; elapsed = 00:00:03 . Memory (MB): peak = 1460.297 ; gain = 228.117
---------------------------------------------------------------------------------
---------------------------------------------------------------------------------
Start Handling Custom Attributes
---------------------------------------------------------------------------------
---------------------------------------------------------------------------------
Finished Handling Custom Attributes : Time (s): cpu = 00:00:03 ; elapsed = 00:00:03 . Memory (MB): peak = 1460.297 ; gain = 228.117
---------------------------------------------------------------------------------
---------------------------------------------------------------------------------
Finished RTL Optimization Phase 1 : Time (s): cpu = 00:00:03 ; elapsed = 00:00:03 . Memory (MB): peak = 1460.297 ; gain = 228.117
---------------------------------------------------------------------------------
Netlist sorting complete. Time (s): cpu = 00:00:00 ; elapsed = 00:00:00.010 . Memory (MB): peak = 1460.297 ; gain = 0.000
INFO: [Project 1-570] Preparing netlist for logic optimization

Processing XDC Constraints
Initializing timing engine
Completed Processing XDC Constraints

INFO: [Opt 31-138] Pushed 0 inverter(s) to 0 load pin(s).
Netlist sorting complete. Time (s): cpu = 00:00:00 ; elapsed = 00:00:00.001 . Memory (MB): peak = 1576.805 ; gain = 0.000
INFO: [Project 1-111] Unisim Transformation Summary:
No Unisim elements were transformed.

RTL Elaboration Complete:  : Time (s): cpu = 00:00:08 ; elapsed = 00:00:06 . Memory (MB): peak = 1622.414 ; gain = 390.234
16 Infos, 1 Warnings, 0 Critical Warnings and 0 Errors encountered.
synth_design completed successfully
synth_design: Time (s): cpu = 00:00:10 ; elapsed = 00:00:09 . Memory (MB): peak = 1622.414 ; gain = 390.234
exit
INFO: [Common 17-206] Exiting Vivado at Thu Mar 12 13:42:44 2026...
