#-----------------------------------------------------------
# Vivado v2020.1 (64-bit)
# SW Build 2902540 on Wed May 27 19:54:49 MDT 2020
# IP Build 2902112 on Wed May 27 22:43:36 MDT 2020
# Start of session at: Mon Mar 16 14:53:53 2026
# Process ID: 23308
# Current directory: C:/Users/ea09904/Downloads/lab08 final/lab08/project_1/project_1
# Command line: vivado.exe -gui_launcher_event rodinguilauncherevent27544 C:\Users\ea09904\Downloads\lab08 final\lab08\project_1\project_1\project_1.xpr
# Log file: C:/Users/ea09904/Downloads/lab08 final/lab08/project_1/project_1/vivado.log
# Journal file: C:/Users/ea09904/Downloads/lab08 final/lab08/project_1/project_1\vivado.jou
#-----------------------------------------------------------
start_gui
open_project {C:/Users/ea09904/Downloads/lab08 final/lab08/project_1/project_1/project_1.xpr}
INFO: [Project 1-313] Project file moved from 'C:/Users/ai09884/Downloads/lab08/project_1/project_1' since last save.
Scanning sources...
Finished scanning sources
INFO: [IP_Flow 19-234] Refreshing IP repositories
INFO: [IP_Flow 19-1704] No user IP repositories specified
INFO: [IP_Flow 19-2313] Loaded Vivado IP repository 'C:/Xilinx/Vivado/2020.1/data/ip'.
update_compile_order -fileset sources_1
reset_run synth_1
launch_runs synth_1 -jobs 10
WARNING: [HDL 9-3756] overwriting previous definition of module 'FPGATop' [C:/Users/ea09904/Downloads/lab08 final/lab08/project_1/project_1/project_1.srcs/sources_1/new/FPGA_top.v:208]
[Mon Mar 16 15:41:26 2026] Launched synth_1...
Run output will be captured here: C:/Users/ea09904/Downloads/lab08 final/lab08/project_1/project_1/project_1.runs/synth_1/runme.log
launch_runs impl_1 -jobs 10
[Mon Mar 16 15:42:44 2026] Launched impl_1...
Run output will be captured here: C:/Users/ea09904/Downloads/lab08 final/lab08/project_1/project_1/project_1.runs/impl_1/runme.log
launch_runs impl_1 -to_step write_bitstream -jobs 10
[Mon Mar 16 15:44:34 2026] Launched impl_1...
Run output will be captured here: C:/Users/ea09904/Downloads/lab08 final/lab08/project_1/project_1/project_1.runs/impl_1/runme.log
open_run impl_1
INFO: [Device 21-403] Loading part xc7a35tcpg236-1
Netlist sorting complete. Time (s): cpu = 00:00:00 ; elapsed = 00:00:00.030 . Memory (MB): peak = 1170.855 ; gain = 0.000
INFO: [Netlist 29-17] Analyzing 800 Unisim elements for replacement
INFO: [Netlist 29-28] Unisim Transformation completed in 0 CPU seconds
INFO: [Project 1-479] Netlist was created with Vivado 2020.1
INFO: [Project 1-570] Preparing netlist for logic optimization
INFO: [Timing 38-478] Restoring timing data from binary archive.
INFO: [Timing 38-479] Binary timing data restore complete.
INFO: [Project 1-856] Restoring constraints from binary archive.
INFO: [Project 1-853] Binary constraint restore complete.
Reading XDEF placement.
Reading placer database...
Reading XDEF routing.
Read XDEF File: Time (s): cpu = 00:00:01 ; elapsed = 00:00:00.264 . Memory (MB): peak = 1871.027 ; gain = 0.000
Restored from archive | CPU: 1.000000 secs | Memory: 0.000000 MB |
Finished XDEF File Restore: Time (s): cpu = 00:00:01 ; elapsed = 00:00:00.264 . Memory (MB): peak = 1871.027 ; gain = 0.000
Netlist sorting complete. Time (s): cpu = 00:00:00 ; elapsed = 00:00:00 . Memory (MB): peak = 1871.027 ; gain = 0.000
INFO: [Project 1-111] Unisim Transformation Summary:
No Unisim elements were transformed.

open_run: Time (s): cpu = 00:00:16 ; elapsed = 00:00:14 . Memory (MB): peak = 2045.254 ; gain = 1016.250
open_hw_manager
connect_hw_server -allow_non_jtag
INFO: [Labtools 27-2285] Connecting to hw_server url TCP:localhost:3121
INFO: [Labtools 27-2222] Launching hw_server...
INFO: [Labtools 27-2221] Launch Output:

****** Xilinx hw_server v2020.1
  **** Build date : May 27 2020 at 20:24:38
    ** Copyright 1986-2020 Xilinx, Inc. All Rights Reserved.


INFO: [Labtools 27-3415] Connecting to cs_server url TCP:localhost:3042
INFO: [Labtools 27-3417] Launching cs_server...
INFO: [Labtools 27-2221] Launch Output:


****** Xilinx cs_server v2020.1.0
  **** Build date : May 14 2020-06:10:29
    ** Copyright 2017-2020 Xilinx, Inc. All Rights Reserved.



connect_hw_server: Time (s): cpu = 00:00:00 ; elapsed = 00:00:10 . Memory (MB): peak = 2082.594 ; gain = 6.324
open_hw_target
INFO: [Labtoolstcl 44-466] Opening hw_target localhost:3121/xilinx_tcf/Digilent/210183AF3031A
set_property PROGRAM.FILE {C:/Users/ea09904/Downloads/lab08 final/lab08/project_1/project_1/project_1.runs/impl_1/FPGATop.bit} [get_hw_devices xc7a35t_0]
current_hw_device [get_hw_devices xc7a35t_0]
refresh_hw_device -update_hw_probes false [lindex [get_hw_devices xc7a35t_0] 0]
INFO: [Labtools 27-1434] Device xc7a35t (JTAG device index = 0) is programmed with a design that has no supported debug core(s) in it.
set_property PROBES.FILE {} [get_hw_devices xc7a35t_0]
set_property FULL_PROBES.FILE {} [get_hw_devices xc7a35t_0]
set_property PROGRAM.FILE {C:/Users/ea09904/Downloads/lab08 final/lab08/project_1/project_1/project_1.runs/impl_1/FPGATop.bit} [get_hw_devices xc7a35t_0]
program_hw_devices [get_hw_devices xc7a35t_0]
INFO: [Labtools 27-3164] End of startup status: HIGH
refresh_hw_device [lindex [get_hw_devices xc7a35t_0] 0]
INFO: [Labtools 27-1434] Device xc7a35t (JTAG device index = 0) is programmed with a design that has no supported debug core(s) in it.
set_property PROBES.FILE {} [get_hw_devices xc7a35t_0]
set_property FULL_PROBES.FILE {} [get_hw_devices xc7a35t_0]
set_property PROGRAM.FILE {C:/Users/ea09904/Downloads/lab08 final/lab08/project_1/project_1/project_1.runs/impl_1/FPGATop.bit} [get_hw_devices xc7a35t_0]
program_hw_devices [get_hw_devices xc7a35t_0]
INFO: [Labtools 27-3164] End of startup status: HIGH
refresh_hw_device [lindex [get_hw_devices xc7a35t_0] 0]
INFO: [Labtools 27-1434] Device xc7a35t (JTAG device index = 0) is programmed with a design that has no supported debug core(s) in it.
close_hw_manager
close_design
launch_simulation
Command: launch_simulation 
INFO: [Vivado 12-5682] Launching behavioral simulation in 'C:/Users/ea09904/Downloads/lab08 final/lab08/project_1/project_1/project_1.sim/sim_1/behav/xsim'
INFO: [SIM-utils-51] Simulation object is 'sim_1'
INFO: [SIM-utils-54] Inspecting design source files for 'Memorysystemtb' in fileset 'sim_1'...
INFO: [USF-XSim-97] Finding global include files...
INFO: [USF-XSim-98] Fetching design files from 'sim_1'...
INFO: [USF-XSim-2] XSim::Compile design
INFO: [USF-XSim-61] Executing 'COMPILE and ANALYZE' step in 'C:/Users/ea09904/Downloads/lab08 final/lab08/project_1/project_1/project_1.sim/sim_1/behav/xsim'
"xvlog --incr --relax -prj Memorysystemtb_vlog.prj"
INFO: [VRFC 10-2263] Analyzing Verilog file "C:/Users/ea09904/Downloads/lab08 final/lab08/project_1/project_1/project_1.srcs/sources_1/new/AddressDecoder.v" into library xil_defaultlib
INFO: [VRFC 10-311] analyzing module AddressDecoder
INFO: [VRFC 10-2263] Analyzing Verilog file "C:/Users/ea09904/Downloads/lab08 final/lab08/project_1/project_1/project_1.srcs/sources_1/new/AddressDecoderTop.v" into library xil_defaultlib
INFO: [VRFC 10-311] analyzing module addressDecoderTop
INFO: [VRFC 10-2263] Analyzing Verilog file "C:/Users/ea09904/Downloads/lab08 final/lab08/project_1/project_1/project_1.srcs/sources_1/new/DataMemory.v" into library xil_defaultlib
INFO: [VRFC 10-311] analyzing module DataMemory
INFO: [VRFC 10-2263] Analyzing Verilog file "C:/Users/ea09904/Downloads/lab08 final/lab08/project_1/project_1/project_1.srcs/sources_1/new/LEDModule.v" into library xil_defaultlib
INFO: [VRFC 10-311] analyzing module LEDModule
INFO: [VRFC 10-2263] Analyzing Verilog file "C:/Users/ea09904/Downloads/lab08 final/lab08/project_1/project_1/project_1.srcs/sim_1/new/Memorysystemtb.v" into library xil_defaultlib
INFO: [VRFC 10-311] analyzing module Memorysystemtb
INFO: [VRFC 10-2263] Analyzing Verilog file "C:/Users/ea09904/Downloads/lab08 final/lab08/project_1/project_1/project_1.sim/sim_1/behav/xsim/glbl.v" into library xil_defaultlib
INFO: [VRFC 10-311] analyzing module glbl
INFO: [USF-XSim-69] 'compile' step finished in '2' seconds
INFO: [USF-XSim-3] XSim::Elaborate design
INFO: [USF-XSim-61] Executing 'ELABORATE' step in 'C:/Users/ea09904/Downloads/lab08 final/lab08/project_1/project_1/project_1.sim/sim_1/behav/xsim'
"xelab -wto e06c3f27ce284bc692c721b50233b5bd --incr --debug typical --relax --mt 2 -L xil_defaultlib -L unisims_ver -L unimacro_ver -L secureip --snapshot Memorysystemtb_behav xil_defaultlib.Memorysystemtb xil_defaultlib.glbl -log elaborate.log"
Vivado Simulator 2020.1
Copyright 1986-1999, 2001-2020 Xilinx, Inc. All Rights Reserved.
Running: C:/Xilinx/Vivado/2020.1/bin/unwrapped/win64.o/xelab.exe -wto e06c3f27ce284bc692c721b50233b5bd --incr --debug typical --relax --mt 2 -L xil_defaultlib -L unisims_ver -L unimacro_ver -L secureip --snapshot Memorysystemtb_behav xil_defaultlib.Memorysystemtb xil_defaultlib.glbl -log elaborate.log 
Using 2 slave threads.
Starting static elaboration
Pass Through NonSizing Optimizer
Completed static elaboration
Starting simulation data flow analysis
WARNING: [XSIM 43-4099] "C:/Users/ea09904/Downloads/lab08 final/lab08/project_1/project_1/project_1.srcs/sources_1/new/AddressDecoderTop.v" Line 1. Module addressDecoderTop doesn't have a timescale but at least one module in design has a timescale.
WARNING: [XSIM 43-4099] "C:/Users/ea09904/Downloads/lab08 final/lab08/project_1/project_1/project_1.srcs/sources_1/new/AddressDecoder.v" Line 1. Module AddressDecoder doesn't have a timescale but at least one module in design has a timescale.
WARNING: [XSIM 43-4099] "C:/Users/ea09904/Downloads/lab08 final/lab08/project_1/project_1/project_1.srcs/sources_1/new/DataMemory.v" Line 1. Module DataMemory doesn't have a timescale but at least one module in design has a timescale.
WARNING: [XSIM 43-4099] "C:/Users/ea09904/Downloads/lab08 final/lab08/project_1/project_1/project_1.srcs/sources_1/new/AddressDecoderTop.v" Line 1. Module addressDecoderTop doesn't have a timescale but at least one module in design has a timescale.
WARNING: [XSIM 43-4099] "C:/Users/ea09904/Downloads/lab08 final/lab08/project_1/project_1/project_1.srcs/sources_1/new/AddressDecoder.v" Line 1. Module AddressDecoder doesn't have a timescale but at least one module in design has a timescale.
WARNING: [XSIM 43-4099] "C:/Users/ea09904/Downloads/lab08 final/lab08/project_1/project_1/project_1.srcs/sources_1/new/DataMemory.v" Line 1. Module DataMemory doesn't have a timescale but at least one module in design has a timescale.
Completed simulation data flow analysis
Time Resolution for simulation is 1ps
Compiling module xil_defaultlib.AddressDecoder
Compiling module xil_defaultlib.DataMemory
Compiling module xil_defaultlib.LEDModule
Compiling module xil_defaultlib.addressDecoderTop
Compiling module xil_defaultlib.Memorysystemtb
Compiling module xil_defaultlib.glbl
Built simulation snapshot Memorysystemtb_behav

****** Webtalk v2020.1 (64-bit)
  **** SW Build 2902540 on Wed May 27 19:54:49 MDT 2020
  **** IP Build 2902112 on Wed May 27 22:43:36 MDT 2020
    ** Copyright 1986-2020 Xilinx, Inc. All Rights Reserved.

source C:/Users/ea09904/Downloads/lab08 -notrace
invalid command name "%"
    while executing
"% Total    % Received % Xferd  Average Speed   Time    Time     Time  Current"
    (file "C:/Users/ea09904/Downloads/lab08" line 1)
INFO: [Common 17-206] Exiting Webtalk at Mon Mar 16 16:06:19 2026...
run_program: Time (s): cpu = 00:00:00 ; elapsed = 00:00:05 . Memory (MB): peak = 3670.684 ; gain = 0.000
INFO: [USF-XSim-69] 'elaborate' step finished in '5' seconds
INFO: [USF-XSim-4] XSim::Simulate design
INFO: [USF-XSim-61] Executing 'SIMULATE' step in 'C:/Users/ea09904/Downloads/lab08 final/lab08/project_1/project_1/project_1.sim/sim_1/behav/xsim'
INFO: [USF-XSim-98] *** Running xsim
   with args "Memorysystemtb_behav -key {Behavioral:sim_1:Functional:Memorysystemtb} -tclbatch {Memorysystemtb.tcl} -log {simulate.log}"
INFO: [USF-XSim-8] Loading simulator feature
Vivado Simulator 2020.1
Time resolution is 1 ps
source Memorysystemtb.tcl
# set curr_wave [current_wave_config]
# if { [string length $curr_wave] == 0 } {
#   if { [llength [get_objects]] > 0} {
#     add_wave /
#     set_property needs_save false [current_wave_config]
#   } else {
#      send_msg_id Add_Wave-1 WARNING "No top level signals found. Simulator will start without a wave window. If you want to open a wave window go to 'File->New Waveform Configuration' or type 'create_wave_config' in the TCL console."
#   }
# }
# run 1000ns
============================================
       MEMORY SYSTEM TESTBENCH START       
============================================

--- TEST GROUP 1: Data Memory Writes & Reads ---
T1a: Wrote 0xDEADBEEF to addr 0x00A
T1b: PASS - readData = 0xdeadbeef (expected 0xDEADBEEF)
T1c: Wrote 0x12345678 to addr 0x001
T1d: PASS - readData = 0x12345678 (expected 0x12345678)
T1e: PASS - addr 0x00A still holds 0xDEADBEEF after write to 0x001
T1f: FAIL - last memory location 0x1FF = 0x00000000 (expected 0xCAFEBABE)

--- TEST GROUP 2: LED Peripheral Writes ---
T2a: PASS - LEDs = 0x00ff (expected 0x00FF)
T2b: PASS - LEDs = 0xaaaa (expected 0xAAAA)
T2c: PASS - LEDs = 0x5555 (expected 0x5555)
T2d: PASS - Data Memory unaffected by LED write, addr 0x00A = 0xdeadbeef

--- TEST GROUP 3: Switch Peripheral Reads ---
T3a: PASS - readData[15:0] = 0xabcd (expected 0xABCD)
T3b: PASS - readData[15:0] = 0x1234 (expected 0x1234)
T3c: PASS - LEDs unaffected by switch read, leds = 0x5555

--- TEST GROUP 4: Decoder Isolation ---
T4a: PASS - LED write did not bleed into Data Memory (addr 0x005 = 0xxxxxxxxx)
T4b: PASS - readData = 0 when no enable asserted

--- TEST GROUP 5: Reset ---
T5a: PASS - LEDs cleared after reset (leds = 0x0000)

============================================
  RESULTS: 13 PASSED  |  1 FAILED
============================================

SOME TESTS FAILED - check waveforms
$finish called at time : 236 ns : File "C:/Users/ea09904/Downloads/lab08 final/lab08/project_1/project_1/project_1.srcs/sim_1/new/Memorysystemtb.v" Line 326
INFO: [USF-XSim-96] XSim completed. Design snapshot 'Memorysystemtb_behav' loaded.
INFO: [USF-XSim-97] XSim simulation ran for 1000ns
launch_simulation: Time (s): cpu = 00:00:05 ; elapsed = 00:00:12 . Memory (MB): peak = 3670.684 ; gain = 0.000
close_sim
INFO: [Simtcl 6-16] Simulation closed
launch_simulation
Command: launch_simulation 
INFO: [Vivado 12-5682] Launching behavioral simulation in 'C:/Users/ea09904/Downloads/lab08 final/lab08/project_1/project_1/project_1.sim/sim_1/behav/xsim'
INFO: [SIM-utils-51] Simulation object is 'sim_1'
INFO: [SIM-utils-54] Inspecting design source files for 'Memorysystemtb' in fileset 'sim_1'...
INFO: [USF-XSim-97] Finding global include files...
INFO: [USF-XSim-98] Fetching design files from 'sim_1'...
INFO: [USF-XSim-2] XSim::Compile design
INFO: [USF-XSim-61] Executing 'COMPILE and ANALYZE' step in 'C:/Users/ea09904/Downloads/lab08 final/lab08/project_1/project_1/project_1.sim/sim_1/behav/xsim'
"xvlog --incr --relax -prj Memorysystemtb_vlog.prj"
INFO: [VRFC 10-2263] Analyzing Verilog file "C:/Users/ea09904/Downloads/lab08 final/lab08/project_1/project_1/project_1.srcs/sources_1/new/AddressDecoder.v" into library xil_defaultlib
INFO: [VRFC 10-311] analyzing module AddressDecoder
INFO: [VRFC 10-2263] Analyzing Verilog file "C:/Users/ea09904/Downloads/lab08 final/lab08/project_1/project_1/project_1.srcs/sources_1/new/AddressDecoderTop.v" into library xil_defaultlib
INFO: [VRFC 10-311] analyzing module addressDecoderTop
INFO: [VRFC 10-2263] Analyzing Verilog file "C:/Users/ea09904/Downloads/lab08 final/lab08/project_1/project_1/project_1.srcs/sources_1/new/DataMemory.v" into library xil_defaultlib
INFO: [VRFC 10-311] analyzing module DataMemory
INFO: [VRFC 10-2263] Analyzing Verilog file "C:/Users/ea09904/Downloads/lab08 final/lab08/project_1/project_1/project_1.srcs/sources_1/new/LEDModule.v" into library xil_defaultlib
INFO: [VRFC 10-311] analyzing module LEDModule
INFO: [VRFC 10-2263] Analyzing Verilog file "C:/Users/ea09904/Downloads/lab08 final/lab08/project_1/project_1/project_1.srcs/sim_1/new/Memorysystemtb.v" into library xil_defaultlib
INFO: [VRFC 10-311] analyzing module Memorysystemtb
INFO: [USF-XSim-69] 'compile' step finished in '2' seconds
INFO: [USF-XSim-3] XSim::Elaborate design
INFO: [USF-XSim-61] Executing 'ELABORATE' step in 'C:/Users/ea09904/Downloads/lab08 final/lab08/project_1/project_1/project_1.sim/sim_1/behav/xsim'
INFO: [Common 17-41] Interrupt caught. Command should exit soon.
"xelab -wto e06c3f27ce284bc692c721b50233b5bd --incr --debug typical --relax --mt 2 -L xil_defaultlib -L unisims_ver -L unimacro_ver -L secureip --snapshot Memorysystemtb_behav xil_defaultlib.Memorysystemtb xil_defaultlib.glbl -log elaborate.log"
Vivado Simulator 2020.1
Copyright 1986-1999, 2001-2020 Xilinx, Inc. All Rights Reserved.
Running: C:/Xilinx/Vivado/2020.1/bin/unwrapped/win64.o/xelab.exe -wto e06c3f27ce284bc692c721b50233b5bd --incr --debug typical --relax --mt 2 -L xil_defaultlib -L unisims_ver -L unimacro_ver -L secureip --snapshot Memorysystemtb_behav xil_defaultlib.Memorysystemtb xil_defaultlib.glbl -log elaborate.log 
Using 2 slave threads.
Starting static elaboration
Pass Through NonSizing Optimizer
Completed static elaboration
Starting simulation data flow analysis
WARNING: [XSIM 43-4099] "C:/Users/ea09904/Downloads/lab08 final/lab08/project_1/project_1/project_1.srcs/sources_1/new/AddressDecoderTop.v" Line 1. Module addressDecoderTop doesn't have a timescale but at least one module in design has a timescale.
WARNING: [XSIM 43-4099] "C:/Users/ea09904/Downloads/lab08 final/lab08/project_1/project_1/project_1.srcs/sources_1/new/AddressDecoder.v" Line 1. Module AddressDecoder doesn't have a timescale but at least one module in design has a timescale.
WARNING: [XSIM 43-4099] "C:/Users/ea09904/Downloads/lab08 final/lab08/project_1/project_1/project_1.srcs/sources_1/new/DataMemory.v" Line 1. Module DataMemory doesn't have a timescale but at least one module in design has a timescale.
WARNING: [XSIM 43-4099] "C:/Users/ea09904/Downloads/lab08 final/lab08/project_1/project_1/project_1.srcs/sources_1/new/AddressDecoderTop.v" Line 1. Module addressDecoderTop doesn't have a timescale but at least one module in design has a timescale.
WARNING: [XSIM 43-4099] "C:/Users/ea09904/Downloads/lab08 final/lab08/project_1/project_1/project_1.srcs/sources_1/new/AddressDecoder.v" Line 1. Module AddressDecoder doesn't have a timescale but at least one module in design has a timescale.
WARNING: [XSIM 43-4099] "C:/Users/ea09904/Downloads/lab08 final/lab08/project_1/project_1/project_1.srcs/sources_1/new/DataMemory.v" Line 1. Module DataMemory doesn't have a timescale but at least one module in design has a timescale.
Completed simulation data flow analysis
Time Resolution for simulation is 1ps
Compiling module xil_defaultlib.AddressDecoder
Compiling module xil_defaultlib.DataMemory
Compiling module xil_defaultlib.LEDModule
Compiling module xil_defaultlib.addressDecoderTop
Compiling module xil_defaultlib.Memorysystemtb
Compiling module xil_defaultlib.glbl
Built simulation snapshot Memorysystemtb_behav
INFO: [Common 17-344] 'run_program' was cancelled
INFO: [Vivado 12-5357] 'elaborate' step aborted
launch_simulation: Time (s): cpu = 00:00:01 ; elapsed = 00:00:06 . Memory (MB): peak = 3670.684 ; gain = 0.000
INFO: [Common 17-344] 'launch_simulation' was cancelled
launch_simulation
Command: launch_simulation 
INFO: [Vivado 12-5682] Launching behavioral simulation in 'C:/Users/ea09904/Downloads/lab08 final/lab08/project_1/project_1/project_1.sim/sim_1/behav/xsim'
INFO: [SIM-utils-51] Simulation object is 'sim_1'
INFO: [SIM-utils-54] Inspecting design source files for 'Memorysystemtb' in fileset 'sim_1'...
INFO: [USF-XSim-97] Finding global include files...
INFO: [USF-XSim-98] Fetching design files from 'sim_1'...
INFO: [USF-XSim-2] XSim::Compile design
INFO: [USF-XSim-61] Executing 'COMPILE and ANALYZE' step in 'C:/Users/ea09904/Downloads/lab08 final/lab08/project_1/project_1/project_1.sim/sim_1/behav/xsim'
"xvlog --incr --relax -prj Memorysystemtb_vlog.prj"
INFO: [USF-XSim-69] 'compile' step finished in '1' seconds
INFO: [USF-XSim-3] XSim::Elaborate design
INFO: [USF-XSim-61] Executing 'ELABORATE' step in 'C:/Users/ea09904/Downloads/lab08 final/lab08/project_1/project_1/project_1.sim/sim_1/behav/xsim'
"xelab -wto e06c3f27ce284bc692c721b50233b5bd --incr --debug typical --relax --mt 2 -L xil_defaultlib -L unisims_ver -L unimacro_ver -L secureip --snapshot Memorysystemtb_behav xil_defaultlib.Memorysystemtb xil_defaultlib.glbl -log elaborate.log"
Vivado Simulator 2020.1
Copyright 1986-1999, 2001-2020 Xilinx, Inc. All Rights Reserved.
Running: C:/Xilinx/Vivado/2020.1/bin/unwrapped/win64.o/xelab.exe -wto e06c3f27ce284bc692c721b50233b5bd --incr --debug typical --relax --mt 2 -L xil_defaultlib -L unisims_ver -L unimacro_ver -L secureip --snapshot Memorysystemtb_behav xil_defaultlib.Memorysystemtb xil_defaultlib.glbl -log elaborate.log 
Using 2 slave threads.
Starting static elaboration
Pass Through NonSizing Optimizer
Completed static elaboration
INFO: [XSIM 43-4323] No Change in HDL. Linking previously generated obj files to create kernel
INFO: [USF-XSim-69] 'elaborate' step finished in '2' seconds
INFO: [USF-XSim-4] XSim::Simulate design
INFO: [USF-XSim-61] Executing 'SIMULATE' step in 'C:/Users/ea09904/Downloads/lab08 final/lab08/project_1/project_1/project_1.sim/sim_1/behav/xsim'
INFO: [USF-XSim-98] *** Running xsim
   with args "Memorysystemtb_behav -key {Behavioral:sim_1:Functional:Memorysystemtb} -tclbatch {Memorysystemtb.tcl} -log {simulate.log}"
INFO: [USF-XSim-8] Loading simulator feature
Vivado Simulator 2020.1
Time resolution is 1 ps
source Memorysystemtb.tcl
# set curr_wave [current_wave_config]
# if { [string length $curr_wave] == 0 } {
#   if { [llength [get_objects]] > 0} {
#     add_wave /
#     set_property needs_save false [current_wave_config]
#   } else {
#      send_msg_id Add_Wave-1 WARNING "No top level signals found. Simulator will start without a wave window. If you want to open a wave window go to 'File->New Waveform Configuration' or type 'create_wave_config' in the TCL console."
#   }
# }
# run 1000ns
============================================
       MEMORY SYSTEM TESTBENCH START       
============================================

--- TEST GROUP 1: Data Memory Writes & Reads ---
T1a: Wrote 0xDEADBEEF to addr 0x00A
T1b: PASS - readData = 0xdeadbeef (expected 0xDEADBEEF)
T1c: Wrote 0x12345678 to addr 0x001
T1d: PASS - readData = 0x12345678 (expected 0x12345678)
T1e: PASS - addr 0x00A still holds 0xDEADBEEF after write to 0x001
T1f: FAIL - last memory location 0x1FF = 0x00000000 (expected 0xCAFEBABE)

--- TEST GROUP 2: LED Peripheral Writes ---
T2a: PASS - LEDs = 0x00ff (expected 0x00FF)
T2b: PASS - LEDs = 0xaaaa (expected 0xAAAA)
T2c: PASS - LEDs = 0x5555 (expected 0x5555)
T2d: PASS - Data Memory unaffected by LED write, addr 0x00A = 0xdeadbeef

--- TEST GROUP 3: Switch Peripheral Reads ---
T3a: PASS - readData[15:0] = 0xabcd (expected 0xABCD)
T3b: PASS - readData[15:0] = 0x1234 (expected 0x1234)
T3c: PASS - LEDs unaffected by switch read, leds = 0x5555

--- TEST GROUP 4: Decoder Isolation ---
T4a: PASS - LED write did not bleed into Data Memory (addr 0x005 = 0xxxxxxxxx)
T4b: PASS - readData = 0 when no enable asserted

--- TEST GROUP 5: Reset ---
T5a: PASS - LEDs cleared after reset (leds = 0x0000)

============================================
  RESULTS: 13 PASSED  |  1 FAILED
============================================

SOME TESTS FAILED - check waveforms
$finish called at time : 236 ns : File "C:/Users/ea09904/Downloads/lab08 final/lab08/project_1/project_1/project_1.srcs/sim_1/new/Memorysystemtb.v" Line 324
INFO: [USF-XSim-96] XSim completed. Design snapshot 'Memorysystemtb_behav' loaded.
INFO: [USF-XSim-97] XSim simulation ran for 1000ns
launch_simulation: Time (s): cpu = 00:00:04 ; elapsed = 00:00:06 . Memory (MB): peak = 3670.684 ; gain = 0.000
current_wave_config {Untitled 2}
Untitled 2
add_wave {{/Memorysystemtb/dut/dmem/mem}} 
relaunch_sim
Command: launch_simulation -simset sim_1 -mode behavioral
INFO: [Vivado 12-5682] Launching behavioral simulation in 'C:/Users/ea09904/Downloads/lab08 final/lab08/project_1/project_1/project_1.sim/sim_1/behav/xsim'
INFO: [SIM-utils-51] Simulation object is 'sim_1'
INFO: [SIM-utils-54] Inspecting design source files for 'Memorysystemtb' in fileset 'sim_1'...
INFO: [USF-XSim-97] Finding global include files...
INFO: [USF-XSim-98] Fetching design files from 'sim_1'...
INFO: [USF-XSim-2] XSim::Compile design
INFO: [USF-XSim-61] Executing 'COMPILE and ANALYZE' step in 'C:/Users/ea09904/Downloads/lab08 final/lab08/project_1/project_1/project_1.sim/sim_1/behav/xsim'
"xvlog --incr --relax -prj Memorysystemtb_vlog.prj"
INFO: [USF-XSim-69] 'compile' step finished in '1' seconds
Command: launch_simulation -simset sim_1 -mode behavioral
INFO: [Vivado 12-5682] Launching behavioral simulation in 'C:/Users/ea09904/Downloads/lab08 final/lab08/project_1/project_1/project_1.sim/sim_1/behav/xsim'
INFO: [USF-XSim-3] XSim::Elaborate design
INFO: [USF-XSim-61] Executing 'ELABORATE' step in 'C:/Users/ea09904/Downloads/lab08 final/lab08/project_1/project_1/project_1.sim/sim_1/behav/xsim'
"xelab -wto e06c3f27ce284bc692c721b50233b5bd --incr --debug typical --relax --mt 2 -L xil_defaultlib -L unisims_ver -L unimacro_ver -L secureip --snapshot Memorysystemtb_behav xil_defaultlib.Memorysystemtb xil_defaultlib.glbl -log elaborate.log"
Vivado Simulator 2020.1
Copyright 1986-1999, 2001-2020 Xilinx, Inc. All Rights Reserved.
Running: C:/Xilinx/Vivado/2020.1/bin/unwrapped/win64.o/xelab.exe -wto e06c3f27ce284bc692c721b50233b5bd --incr --debug typical --relax --mt 2 -L xil_defaultlib -L unisims_ver -L unimacro_ver -L secureip --snapshot Memorysystemtb_behav xil_defaultlib.Memorysystemtb xil_defaultlib.glbl -log elaborate.log 
Using 2 slave threads.
Starting static elaboration
Pass Through NonSizing Optimizer
Completed static elaboration
INFO: [XSIM 43-4323] No Change in HDL. Linking previously generated obj files to create kernel
INFO: [USF-XSim-69] 'elaborate' step finished in '2' seconds
Vivado Simulator 2020.1
Time resolution is 1 ps
============================================
       MEMORY SYSTEM TESTBENCH START       
============================================

--- TEST GROUP 1: Data Memory Writes & Reads ---
T1a: Wrote 0xDEADBEEF to addr 0x00A
T1b: PASS - readData = 0xdeadbeef (expected 0xDEADBEEF)
T1c: Wrote 0x12345678 to addr 0x001
T1d: PASS - readData = 0x12345678 (expected 0x12345678)
T1e: PASS - addr 0x00A still holds 0xDEADBEEF after write to 0x001
T1f: FAIL - last memory location 0x1FF = 0x00000000 (expected 0xCAFEBABE)

--- TEST GROUP 2: LED Peripheral Writes ---
T2a: PASS - LEDs = 0x00ff (expected 0x00FF)
T2b: PASS - LEDs = 0xaaaa (expected 0xAAAA)
T2c: PASS - LEDs = 0x5555 (expected 0x5555)
T2d: PASS - Data Memory unaffected by LED write, addr 0x00A = 0xdeadbeef

--- TEST GROUP 3: Switch Peripheral Reads ---
T3a: PASS - readData[15:0] = 0xabcd (expected 0xABCD)
T3b: PASS - readData[15:0] = 0x1234 (expected 0x1234)
T3c: PASS - LEDs unaffected by switch read, leds = 0x5555

--- TEST GROUP 4: Decoder Isolation ---
T4a: PASS - LED write did not bleed into Data Memory (addr 0x005 = 0xxxxxxxxx)
T4b: PASS - readData = 0 when no enable asserted

--- TEST GROUP 5: Reset ---
T5a: PASS - LEDs cleared after reset (leds = 0x0000)

============================================
  RESULTS: 13 PASSED  |  1 FAILED
============================================

SOME TESTS FAILED - check waveforms
$finish called at time : 236 ns : File "C:/Users/ea09904/Downloads/lab08 final/lab08/project_1/project_1/project_1.srcs/sim_1/new/Memorysystemtb.v" Line 324
relaunch_sim: Time (s): cpu = 00:00:01 ; elapsed = 00:00:06 . Memory (MB): peak = 3670.684 ; gain = 0.000
current_wave_config {Untitled 2}
Untitled 2
add_wave {{/Memorysystemtb/dut/LEDWrite}} 
current_wave_config {Untitled 2}
Untitled 2
add_wave {{/Memorysystemtb/dut/DataMemRead}} 
current_wave_config {Untitled 2}
Untitled 2
add_wave {{/Memorysystemtb/dut/SwitchRead}} 
relaunch_sim
Command: launch_simulation -simset sim_1 -mode behavioral
INFO: [Vivado 12-5682] Launching behavioral simulation in 'C:/Users/ea09904/Downloads/lab08 final/lab08/project_1/project_1/project_1.sim/sim_1/behav/xsim'
INFO: [SIM-utils-51] Simulation object is 'sim_1'
INFO: [SIM-utils-54] Inspecting design source files for 'Memorysystemtb' in fileset 'sim_1'...
INFO: [USF-XSim-97] Finding global include files...
INFO: [USF-XSim-98] Fetching design files from 'sim_1'...
INFO: [USF-XSim-2] XSim::Compile design
INFO: [USF-XSim-61] Executing 'COMPILE and ANALYZE' step in 'C:/Users/ea09904/Downloads/lab08 final/lab08/project_1/project_1/project_1.sim/sim_1/behav/xsim'
"xvlog --incr --relax -prj Memorysystemtb_vlog.prj"
INFO: [VRFC 10-2263] Analyzing Verilog file "C:/Users/ea09904/Downloads/lab08 final/lab08/project_1/project_1/project_1.srcs/sources_1/new/AddressDecoder.v" into library xil_defaultlib
INFO: [VRFC 10-311] analyzing module AddressDecoder
INFO: [VRFC 10-2263] Analyzing Verilog file "C:/Users/ea09904/Downloads/lab08 final/lab08/project_1/project_1/project_1.srcs/sources_1/new/AddressDecoderTop.v" into library xil_defaultlib
INFO: [VRFC 10-311] analyzing module addressDecoderTop
INFO: [VRFC 10-2263] Analyzing Verilog file "C:/Users/ea09904/Downloads/lab08 final/lab08/project_1/project_1/project_1.srcs/sources_1/new/DataMemory.v" into library xil_defaultlib
INFO: [VRFC 10-311] analyzing module DataMemory
INFO: [VRFC 10-2263] Analyzing Verilog file "C:/Users/ea09904/Downloads/lab08 final/lab08/project_1/project_1/project_1.srcs/sources_1/new/LEDModule.v" into library xil_defaultlib
INFO: [VRFC 10-311] analyzing module LEDModule
INFO: [VRFC 10-2263] Analyzing Verilog file "C:/Users/ea09904/Downloads/lab08 final/lab08/project_1/project_1/project_1.srcs/sim_1/new/Memorysystemtb.v" into library xil_defaultlib
INFO: [VRFC 10-311] analyzing module Memorysystemtb
INFO: [USF-XSim-69] 'compile' step finished in '1' seconds
Command: launch_simulation -simset sim_1 -mode behavioral
INFO: [Vivado 12-5682] Launching behavioral simulation in 'C:/Users/ea09904/Downloads/lab08 final/lab08/project_1/project_1/project_1.sim/sim_1/behav/xsim'
INFO: [USF-XSim-3] XSim::Elaborate design
INFO: [USF-XSim-61] Executing 'ELABORATE' step in 'C:/Users/ea09904/Downloads/lab08 final/lab08/project_1/project_1/project_1.sim/sim_1/behav/xsim'
"xelab -wto e06c3f27ce284bc692c721b50233b5bd --incr --debug typical --relax --mt 2 -L xil_defaultlib -L unisims_ver -L unimacro_ver -L secureip --snapshot Memorysystemtb_behav xil_defaultlib.Memorysystemtb xil_defaultlib.glbl -log elaborate.log"
Vivado Simulator 2020.1
Copyright 1986-1999, 2001-2020 Xilinx, Inc. All Rights Reserved.
Running: C:/Xilinx/Vivado/2020.1/bin/unwrapped/win64.o/xelab.exe -wto e06c3f27ce284bc692c721b50233b5bd --incr --debug typical --relax --mt 2 -L xil_defaultlib -L unisims_ver -L unimacro_ver -L secureip --snapshot Memorysystemtb_behav xil_defaultlib.Memorysystemtb xil_defaultlib.glbl -log elaborate.log 
Using 2 slave threads.
Starting static elaboration
Pass Through NonSizing Optimizer
Completed static elaboration
Starting simulation data flow analysis
WARNING: [XSIM 43-4099] "C:/Users/ea09904/Downloads/lab08 final/lab08/project_1/project_1/project_1.srcs/sources_1/new/AddressDecoderTop.v" Line 1. Module addressDecoderTop doesn't have a timescale but at least one module in design has a timescale.
WARNING: [XSIM 43-4099] "C:/Users/ea09904/Downloads/lab08 final/lab08/project_1/project_1/project_1.srcs/sources_1/new/AddressDecoder.v" Line 1. Module AddressDecoder doesn't have a timescale but at least one module in design has a timescale.
WARNING: [XSIM 43-4099] "C:/Users/ea09904/Downloads/lab08 final/lab08/project_1/project_1/project_1.srcs/sources_1/new/DataMemory.v" Line 1. Module DataMemory doesn't have a timescale but at least one module in design has a timescale.
WARNING: [XSIM 43-4099] "C:/Users/ea09904/Downloads/lab08 final/lab08/project_1/project_1/project_1.srcs/sources_1/new/AddressDecoderTop.v" Line 1. Module addressDecoderTop doesn't have a timescale but at least one module in design has a timescale.
WARNING: [XSIM 43-4099] "C:/Users/ea09904/Downloads/lab08 final/lab08/project_1/project_1/project_1.srcs/sources_1/new/AddressDecoder.v" Line 1. Module AddressDecoder doesn't have a timescale but at least one module in design has a timescale.
WARNING: [XSIM 43-4099] "C:/Users/ea09904/Downloads/lab08 final/lab08/project_1/project_1/project_1.srcs/sources_1/new/DataMemory.v" Line 1. Module DataMemory doesn't have a timescale but at least one module in design has a timescale.
Completed simulation data flow analysis
Time Resolution for simulation is 1ps
Compiling module xil_defaultlib.AddressDecoder
Compiling module xil_defaultlib.DataMemory
Compiling module xil_defaultlib.LEDModule
Compiling module xil_defaultlib.addressDecoderTop
Compiling module xil_defaultlib.Memorysystemtb
Compiling module xil_defaultlib.glbl
Built simulation snapshot Memorysystemtb_behav
INFO: [USF-XSim-69] 'elaborate' step finished in '2' seconds
Vivado Simulator 2020.1
Time resolution is 1 ps
============================================
       MEMORY SYSTEM TESTBENCH START       
============================================

--- TEST GROUP 1: Data Memory Writes & Reads ---
T1a: Wrote 0xDEADBEEF to addr 0x00A
T1b: FAIL - readData = 0x000000ef (expected 0xDEADBEEF)
T1c: Wrote 0x12345678 to addr 0x001
T1d: FAIL - readData = 0x00000078 (expected 0x12345678)
T1e: FAIL - addr 0x00A corrupted, readData = 0x000000ef
T1f: FAIL - last memory location 0x1FF = 0x00000000 (expected 0xCAFEBABE)

--- TEST GROUP 2: LED Peripheral Writes ---
T2a: PASS - LEDs = 0x00ff (expected 0x00FF)
T2b: PASS - LEDs = 0xaaaa (expected 0xAAAA)
T2c: PASS - LEDs = 0x5555 (expected 0x5555)
T2d: FAIL - Data Memory corrupted after LED write, addr 0x00A = 0x000000ef

--- TEST GROUP 3: Switch Peripheral Reads ---
T3a: PASS - readData[15:0] = 0xabcd (expected 0xABCD)
T3b: PASS - readData[15:0] = 0x1234 (expected 0x1234)
T3c: PASS - LEDs unaffected by switch read, leds = 0x5555

--- TEST GROUP 4: Decoder Isolation ---
T4a: PASS - LED write did not bleed into Data Memory (addr 0x005 = 0xxxxxxxxx)
T4b: PASS - readData = 0 when no enable asserted

--- TEST GROUP 5: Reset ---
T5a: PASS - LEDs cleared after reset (leds = 0x0000)

============================================
  RESULTS: 9 PASSED  |  5 FAILED
============================================

SOME TESTS FAILED - check waveforms
$finish called at time : 236 ns : File "C:/Users/ea09904/Downloads/lab08 final/lab08/project_1/project_1/project_1.srcs/sim_1/new/Memorysystemtb.v" Line 324
relaunch_sim: Time (s): cpu = 00:00:01 ; elapsed = 00:00:08 . Memory (MB): peak = 3670.684 ; gain = 0.000
