Vivado Simulator 2020.1
Time resolution is 1 ps
[16000] STATE: IDLE
[26000] STATE: WRITE_REGS
[66000] STATE: READ_REGISTERS  A=0x10101010  B=0x01010101
[76000] STATE: ALU_OPERATION   result=0x11111111  Zero=0
[86000] STATE: WRITE_REGISTERS result=0x11111111 ? x4
[96000] STATE: READ_REGISTERS  A=0x10101010  B=0x01010101
[106000] STATE: ALU_OPERATION   result=0x0f0f0f0f  Zero=0
[116000] STATE: WRITE_REGISTERS result=0x0f0f0f0f ? x5
[116000] BEQ: Zero=0 (A!=B) x11 unchanged
[126000] STATE: READ_REGISTERS  A=0x10101010  B=0x01010101
[136000] STATE: ALU_OPERATION   result=0x00000000  Zero=1
[146000] STATE: WRITE_REGISTERS result=0x00000000 ? x6
[156000] STATE: READ_REGISTERS  A=0x10101010  B=0x01010101
[166000] STATE: ALU_OPERATION   result=0x11111111  Zero=0
[176000] STATE: WRITE_REGISTERS result=0x11111111 ? x7
[186000] STATE: READ_REGISTERS  A=0x10101010  B=0x01010101
[196000] STATE: ALU_OPERATION   result=0x11111111  Zero=0
[206000] STATE: WRITE_REGISTERS result=0x11111111 ? x8
[216000] STATE: READ_REGISTERS  A=0x10101010  B=0x01010101
[226000] STATE: ALU_OPERATION   result=0x20202020  Zero=0
[236000] STATE: WRITE_REGISTERS result=0x20202020 ? x9
[246000] STATE: READ_REGISTERS  A=0x10101010  B=0x01010101
[256000] STATE: ALU_OPERATION   result=0x08080808  Zero=0
[266000] STATE: WRITE_REGISTERS result=0x08080808 ? x10
[266000] STATE: IDLE - done
$finish called at time : 266 ns : File "C:/Users/ea09904/Desktop/finallab6/finallab6.srcs/sim_1/new/RF_ALU_FSM_tb.v" Line 175
