Copyright 1986-2020 Xilinx, Inc. All Rights Reserved.
-----------------------------------------------------------------------------------------------------------------------------------------------------------------------------------------------------
| Tool Version : Vivado v.2020.1 (win64) Build 2902540 Wed May 27 19:54:49 MDT 2020
| Date         : Thu Mar 12 11:17:56 2026
| Host         : HU-DOPX-ML26 running 64-bit major release  (build 9200)
| Command      : report_timing_summary -max_paths 10 -file top_rf_alu_timing_summary_routed.rpt -pb top_rf_alu_timing_summary_routed.pb -rpx top_rf_alu_timing_summary_routed.rpx -warn_on_violation
| Design       : top_rf_alu
| Device       : 7a35t-cpg236
| Speed File   : -1  PRODUCTION 1.23 2018-06-13
-----------------------------------------------------------------------------------------------------------------------------------------------------------------------------------------------------

Timing Summary Report

------------------------------------------------------------------------------------------------
| Timer Settings
| --------------
------------------------------------------------------------------------------------------------

  Enable Multi Corner Analysis               :  Yes
  Enable Pessimism Removal                   :  Yes
  Pessimism Removal Resolution               :  Nearest Common Node
  Enable Input Delay Default Clock           :  No
  Enable Preset / Clear Arcs                 :  No
  Disable Flight Delays                      :  No
  Ignore I/O Paths                           :  No
  Timing Early Launch at Borrowing Latches   :  No
  Borrow Time for Max Delay Exceptions       :  Yes
  Merge Timing Exceptions                    :  Yes

  Corner  Analyze    Analyze    
  Name    Max Paths  Min Paths  
  ------  ---------  ---------  
  Slow    Yes        Yes        
  Fast    Yes        Yes        



check_timing report

Table of Contents
-----------------
1. checking no_clock (0)
2. checking constant_clock (0)
3. checking pulse_width_clock (0)
4. checking unconstrained_internal_endpoints (0)
5. checking no_input_delay (5)
6. checking no_output_delay (16)
7. checking multiple_clock (0)
8. checking generated_clocks (0)
9. checking loops (0)
10. checking partial_input_delay (0)
11. checking partial_output_delay (0)
12. checking latch_loops (0)

1. checking no_clock (0)
------------------------
 There are 0 register/latch pins with no clock.


2. checking constant_clock (0)
------------------------------
 There are 0 register/latch pins with constant_clock.


3. checking pulse_width_clock (0)
---------------------------------
 There are 0 register/latch pins which need pulse_width check


4. checking unconstrained_internal_endpoints (0)
------------------------------------------------
 There are 0 pins that are not constrained for maximum delay.

 There are 0 pins that are not constrained for maximum delay due to constant clock.


5. checking no_input_delay (5)
------------------------------
 There are 5 input ports with no input delay specified. (HIGH)

 There are 0 input ports with no input delay but user has a false path constraint.


6. checking no_output_delay (16)
--------------------------------
 There are 16 ports with no output delay specified. (HIGH)

 There are 0 ports with no output delay but user has a false path constraint

 There are 0 ports with no output delay but with a timing clock defined on it or propagating through it


7. checking multiple_clock (0)
------------------------------
 There are 0 register/latch pins with multiple clocks.


8. checking generated_clocks (0)
--------------------------------
 There are 0 generated clocks that are not connected to a clock source.


9. checking loops (0)
---------------------
 There are 0 combinational loops in the design.


10. checking partial_input_delay (0)
------------------------------------
 There are 0 input ports with partial input delay specified.


11. checking partial_output_delay (0)
-------------------------------------
 There are 0 ports with partial output delay specified.


12. checking latch_loops (0)
----------------------------
 There are 0 combinational latch loops in the design through latch input



------------------------------------------------------------------------------------------------
| Design Timing Summary
| ---------------------
------------------------------------------------------------------------------------------------

    WNS(ns)      TNS(ns)  TNS Failing Endpoints  TNS Total Endpoints      WHS(ns)      THS(ns)  THS Failing Endpoints  THS Total Endpoints     WPWS(ns)     TPWS(ns)  TPWS Failing Endpoints  TPWS Total Endpoints  
    -------      -------  ---------------------  -------------------      -------      -------  ---------------------  -------------------     --------     --------  ----------------------  --------------------  
      7.010        0.000                      0                   83        0.186        0.000                      0                   83        4.500        0.000                       0                    39  


All user specified timing constraints are met.


------------------------------------------------------------------------------------------------
| Clock Summary
| -------------
------------------------------------------------------------------------------------------------

Clock        Waveform(ns)       Period(ns)      Frequency(MHz)
-----        ------------       ----------      --------------
sys_clk_pin  {0.000 5.000}      10.000          100.000         


------------------------------------------------------------------------------------------------
| Intra Clock Table
| -----------------
------------------------------------------------------------------------------------------------

Clock             WNS(ns)      TNS(ns)  TNS Failing Endpoints  TNS Total Endpoints      WHS(ns)      THS(ns)  THS Failing Endpoints  THS Total Endpoints     WPWS(ns)     TPWS(ns)  TPWS Failing Endpoints  TPWS Total Endpoints  
-----             -------      -------  ---------------------  -------------------      -------      -------  ---------------------  -------------------     --------     --------  ----------------------  --------------------  
sys_clk_pin         7.010        0.000                      0                   83        0.186        0.000                      0                   83        4.500        0.000                       0                    39  


------------------------------------------------------------------------------------------------
| Inter Clock Table
| -----------------
------------------------------------------------------------------------------------------------

From Clock    To Clock          WNS(ns)      TNS(ns)  TNS Failing Endpoints  TNS Total Endpoints      WHS(ns)      THS(ns)  THS Failing Endpoints  THS Total Endpoints  
----------    --------          -------      -------  ---------------------  -------------------      -------      -------  ---------------------  -------------------  


------------------------------------------------------------------------------------------------
| Other Path Groups Table
| -----------------------
------------------------------------------------------------------------------------------------

Path Group    From Clock    To Clock          WNS(ns)      TNS(ns)  TNS Failing Endpoints  TNS Total Endpoints      WHS(ns)      THS(ns)  THS Failing Endpoints  THS Total Endpoints  
----------    ----------    --------          -------      -------  ---------------------  -------------------      -------      -------  ---------------------  -------------------  


------------------------------------------------------------------------------------------------
| Timing Details
| --------------
------------------------------------------------------------------------------------------------


---------------------------------------------------------------------------------------------------
From Clock:  sys_clk_pin
  To Clock:  sys_clk_pin

Setup :            0  Failing Endpoints,  Worst Slack        7.010ns,  Total Violation        0.000ns
Hold  :            0  Failing Endpoints,  Worst Slack        0.186ns,  Total Violation        0.000ns
PW    :            0  Failing Endpoints,  Worst Slack        4.500ns,  Total Violation        0.000ns
---------------------------------------------------------------------------------------------------


Max Delay Paths
--------------------------------------------------------------------------------------
Slack (MET) :             7.010ns  (required time - arrival time)
  Source:                 u_deb/stable_cnt_reg[6]/C
                            (rising edge-triggered cell FDRE clocked by sys_clk_pin  {rise@0.000ns fall@5.000ns period=10.000ns})
  Destination:            u_deb/stable_cnt_reg[12]/CE
                            (rising edge-triggered cell FDRE clocked by sys_clk_pin  {rise@0.000ns fall@5.000ns period=10.000ns})
  Path Group:             sys_clk_pin
  Path Type:              Setup (Max at Slow Process Corner)
  Requirement:            10.000ns  (sys_clk_pin rise@10.000ns - sys_clk_pin rise@0.000ns)
  Data Path Delay:        2.724ns  (logic 0.704ns (25.845%)  route 2.020ns (74.155%))
  Logic Levels:           2  (LUT4=1 LUT5=1)
  Clock Path Skew:        -0.026ns (DCD - SCD + CPR)
    Destination Clock Delay (DCD):    4.844ns = ( 14.844 - 10.000 ) 
    Source Clock Delay      (SCD):    5.143ns
    Clock Pessimism Removal (CPR):    0.273ns
  Clock Uncertainty:      0.035ns  ((TSJ^2 + TIJ^2)^1/2 + DJ) / 2 + PE
    Total System Jitter     (TSJ):    0.071ns
    Total Input Jitter      (TIJ):    0.000ns
    Discrete Jitter          (DJ):    0.000ns
    Phase Error              (PE):    0.000ns

    Location             Delay type                Incr(ns)  Path(ns)    Netlist Resource(s)
  -------------------------------------------------------------------    -------------------
                         (clock sys_clk_pin rise edge)
                                                      0.000     0.000 r  
    W5                                                0.000     0.000 r  clk (IN)
                         net (fo=0)                   0.000     0.000    clk
    W5                   IBUF (Prop_ibuf_I_O)         1.458     1.458 r  clk_IBUF_inst/O
                         net (fo=1, routed)           1.967     3.425    clk_IBUF
    BUFGCTRL_X0Y0        BUFG (Prop_bufg_I_O)         0.096     3.521 r  clk_IBUF_BUFG_inst/O
                         net (fo=38, routed)          1.622     5.143    u_deb/CLK
    SLICE_X5Y20          FDRE                                         r  u_deb/stable_cnt_reg[6]/C
  -------------------------------------------------------------------    -------------------
    SLICE_X5Y20          FDRE (Prop_fdre_C_Q)         0.456     5.599 f  u_deb/stable_cnt_reg[6]/Q
                         net (fo=2, routed)           0.937     6.536    u_deb/stable_cnt_reg[6]
    SLICE_X4Y20          LUT4 (Prop_lut4_I1_O)        0.124     6.660 r  u_deb/stable_cnt[0]_i_4/O
                         net (fo=1, routed)           0.417     7.078    u_deb/stable_cnt[0]_i_4_n_0
    SLICE_X4Y22          LUT5 (Prop_lut5_I2_O)        0.124     7.202 r  u_deb/stable_cnt[0]_i_1/O
                         net (fo=20, routed)          0.665     7.867    u_deb/stable_cnt[0]_i_1_n_0
    SLICE_X5Y22          FDRE                                         r  u_deb/stable_cnt_reg[12]/CE
  -------------------------------------------------------------------    -------------------

                         (clock sys_clk_pin rise edge)
                                                     10.000    10.000 r  
    W5                                                0.000    10.000 r  clk (IN)
                         net (fo=0)                   0.000    10.000    clk
    W5                   IBUF (Prop_ibuf_I_O)         1.388    11.388 r  clk_IBUF_inst/O
                         net (fo=1, routed)           1.862    13.250    clk_IBUF
    BUFGCTRL_X0Y0        BUFG (Prop_bufg_I_O)         0.091    13.341 r  clk_IBUF_BUFG_inst/O
                         net (fo=38, routed)          1.503    14.844    u_deb/CLK
    SLICE_X5Y22          FDRE                                         r  u_deb/stable_cnt_reg[12]/C
                         clock pessimism              0.273    15.117    
                         clock uncertainty           -0.035    15.082    
    SLICE_X5Y22          FDRE (Setup_fdre_C_CE)      -0.205    14.877    u_deb/stable_cnt_reg[12]
  -------------------------------------------------------------------
                         required time                         14.877    
                         arrival time                          -7.867    
  -------------------------------------------------------------------
                         slack                                  7.010    

Slack (MET) :             7.010ns  (required time - arrival time)
  Source:                 u_deb/stable_cnt_reg[6]/C
                            (rising edge-triggered cell FDRE clocked by sys_clk_pin  {rise@0.000ns fall@5.000ns period=10.000ns})
  Destination:            u_deb/stable_cnt_reg[13]/CE
                            (rising edge-triggered cell FDRE clocked by sys_clk_pin  {rise@0.000ns fall@5.000ns period=10.000ns})
  Path Group:             sys_clk_pin
  Path Type:              Setup (Max at Slow Process Corner)
  Requirement:            10.000ns  (sys_clk_pin rise@10.000ns - sys_clk_pin rise@0.000ns)
  Data Path Delay:        2.724ns  (logic 0.704ns (25.845%)  route 2.020ns (74.155%))
  Logic Levels:           2  (LUT4=1 LUT5=1)
  Clock Path Skew:        -0.026ns (DCD - SCD + CPR)
    Destination Clock Delay (DCD):    4.844ns = ( 14.844 - 10.000 ) 
    Source Clock Delay      (SCD):    5.143ns
    Clock Pessimism Removal (CPR):    0.273ns
  Clock Uncertainty:      0.035ns  ((TSJ^2 + TIJ^2)^1/2 + DJ) / 2 + PE
    Total System Jitter     (TSJ):    0.071ns
    Total Input Jitter      (TIJ):    0.000ns
    Discrete Jitter          (DJ):    0.000ns
    Phase Error              (PE):    0.000ns

    Location             Delay type                Incr(ns)  Path(ns)    Netlist Resource(s)
  -------------------------------------------------------------------    -------------------
                         (clock sys_clk_pin rise edge)
                                                      0.000     0.000 r  
    W5                                                0.000     0.000 r  clk (IN)
                         net (fo=0)                   0.000     0.000    clk
    W5                   IBUF (Prop_ibuf_I_O)         1.458     1.458 r  clk_IBUF_inst/O
                         net (fo=1, routed)           1.967     3.425    clk_IBUF
    BUFGCTRL_X0Y0        BUFG (Prop_bufg_I_O)         0.096     3.521 r  clk_IBUF_BUFG_inst/O
                         net (fo=38, routed)          1.622     5.143    u_deb/CLK
    SLICE_X5Y20          FDRE                                         r  u_deb/stable_cnt_reg[6]/C
  -------------------------------------------------------------------    -------------------
    SLICE_X5Y20          FDRE (Prop_fdre_C_Q)         0.456     5.599 f  u_deb/stable_cnt_reg[6]/Q
                         net (fo=2, routed)           0.937     6.536    u_deb/stable_cnt_reg[6]
    SLICE_X4Y20          LUT4 (Prop_lut4_I1_O)        0.124     6.660 r  u_deb/stable_cnt[0]_i_4/O
                         net (fo=1, routed)           0.417     7.078    u_deb/stable_cnt[0]_i_4_n_0
    SLICE_X4Y22          LUT5 (Prop_lut5_I2_O)        0.124     7.202 r  u_deb/stable_cnt[0]_i_1/O
                         net (fo=20, routed)          0.665     7.867    u_deb/stable_cnt[0]_i_1_n_0
    SLICE_X5Y22          FDRE                                         r  u_deb/stable_cnt_reg[13]/CE
  -------------------------------------------------------------------    -------------------

                         (clock sys_clk_pin rise edge)
                                                     10.000    10.000 r  
    W5                                                0.000    10.000 r  clk (IN)
                         net (fo=0)                   0.000    10.000    clk
    W5                   IBUF (Prop_ibuf_I_O)         1.388    11.388 r  clk_IBUF_inst/O
                         net (fo=1, routed)           1.862    13.250    clk_IBUF
    BUFGCTRL_X0Y0        BUFG (Prop_bufg_I_O)         0.091    13.341 r  clk_IBUF_BUFG_inst/O
                         net (fo=38, routed)          1.503    14.844    u_deb/CLK
    SLICE_X5Y22          FDRE                                         r  u_deb/stable_cnt_reg[13]/C
                         clock pessimism              0.273    15.117    
                         clock uncertainty           -0.035    15.082    
    SLICE_X5Y22          FDRE (Setup_fdre_C_CE)      -0.205    14.877    u_deb/stable_cnt_reg[13]
  -------------------------------------------------------------------
                         required time                         14.877    
                         arrival time                          -7.867    
  -------------------------------------------------------------------
                         slack                                  7.010    

Slack (MET) :             7.010ns  (required time - arrival time)
  Source:                 u_deb/stable_cnt_reg[6]/C
                            (rising edge-triggered cell FDRE clocked by sys_clk_pin  {rise@0.000ns fall@5.000ns period=10.000ns})
  Destination:            u_deb/stable_cnt_reg[14]/CE
                            (rising edge-triggered cell FDRE clocked by sys_clk_pin  {rise@0.000ns fall@5.000ns period=10.000ns})
  Path Group:             sys_clk_pin
  Path Type:              Setup (Max at Slow Process Corner)
  Requirement:            10.000ns  (sys_clk_pin rise@10.000ns - sys_clk_pin rise@0.000ns)
  Data Path Delay:        2.724ns  (logic 0.704ns (25.845%)  route 2.020ns (74.155%))
  Logic Levels:           2  (LUT4=1 LUT5=1)
  Clock Path Skew:        -0.026ns (DCD - SCD + CPR)
    Destination Clock Delay (DCD):    4.844ns = ( 14.844 - 10.000 ) 
    Source Clock Delay      (SCD):    5.143ns
    Clock Pessimism Removal (CPR):    0.273ns
  Clock Uncertainty:      0.035ns  ((TSJ^2 + TIJ^2)^1/2 + DJ) / 2 + PE
    Total System Jitter     (TSJ):    0.071ns
    Total Input Jitter      (TIJ):    0.000ns
    Discrete Jitter          (DJ):    0.000ns
    Phase Error              (PE):    0.000ns

    Location             Delay type                Incr(ns)  Path(ns)    Netlist Resource(s)
  -------------------------------------------------------------------    -------------------
                         (clock sys_clk_pin rise edge)
                                                      0.000     0.000 r  
    W5                                                0.000     0.000 r  clk (IN)
                         net (fo=0)                   0.000     0.000    clk
    W5                   IBUF (Prop_ibuf_I_O)         1.458     1.458 r  clk_IBUF_inst/O
                         net (fo=1, routed)           1.967     3.425    clk_IBUF
    BUFGCTRL_X0Y0        BUFG (Prop_bufg_I_O)         0.096     3.521 r  clk_IBUF_BUFG_inst/O
                         net (fo=38, routed)          1.622     5.143    u_deb/CLK
    SLICE_X5Y20          FDRE                                         r  u_deb/stable_cnt_reg[6]/C
  -------------------------------------------------------------------    -------------------
    SLICE_X5Y20          FDRE (Prop_fdre_C_Q)         0.456     5.599 f  u_deb/stable_cnt_reg[6]/Q
                         net (fo=2, routed)           0.937     6.536    u_deb/stable_cnt_reg[6]
    SLICE_X4Y20          LUT4 (Prop_lut4_I1_O)        0.124     6.660 r  u_deb/stable_cnt[0]_i_4/O
                         net (fo=1, routed)           0.417     7.078    u_deb/stable_cnt[0]_i_4_n_0
    SLICE_X4Y22          LUT5 (Prop_lut5_I2_O)        0.124     7.202 r  u_deb/stable_cnt[0]_i_1/O
                         net (fo=20, routed)          0.665     7.867    u_deb/stable_cnt[0]_i_1_n_0
    SLICE_X5Y22          FDRE                                         r  u_deb/stable_cnt_reg[14]/CE
  -------------------------------------------------------------------    -------------------

                         (clock sys_clk_pin rise edge)
                                                     10.000    10.000 r  
    W5                                                0.000    10.000 r  clk (IN)
                         net (fo=0)                   0.000    10.000    clk
    W5                   IBUF (Prop_ibuf_I_O)         1.388    11.388 r  clk_IBUF_inst/O
                         net (fo=1, routed)           1.862    13.250    clk_IBUF
    BUFGCTRL_X0Y0        BUFG (Prop_bufg_I_O)         0.091    13.341 r  clk_IBUF_BUFG_inst/O
                         net (fo=38, routed)          1.503    14.844    u_deb/CLK
    SLICE_X5Y22          FDRE                                         r  u_deb/stable_cnt_reg[14]/C
                         clock pessimism              0.273    15.117    
                         clock uncertainty           -0.035    15.082    
    SLICE_X5Y22          FDRE (Setup_fdre_C_CE)      -0.205    14.877    u_deb/stable_cnt_reg[14]
  -------------------------------------------------------------------
                         required time                         14.877    
                         arrival time                          -7.867    
  -------------------------------------------------------------------
                         slack                                  7.010    

Slack (MET) :             7.010ns  (required time - arrival time)
  Source:                 u_deb/stable_cnt_reg[6]/C
                            (rising edge-triggered cell FDRE clocked by sys_clk_pin  {rise@0.000ns fall@5.000ns period=10.000ns})
  Destination:            u_deb/stable_cnt_reg[15]/CE
                            (rising edge-triggered cell FDRE clocked by sys_clk_pin  {rise@0.000ns fall@5.000ns period=10.000ns})
  Path Group:             sys_clk_pin
  Path Type:              Setup (Max at Slow Process Corner)
  Requirement:            10.000ns  (sys_clk_pin rise@10.000ns - sys_clk_pin rise@0.000ns)
  Data Path Delay:        2.724ns  (logic 0.704ns (25.845%)  route 2.020ns (74.155%))
  Logic Levels:           2  (LUT4=1 LUT5=1)
  Clock Path Skew:        -0.026ns (DCD - SCD + CPR)
    Destination Clock Delay (DCD):    4.844ns = ( 14.844 - 10.000 ) 
    Source Clock Delay      (SCD):    5.143ns
    Clock Pessimism Removal (CPR):    0.273ns
  Clock Uncertainty:      0.035ns  ((TSJ^2 + TIJ^2)^1/2 + DJ) / 2 + PE
    Total System Jitter     (TSJ):    0.071ns
    Total Input Jitter      (TIJ):    0.000ns
    Discrete Jitter          (DJ):    0.000ns
    Phase Error              (PE):    0.000ns

    Location             Delay type                Incr(ns)  Path(ns)    Netlist Resource(s)
  -------------------------------------------------------------------    -------------------
                         (clock sys_clk_pin rise edge)
                                                      0.000     0.000 r  
    W5                                                0.000     0.000 r  clk (IN)
                         net (fo=0)                   0.000     0.000    clk
    W5                   IBUF (Prop_ibuf_I_O)         1.458     1.458 r  clk_IBUF_inst/O
                         net (fo=1, routed)           1.967     3.425    clk_IBUF
    BUFGCTRL_X0Y0        BUFG (Prop_bufg_I_O)         0.096     3.521 r  clk_IBUF_BUFG_inst/O
                         net (fo=38, routed)          1.622     5.143    u_deb/CLK
    SLICE_X5Y20          FDRE                                         r  u_deb/stable_cnt_reg[6]/C
  -------------------------------------------------------------------    -------------------
    SLICE_X5Y20          FDRE (Prop_fdre_C_Q)         0.456     5.599 f  u_deb/stable_cnt_reg[6]/Q
                         net (fo=2, routed)           0.937     6.536    u_deb/stable_cnt_reg[6]
    SLICE_X4Y20          LUT4 (Prop_lut4_I1_O)        0.124     6.660 r  u_deb/stable_cnt[0]_i_4/O
                         net (fo=1, routed)           0.417     7.078    u_deb/stable_cnt[0]_i_4_n_0
    SLICE_X4Y22          LUT5 (Prop_lut5_I2_O)        0.124     7.202 r  u_deb/stable_cnt[0]_i_1/O
                         net (fo=20, routed)          0.665     7.867    u_deb/stable_cnt[0]_i_1_n_0
    SLICE_X5Y22          FDRE                                         r  u_deb/stable_cnt_reg[15]/CE
  -------------------------------------------------------------------    -------------------

                         (clock sys_clk_pin rise edge)
                                                     10.000    10.000 r  
    W5                                                0.000    10.000 r  clk (IN)
                         net (fo=0)                   0.000    10.000    clk
    W5                   IBUF (Prop_ibuf_I_O)         1.388    11.388 r  clk_IBUF_inst/O
                         net (fo=1, routed)           1.862    13.250    clk_IBUF
    BUFGCTRL_X0Y0        BUFG (Prop_bufg_I_O)         0.091    13.341 r  clk_IBUF_BUFG_inst/O
                         net (fo=38, routed)          1.503    14.844    u_deb/CLK
    SLICE_X5Y22          FDRE                                         r  u_deb/stable_cnt_reg[15]/C
                         clock pessimism              0.273    15.117    
                         clock uncertainty           -0.035    15.082    
    SLICE_X5Y22          FDRE (Setup_fdre_C_CE)      -0.205    14.877    u_deb/stable_cnt_reg[15]
  -------------------------------------------------------------------
                         required time                         14.877    
                         arrival time                          -7.867    
  -------------------------------------------------------------------
                         slack                                  7.010    

Slack (MET) :             7.152ns  (required time - arrival time)
  Source:                 u_deb/stable_cnt_reg[6]/C
                            (rising edge-triggered cell FDRE clocked by sys_clk_pin  {rise@0.000ns fall@5.000ns period=10.000ns})
  Destination:            u_deb/stable_cnt_reg[0]/CE
                            (rising edge-triggered cell FDRE clocked by sys_clk_pin  {rise@0.000ns fall@5.000ns period=10.000ns})
  Path Group:             sys_clk_pin
  Path Type:              Setup (Max at Slow Process Corner)
  Requirement:            10.000ns  (sys_clk_pin rise@10.000ns - sys_clk_pin rise@0.000ns)
  Data Path Delay:        2.584ns  (logic 0.704ns (27.241%)  route 1.880ns (72.759%))
  Logic Levels:           2  (LUT4=1 LUT5=1)
  Clock Path Skew:        -0.023ns (DCD - SCD + CPR)
    Destination Clock Delay (DCD):    4.847ns = ( 14.847 - 10.000 ) 
    Source Clock Delay      (SCD):    5.143ns
    Clock Pessimism Removal (CPR):    0.273ns
  Clock Uncertainty:      0.035ns  ((TSJ^2 + TIJ^2)^1/2 + DJ) / 2 + PE
    Total System Jitter     (TSJ):    0.071ns
    Total Input Jitter      (TIJ):    0.000ns
    Discrete Jitter          (DJ):    0.000ns
    Phase Error              (PE):    0.000ns

    Location             Delay type                Incr(ns)  Path(ns)    Netlist Resource(s)
  -------------------------------------------------------------------    -------------------
                         (clock sys_clk_pin rise edge)
                                                      0.000     0.000 r  
    W5                                                0.000     0.000 r  clk (IN)
                         net (fo=0)                   0.000     0.000    clk
    W5                   IBUF (Prop_ibuf_I_O)         1.458     1.458 r  clk_IBUF_inst/O
                         net (fo=1, routed)           1.967     3.425    clk_IBUF
    BUFGCTRL_X0Y0        BUFG (Prop_bufg_I_O)         0.096     3.521 r  clk_IBUF_BUFG_inst/O
                         net (fo=38, routed)          1.622     5.143    u_deb/CLK
    SLICE_X5Y20          FDRE                                         r  u_deb/stable_cnt_reg[6]/C
  -------------------------------------------------------------------    -------------------
    SLICE_X5Y20          FDRE (Prop_fdre_C_Q)         0.456     5.599 f  u_deb/stable_cnt_reg[6]/Q
                         net (fo=2, routed)           0.937     6.536    u_deb/stable_cnt_reg[6]
    SLICE_X4Y20          LUT4 (Prop_lut4_I1_O)        0.124     6.660 r  u_deb/stable_cnt[0]_i_4/O
                         net (fo=1, routed)           0.417     7.078    u_deb/stable_cnt[0]_i_4_n_0
    SLICE_X4Y22          LUT5 (Prop_lut5_I2_O)        0.124     7.202 r  u_deb/stable_cnt[0]_i_1/O
                         net (fo=20, routed)          0.526     7.728    u_deb/stable_cnt[0]_i_1_n_0
    SLICE_X5Y19          FDRE                                         r  u_deb/stable_cnt_reg[0]/CE
  -------------------------------------------------------------------    -------------------

                         (clock sys_clk_pin rise edge)
                                                     10.000    10.000 r  
    W5                                                0.000    10.000 r  clk (IN)
                         net (fo=0)                   0.000    10.000    clk
    W5                   IBUF (Prop_ibuf_I_O)         1.388    11.388 r  clk_IBUF_inst/O
                         net (fo=1, routed)           1.862    13.250    clk_IBUF
    BUFGCTRL_X0Y0        BUFG (Prop_bufg_I_O)         0.091    13.341 r  clk_IBUF_BUFG_inst/O
                         net (fo=38, routed)          1.506    14.847    u_deb/CLK
    SLICE_X5Y19          FDRE                                         r  u_deb/stable_cnt_reg[0]/C
                         clock pessimism              0.273    15.120    
                         clock uncertainty           -0.035    15.085    
    SLICE_X5Y19          FDRE (Setup_fdre_C_CE)      -0.205    14.880    u_deb/stable_cnt_reg[0]
  -------------------------------------------------------------------
                         required time                         14.880    
                         arrival time                          -7.728    
  -------------------------------------------------------------------
                         slack                                  7.152    

Slack (MET) :             7.152ns  (required time - arrival time)
  Source:                 u_deb/stable_cnt_reg[6]/C
                            (rising edge-triggered cell FDRE clocked by sys_clk_pin  {rise@0.000ns fall@5.000ns period=10.000ns})
  Destination:            u_deb/stable_cnt_reg[1]/CE
                            (rising edge-triggered cell FDRE clocked by sys_clk_pin  {rise@0.000ns fall@5.000ns period=10.000ns})
  Path Group:             sys_clk_pin
  Path Type:              Setup (Max at Slow Process Corner)
  Requirement:            10.000ns  (sys_clk_pin rise@10.000ns - sys_clk_pin rise@0.000ns)
  Data Path Delay:        2.584ns  (logic 0.704ns (27.241%)  route 1.880ns (72.759%))
  Logic Levels:           2  (LUT4=1 LUT5=1)
  Clock Path Skew:        -0.023ns (DCD - SCD + CPR)
    Destination Clock Delay (DCD):    4.847ns = ( 14.847 - 10.000 ) 
    Source Clock Delay      (SCD):    5.143ns
    Clock Pessimism Removal (CPR):    0.273ns
  Clock Uncertainty:      0.035ns  ((TSJ^2 + TIJ^2)^1/2 + DJ) / 2 + PE
    Total System Jitter     (TSJ):    0.071ns
    Total Input Jitter      (TIJ):    0.000ns
    Discrete Jitter          (DJ):    0.000ns
    Phase Error              (PE):    0.000ns

    Location             Delay type                Incr(ns)  Path(ns)    Netlist Resource(s)
  -------------------------------------------------------------------    -------------------
                         (clock sys_clk_pin rise edge)
                                                      0.000     0.000 r  
    W5                                                0.000     0.000 r  clk (IN)
                         net (fo=0)                   0.000     0.000    clk
    W5                   IBUF (Prop_ibuf_I_O)         1.458     1.458 r  clk_IBUF_inst/O
                         net (fo=1, routed)           1.967     3.425    clk_IBUF
    BUFGCTRL_X0Y0        BUFG (Prop_bufg_I_O)         0.096     3.521 r  clk_IBUF_BUFG_inst/O
                         net (fo=38, routed)          1.622     5.143    u_deb/CLK
    SLICE_X5Y20          FDRE                                         r  u_deb/stable_cnt_reg[6]/C
  -------------------------------------------------------------------    -------------------
    SLICE_X5Y20          FDRE (Prop_fdre_C_Q)         0.456     5.599 f  u_deb/stable_cnt_reg[6]/Q
                         net (fo=2, routed)           0.937     6.536    u_deb/stable_cnt_reg[6]
    SLICE_X4Y20          LUT4 (Prop_lut4_I1_O)        0.124     6.660 r  u_deb/stable_cnt[0]_i_4/O
                         net (fo=1, routed)           0.417     7.078    u_deb/stable_cnt[0]_i_4_n_0
    SLICE_X4Y22          LUT5 (Prop_lut5_I2_O)        0.124     7.202 r  u_deb/stable_cnt[0]_i_1/O
                         net (fo=20, routed)          0.526     7.728    u_deb/stable_cnt[0]_i_1_n_0
    SLICE_X5Y19          FDRE                                         r  u_deb/stable_cnt_reg[1]/CE
  -------------------------------------------------------------------    -------------------

                         (clock sys_clk_pin rise edge)
                                                     10.000    10.000 r  
    W5                                                0.000    10.000 r  clk (IN)
                         net (fo=0)                   0.000    10.000    clk
    W5                   IBUF (Prop_ibuf_I_O)         1.388    11.388 r  clk_IBUF_inst/O
                         net (fo=1, routed)           1.862    13.250    clk_IBUF
    BUFGCTRL_X0Y0        BUFG (Prop_bufg_I_O)         0.091    13.341 r  clk_IBUF_BUFG_inst/O
                         net (fo=38, routed)          1.506    14.847    u_deb/CLK
    SLICE_X5Y19          FDRE                                         r  u_deb/stable_cnt_reg[1]/C
                         clock pessimism              0.273    15.120    
                         clock uncertainty           -0.035    15.085    
    SLICE_X5Y19          FDRE (Setup_fdre_C_CE)      -0.205    14.880    u_deb/stable_cnt_reg[1]
  -------------------------------------------------------------------
                         required time                         14.880    
                         arrival time                          -7.728    
  -------------------------------------------------------------------
                         slack                                  7.152    

Slack (MET) :             7.152ns  (required time - arrival time)
  Source:                 u_deb/stable_cnt_reg[6]/C
                            (rising edge-triggered cell FDRE clocked by sys_clk_pin  {rise@0.000ns fall@5.000ns period=10.000ns})
  Destination:            u_deb/stable_cnt_reg[2]/CE
                            (rising edge-triggered cell FDRE clocked by sys_clk_pin  {rise@0.000ns fall@5.000ns period=10.000ns})
  Path Group:             sys_clk_pin
  Path Type:              Setup (Max at Slow Process Corner)
  Requirement:            10.000ns  (sys_clk_pin rise@10.000ns - sys_clk_pin rise@0.000ns)
  Data Path Delay:        2.584ns  (logic 0.704ns (27.241%)  route 1.880ns (72.759%))
  Logic Levels:           2  (LUT4=1 LUT5=1)
  Clock Path Skew:        -0.023ns (DCD - SCD + CPR)
    Destination Clock Delay (DCD):    4.847ns = ( 14.847 - 10.000 ) 
    Source Clock Delay      (SCD):    5.143ns
    Clock Pessimism Removal (CPR):    0.273ns
  Clock Uncertainty:      0.035ns  ((TSJ^2 + TIJ^2)^1/2 + DJ) / 2 + PE
    Total System Jitter     (TSJ):    0.071ns
    Total Input Jitter      (TIJ):    0.000ns
    Discrete Jitter          (DJ):    0.000ns
    Phase Error              (PE):    0.000ns

    Location             Delay type                Incr(ns)  Path(ns)    Netlist Resource(s)
  -------------------------------------------------------------------    -------------------
                         (clock sys_clk_pin rise edge)
                                                      0.000     0.000 r  
    W5                                                0.000     0.000 r  clk (IN)
                         net (fo=0)                   0.000     0.000    clk
    W5                   IBUF (Prop_ibuf_I_O)         1.458     1.458 r  clk_IBUF_inst/O
                         net (fo=1, routed)           1.967     3.425    clk_IBUF
    BUFGCTRL_X0Y0        BUFG (Prop_bufg_I_O)         0.096     3.521 r  clk_IBUF_BUFG_inst/O
                         net (fo=38, routed)          1.622     5.143    u_deb/CLK
    SLICE_X5Y20          FDRE                                         r  u_deb/stable_cnt_reg[6]/C
  -------------------------------------------------------------------    -------------------
    SLICE_X5Y20          FDRE (Prop_fdre_C_Q)         0.456     5.599 f  u_deb/stable_cnt_reg[6]/Q
                         net (fo=2, routed)           0.937     6.536    u_deb/stable_cnt_reg[6]
    SLICE_X4Y20          LUT4 (Prop_lut4_I1_O)        0.124     6.660 r  u_deb/stable_cnt[0]_i_4/O
                         net (fo=1, routed)           0.417     7.078    u_deb/stable_cnt[0]_i_4_n_0
    SLICE_X4Y22          LUT5 (Prop_lut5_I2_O)        0.124     7.202 r  u_deb/stable_cnt[0]_i_1/O
                         net (fo=20, routed)          0.526     7.728    u_deb/stable_cnt[0]_i_1_n_0
    SLICE_X5Y19          FDRE                                         r  u_deb/stable_cnt_reg[2]/CE
  -------------------------------------------------------------------    -------------------

                         (clock sys_clk_pin rise edge)
                                                     10.000    10.000 r  
    W5                                                0.000    10.000 r  clk (IN)
                         net (fo=0)                   0.000    10.000    clk
    W5                   IBUF (Prop_ibuf_I_O)         1.388    11.388 r  clk_IBUF_inst/O
                         net (fo=1, routed)           1.862    13.250    clk_IBUF
    BUFGCTRL_X0Y0        BUFG (Prop_bufg_I_O)         0.091    13.341 r  clk_IBUF_BUFG_inst/O
                         net (fo=38, routed)          1.506    14.847    u_deb/CLK
    SLICE_X5Y19          FDRE                                         r  u_deb/stable_cnt_reg[2]/C
                         clock pessimism              0.273    15.120    
                         clock uncertainty           -0.035    15.085    
    SLICE_X5Y19          FDRE (Setup_fdre_C_CE)      -0.205    14.880    u_deb/stable_cnt_reg[2]
  -------------------------------------------------------------------
                         required time                         14.880    
                         arrival time                          -7.728    
  -------------------------------------------------------------------
                         slack                                  7.152    

Slack (MET) :             7.152ns  (required time - arrival time)
  Source:                 u_deb/stable_cnt_reg[6]/C
                            (rising edge-triggered cell FDRE clocked by sys_clk_pin  {rise@0.000ns fall@5.000ns period=10.000ns})
  Destination:            u_deb/stable_cnt_reg[3]/CE
                            (rising edge-triggered cell FDRE clocked by sys_clk_pin  {rise@0.000ns fall@5.000ns period=10.000ns})
  Path Group:             sys_clk_pin
  Path Type:              Setup (Max at Slow Process Corner)
  Requirement:            10.000ns  (sys_clk_pin rise@10.000ns - sys_clk_pin rise@0.000ns)
  Data Path Delay:        2.584ns  (logic 0.704ns (27.241%)  route 1.880ns (72.759%))
  Logic Levels:           2  (LUT4=1 LUT5=1)
  Clock Path Skew:        -0.023ns (DCD - SCD + CPR)
    Destination Clock Delay (DCD):    4.847ns = ( 14.847 - 10.000 ) 
    Source Clock Delay      (SCD):    5.143ns
    Clock Pessimism Removal (CPR):    0.273ns
  Clock Uncertainty:      0.035ns  ((TSJ^2 + TIJ^2)^1/2 + DJ) / 2 + PE
    Total System Jitter     (TSJ):    0.071ns
    Total Input Jitter      (TIJ):    0.000ns
    Discrete Jitter          (DJ):    0.000ns
    Phase Error              (PE):    0.000ns

    Location             Delay type                Incr(ns)  Path(ns)    Netlist Resource(s)
  -------------------------------------------------------------------    -------------------
                         (clock sys_clk_pin rise edge)
                                                      0.000     0.000 r  
    W5                                                0.000     0.000 r  clk (IN)
                         net (fo=0)                   0.000     0.000    clk
    W5                   IBUF (Prop_ibuf_I_O)         1.458     1.458 r  clk_IBUF_inst/O
                         net (fo=1, routed)           1.967     3.425    clk_IBUF
    BUFGCTRL_X0Y0        BUFG (Prop_bufg_I_O)         0.096     3.521 r  clk_IBUF_BUFG_inst/O
                         net (fo=38, routed)          1.622     5.143    u_deb/CLK
    SLICE_X5Y20          FDRE                                         r  u_deb/stable_cnt_reg[6]/C
  -------------------------------------------------------------------    -------------------
    SLICE_X5Y20          FDRE (Prop_fdre_C_Q)         0.456     5.599 f  u_deb/stable_cnt_reg[6]/Q
                         net (fo=2, routed)           0.937     6.536    u_deb/stable_cnt_reg[6]
    SLICE_X4Y20          LUT4 (Prop_lut4_I1_O)        0.124     6.660 r  u_deb/stable_cnt[0]_i_4/O
                         net (fo=1, routed)           0.417     7.078    u_deb/stable_cnt[0]_i_4_n_0
    SLICE_X4Y22          LUT5 (Prop_lut5_I2_O)        0.124     7.202 r  u_deb/stable_cnt[0]_i_1/O
                         net (fo=20, routed)          0.526     7.728    u_deb/stable_cnt[0]_i_1_n_0
    SLICE_X5Y19          FDRE                                         r  u_deb/stable_cnt_reg[3]/CE
  -------------------------------------------------------------------    -------------------

                         (clock sys_clk_pin rise edge)
                                                     10.000    10.000 r  
    W5                                                0.000    10.000 r  clk (IN)
                         net (fo=0)                   0.000    10.000    clk
    W5                   IBUF (Prop_ibuf_I_O)         1.388    11.388 r  clk_IBUF_inst/O
                         net (fo=1, routed)           1.862    13.250    clk_IBUF
    BUFGCTRL_X0Y0        BUFG (Prop_bufg_I_O)         0.091    13.341 r  clk_IBUF_BUFG_inst/O
                         net (fo=38, routed)          1.506    14.847    u_deb/CLK
    SLICE_X5Y19          FDRE                                         r  u_deb/stable_cnt_reg[3]/C
                         clock pessimism              0.273    15.120    
                         clock uncertainty           -0.035    15.085    
    SLICE_X5Y19          FDRE (Setup_fdre_C_CE)      -0.205    14.880    u_deb/stable_cnt_reg[3]
  -------------------------------------------------------------------
                         required time                         14.880    
                         arrival time                          -7.728    
  -------------------------------------------------------------------
                         slack                                  7.152    

Slack (MET) :             7.184ns  (required time - arrival time)
  Source:                 u_deb/stable_cnt_reg[6]/C
                            (rising edge-triggered cell FDRE clocked by sys_clk_pin  {rise@0.000ns fall@5.000ns period=10.000ns})
  Destination:            u_deb/stable_cnt_reg[16]/CE
                            (rising edge-triggered cell FDRE clocked by sys_clk_pin  {rise@0.000ns fall@5.000ns period=10.000ns})
  Path Group:             sys_clk_pin
  Path Type:              Setup (Max at Slow Process Corner)
  Requirement:            10.000ns  (sys_clk_pin rise@10.000ns - sys_clk_pin rise@0.000ns)
  Data Path Delay:        2.548ns  (logic 0.704ns (27.626%)  route 1.844ns (72.374%))
  Logic Levels:           2  (LUT4=1 LUT5=1)
  Clock Path Skew:        -0.027ns (DCD - SCD + CPR)
    Destination Clock Delay (DCD):    4.843ns = ( 14.843 - 10.000 ) 
    Source Clock Delay      (SCD):    5.143ns
    Clock Pessimism Removal (CPR):    0.273ns
  Clock Uncertainty:      0.035ns  ((TSJ^2 + TIJ^2)^1/2 + DJ) / 2 + PE
    Total System Jitter     (TSJ):    0.071ns
    Total Input Jitter      (TIJ):    0.000ns
    Discrete Jitter          (DJ):    0.000ns
    Phase Error              (PE):    0.000ns

    Location             Delay type                Incr(ns)  Path(ns)    Netlist Resource(s)
  -------------------------------------------------------------------    -------------------
                         (clock sys_clk_pin rise edge)
                                                      0.000     0.000 r  
    W5                                                0.000     0.000 r  clk (IN)
                         net (fo=0)                   0.000     0.000    clk
    W5                   IBUF (Prop_ibuf_I_O)         1.458     1.458 r  clk_IBUF_inst/O
                         net (fo=1, routed)           1.967     3.425    clk_IBUF
    BUFGCTRL_X0Y0        BUFG (Prop_bufg_I_O)         0.096     3.521 r  clk_IBUF_BUFG_inst/O
                         net (fo=38, routed)          1.622     5.143    u_deb/CLK
    SLICE_X5Y20          FDRE                                         r  u_deb/stable_cnt_reg[6]/C
  -------------------------------------------------------------------    -------------------
    SLICE_X5Y20          FDRE (Prop_fdre_C_Q)         0.456     5.599 f  u_deb/stable_cnt_reg[6]/Q
                         net (fo=2, routed)           0.937     6.536    u_deb/stable_cnt_reg[6]
    SLICE_X4Y20          LUT4 (Prop_lut4_I1_O)        0.124     6.660 r  u_deb/stable_cnt[0]_i_4/O
                         net (fo=1, routed)           0.417     7.078    u_deb/stable_cnt[0]_i_4_n_0
    SLICE_X4Y22          LUT5 (Prop_lut5_I2_O)        0.124     7.202 r  u_deb/stable_cnt[0]_i_1/O
                         net (fo=20, routed)          0.490     7.692    u_deb/stable_cnt[0]_i_1_n_0
    SLICE_X5Y23          FDRE                                         r  u_deb/stable_cnt_reg[16]/CE
  -------------------------------------------------------------------    -------------------

                         (clock sys_clk_pin rise edge)
                                                     10.000    10.000 r  
    W5                                                0.000    10.000 r  clk (IN)
                         net (fo=0)                   0.000    10.000    clk
    W5                   IBUF (Prop_ibuf_I_O)         1.388    11.388 r  clk_IBUF_inst/O
                         net (fo=1, routed)           1.862    13.250    clk_IBUF
    BUFGCTRL_X0Y0        BUFG (Prop_bufg_I_O)         0.091    13.341 r  clk_IBUF_BUFG_inst/O
                         net (fo=38, routed)          1.502    14.843    u_deb/CLK
    SLICE_X5Y23          FDRE                                         r  u_deb/stable_cnt_reg[16]/C
                         clock pessimism              0.273    15.116    
                         clock uncertainty           -0.035    15.081    
    SLICE_X5Y23          FDRE (Setup_fdre_C_CE)      -0.205    14.876    u_deb/stable_cnt_reg[16]
  -------------------------------------------------------------------
                         required time                         14.876    
                         arrival time                          -7.692    
  -------------------------------------------------------------------
                         slack                                  7.184    

Slack (MET) :             7.184ns  (required time - arrival time)
  Source:                 u_deb/stable_cnt_reg[6]/C
                            (rising edge-triggered cell FDRE clocked by sys_clk_pin  {rise@0.000ns fall@5.000ns period=10.000ns})
  Destination:            u_deb/stable_cnt_reg[17]/CE
                            (rising edge-triggered cell FDRE clocked by sys_clk_pin  {rise@0.000ns fall@5.000ns period=10.000ns})
  Path Group:             sys_clk_pin
  Path Type:              Setup (Max at Slow Process Corner)
  Requirement:            10.000ns  (sys_clk_pin rise@10.000ns - sys_clk_pin rise@0.000ns)
  Data Path Delay:        2.548ns  (logic 0.704ns (27.626%)  route 1.844ns (72.374%))
  Logic Levels:           2  (LUT4=1 LUT5=1)
  Clock Path Skew:        -0.027ns (DCD - SCD + CPR)
    Destination Clock Delay (DCD):    4.843ns = ( 14.843 - 10.000 ) 
    Source Clock Delay      (SCD):    5.143ns
    Clock Pessimism Removal (CPR):    0.273ns
  Clock Uncertainty:      0.035ns  ((TSJ^2 + TIJ^2)^1/2 + DJ) / 2 + PE
    Total System Jitter     (TSJ):    0.071ns
    Total Input Jitter      (TIJ):    0.000ns
    Discrete Jitter          (DJ):    0.000ns
    Phase Error              (PE):    0.000ns

    Location             Delay type                Incr(ns)  Path(ns)    Netlist Resource(s)
  -------------------------------------------------------------------    -------------------
                         (clock sys_clk_pin rise edge)
                                                      0.000     0.000 r  
    W5                                                0.000     0.000 r  clk (IN)
                         net (fo=0)                   0.000     0.000    clk
    W5                   IBUF (Prop_ibuf_I_O)         1.458     1.458 r  clk_IBUF_inst/O
                         net (fo=1, routed)           1.967     3.425    clk_IBUF
    BUFGCTRL_X0Y0        BUFG (Prop_bufg_I_O)         0.096     3.521 r  clk_IBUF_BUFG_inst/O
                         net (fo=38, routed)          1.622     5.143    u_deb/CLK
    SLICE_X5Y20          FDRE                                         r  u_deb/stable_cnt_reg[6]/C
  -------------------------------------------------------------------    -------------------
    SLICE_X5Y20          FDRE (Prop_fdre_C_Q)         0.456     5.599 f  u_deb/stable_cnt_reg[6]/Q
                         net (fo=2, routed)           0.937     6.536    u_deb/stable_cnt_reg[6]
    SLICE_X4Y20          LUT4 (Prop_lut4_I1_O)        0.124     6.660 r  u_deb/stable_cnt[0]_i_4/O
                         net (fo=1, routed)           0.417     7.078    u_deb/stable_cnt[0]_i_4_n_0
    SLICE_X4Y22          LUT5 (Prop_lut5_I2_O)        0.124     7.202 r  u_deb/stable_cnt[0]_i_1/O
                         net (fo=20, routed)          0.490     7.692    u_deb/stable_cnt[0]_i_1_n_0
    SLICE_X5Y23          FDRE                                         r  u_deb/stable_cnt_reg[17]/CE
  -------------------------------------------------------------------    -------------------

                         (clock sys_clk_pin rise edge)
                                                     10.000    10.000 r  
    W5                                                0.000    10.000 r  clk (IN)
                         net (fo=0)                   0.000    10.000    clk
    W5                   IBUF (Prop_ibuf_I_O)         1.388    11.388 r  clk_IBUF_inst/O
                         net (fo=1, routed)           1.862    13.250    clk_IBUF
    BUFGCTRL_X0Y0        BUFG (Prop_bufg_I_O)         0.091    13.341 r  clk_IBUF_BUFG_inst/O
                         net (fo=38, routed)          1.502    14.843    u_deb/CLK
    SLICE_X5Y23          FDRE                                         r  u_deb/stable_cnt_reg[17]/C
                         clock pessimism              0.273    15.116    
                         clock uncertainty           -0.035    15.081    
    SLICE_X5Y23          FDRE (Setup_fdre_C_CE)      -0.205    14.876    u_deb/stable_cnt_reg[17]
  -------------------------------------------------------------------
                         required time                         14.876    
                         arrival time                          -7.692    
  -------------------------------------------------------------------
                         slack                                  7.184    





Min Delay Paths
--------------------------------------------------------------------------------------
Slack (MET) :             0.186ns  (arrival time - required time)
  Source:                 sw_s1_reg[2]/C
                            (rising edge-triggered cell FDRE clocked by sys_clk_pin  {rise@0.000ns fall@5.000ns period=10.000ns})
  Destination:            sw_s2_reg[2]/D
                            (rising edge-triggered cell FDRE clocked by sys_clk_pin  {rise@0.000ns fall@5.000ns period=10.000ns})
  Path Group:             sys_clk_pin
  Path Type:              Hold (Min at Fast Process Corner)
  Requirement:            0.000ns  (sys_clk_pin rise@0.000ns - sys_clk_pin rise@0.000ns)
  Data Path Delay:        0.258ns  (logic 0.141ns (54.753%)  route 0.117ns (45.247%))
  Logic Levels:           0  
  Clock Path Skew:        0.000ns (DCD - SCD - CPR)
    Destination Clock Delay (DCD):    1.986ns
    Source Clock Delay      (SCD):    1.473ns
    Clock Pessimism Removal (CPR):    0.513ns

    Location             Delay type                Incr(ns)  Path(ns)    Netlist Resource(s)
  -------------------------------------------------------------------    -------------------
                         (clock sys_clk_pin rise edge)
                                                      0.000     0.000 r  
    W5                                                0.000     0.000 r  clk (IN)
                         net (fo=0)                   0.000     0.000    clk
    W5                   IBUF (Prop_ibuf_I_O)         0.226     0.226 r  clk_IBUF_inst/O
                         net (fo=1, routed)           0.631     0.858    clk_IBUF
    BUFGCTRL_X0Y0        BUFG (Prop_bufg_I_O)         0.026     0.884 r  clk_IBUF_BUFG_inst/O
                         net (fo=38, routed)          0.590     1.473    clk_IBUF_BUFG
    SLICE_X0Y16          FDRE                                         r  sw_s1_reg[2]/C
  -------------------------------------------------------------------    -------------------
    SLICE_X0Y16          FDRE (Prop_fdre_C_Q)         0.141     1.614 r  sw_s1_reg[2]/Q
                         net (fo=1, routed)           0.117     1.731    sw_s1[2]
    SLICE_X0Y16          FDRE                                         r  sw_s2_reg[2]/D
  -------------------------------------------------------------------    -------------------

                         (clock sys_clk_pin rise edge)
                                                      0.000     0.000 r  
    W5                                                0.000     0.000 r  clk (IN)
                         net (fo=0)                   0.000     0.000    clk
    W5                   IBUF (Prop_ibuf_I_O)         0.414     0.414 r  clk_IBUF_inst/O
                         net (fo=1, routed)           0.685     1.099    clk_IBUF
    BUFGCTRL_X0Y0        BUFG (Prop_bufg_I_O)         0.029     1.128 r  clk_IBUF_BUFG_inst/O
                         net (fo=38, routed)          0.859     1.986    clk_IBUF_BUFG
    SLICE_X0Y16          FDRE                                         r  sw_s2_reg[2]/C
                         clock pessimism             -0.513     1.473    
    SLICE_X0Y16          FDRE (Hold_fdre_C_D)         0.072     1.545    sw_s2_reg[2]
  -------------------------------------------------------------------
                         required time                         -1.545    
                         arrival time                           1.731    
  -------------------------------------------------------------------
                         slack                                  0.186    

Slack (MET) :             0.201ns  (arrival time - required time)
  Source:                 rf_rd_reg[1]/C
                            (rising edge-triggered cell FDRE clocked by sys_clk_pin  {rise@0.000ns fall@5.000ns period=10.000ns})
  Destination:            u_rf/regs_reg[1][8]/D
                            (rising edge-triggered cell FDRE clocked by sys_clk_pin  {rise@0.000ns fall@5.000ns period=10.000ns})
  Path Group:             sys_clk_pin
  Path Type:              Hold (Min at Fast Process Corner)
  Requirement:            0.000ns  (sys_clk_pin rise@0.000ns - sys_clk_pin rise@0.000ns)
  Data Path Delay:        0.344ns  (logic 0.189ns (54.883%)  route 0.155ns (45.117%))
  Logic Levels:           1  (LUT4=1)
  Clock Path Skew:        0.036ns (DCD - SCD - CPR)
    Destination Clock Delay (DCD):    1.983ns
    Source Clock Delay      (SCD):    1.469ns
    Clock Pessimism Removal (CPR):    0.478ns

    Location             Delay type                Incr(ns)  Path(ns)    Netlist Resource(s)
  -------------------------------------------------------------------    -------------------
                         (clock sys_clk_pin rise edge)
                                                      0.000     0.000 r  
    W5                                                0.000     0.000 r  clk (IN)
                         net (fo=0)                   0.000     0.000    clk
    W5                   IBUF (Prop_ibuf_I_O)         0.226     0.226 r  clk_IBUF_inst/O
                         net (fo=1, routed)           0.631     0.858    clk_IBUF
    BUFGCTRL_X0Y0        BUFG (Prop_bufg_I_O)         0.026     0.884 r  clk_IBUF_BUFG_inst/O
                         net (fo=38, routed)          0.586     1.469    clk_IBUF_BUFG
    SLICE_X4Y18          FDRE                                         r  rf_rd_reg[1]/C
  -------------------------------------------------------------------    -------------------
    SLICE_X4Y18          FDRE (Prop_fdre_C_Q)         0.141     1.610 r  rf_rd_reg[1]/Q
                         net (fo=4, routed)           0.155     1.765    u_rf/regs_reg[2][4]_2
    SLICE_X3Y19          LUT4 (Prop_lut4_I1_O)        0.048     1.813 r  u_rf/regs[1][8]_i_1/O
                         net (fo=1, routed)           0.000     1.813    u_rf/regs[1][8]_i_1_n_0
    SLICE_X3Y19          FDRE                                         r  u_rf/regs_reg[1][8]/D
  -------------------------------------------------------------------    -------------------

                         (clock sys_clk_pin rise edge)
                                                      0.000     0.000 r  
    W5                                                0.000     0.000 r  clk (IN)
                         net (fo=0)                   0.000     0.000    clk
    W5                   IBUF (Prop_ibuf_I_O)         0.414     0.414 r  clk_IBUF_inst/O
                         net (fo=1, routed)           0.685     1.099    clk_IBUF
    BUFGCTRL_X0Y0        BUFG (Prop_bufg_I_O)         0.029     1.128 r  clk_IBUF_BUFG_inst/O
                         net (fo=38, routed)          0.856     1.983    u_rf/CLK
    SLICE_X3Y19          FDRE                                         r  u_rf/regs_reg[1][8]/C
                         clock pessimism             -0.478     1.505    
    SLICE_X3Y19          FDRE (Hold_fdre_C_D)         0.107     1.612    u_rf/regs_reg[1][8]
  -------------------------------------------------------------------
                         required time                         -1.612    
                         arrival time                           1.813    
  -------------------------------------------------------------------
                         slack                                  0.201    

Slack (MET) :             0.203ns  (arrival time - required time)
  Source:                 rf_we_reg/C
                            (rising edge-triggered cell FDRE clocked by sys_clk_pin  {rise@0.000ns fall@5.000ns period=10.000ns})
  Destination:            u_rf/regs_reg[2][4]/D
                            (rising edge-triggered cell FDRE clocked by sys_clk_pin  {rise@0.000ns fall@5.000ns period=10.000ns})
  Path Group:             sys_clk_pin
  Path Type:              Hold (Min at Fast Process Corner)
  Requirement:            0.000ns  (sys_clk_pin rise@0.000ns - sys_clk_pin rise@0.000ns)
  Data Path Delay:        0.347ns  (logic 0.190ns (54.737%)  route 0.157ns (45.263%))
  Logic Levels:           1  (LUT4=1)
  Clock Path Skew:        0.037ns (DCD - SCD - CPR)
    Destination Clock Delay (DCD):    1.983ns
    Source Clock Delay      (SCD):    1.468ns
    Clock Pessimism Removal (CPR):    0.478ns

    Location             Delay type                Incr(ns)  Path(ns)    Netlist Resource(s)
  -------------------------------------------------------------------    -------------------
                         (clock sys_clk_pin rise edge)
                                                      0.000     0.000 r  
    W5                                                0.000     0.000 r  clk (IN)
                         net (fo=0)                   0.000     0.000    clk
    W5                   IBUF (Prop_ibuf_I_O)         0.226     0.226 r  clk_IBUF_inst/O
                         net (fo=1, routed)           0.631     0.858    clk_IBUF
    BUFGCTRL_X0Y0        BUFG (Prop_bufg_I_O)         0.026     0.884 r  clk_IBUF_BUFG_inst/O
                         net (fo=38, routed)          0.585     1.468    clk_IBUF_BUFG
    SLICE_X4Y19          FDRE                                         r  rf_we_reg/C
  -------------------------------------------------------------------    -------------------
    SLICE_X4Y19          FDRE (Prop_fdre_C_Q)         0.141     1.609 f  rf_we_reg/Q
                         net (fo=4, routed)           0.157     1.766    u_rf/regs_reg[2][4]_0
    SLICE_X3Y19          LUT4 (Prop_lut4_I0_O)        0.049     1.815 r  u_rf/regs[2][4]_i_1/O
                         net (fo=1, routed)           0.000     1.815    u_rf/regs[2][4]_i_1_n_0
    SLICE_X3Y19          FDRE                                         r  u_rf/regs_reg[2][4]/D
  -------------------------------------------------------------------    -------------------

                         (clock sys_clk_pin rise edge)
                                                      0.000     0.000 r  
    W5                                                0.000     0.000 r  clk (IN)
                         net (fo=0)                   0.000     0.000    clk
    W5                   IBUF (Prop_ibuf_I_O)         0.414     0.414 r  clk_IBUF_inst/O
                         net (fo=1, routed)           0.685     1.099    clk_IBUF
    BUFGCTRL_X0Y0        BUFG (Prop_bufg_I_O)         0.029     1.128 r  clk_IBUF_BUFG_inst/O
                         net (fo=38, routed)          0.856     1.983    u_rf/CLK
    SLICE_X3Y19          FDRE                                         r  u_rf/regs_reg[2][4]/C
                         clock pessimism             -0.478     1.505    
    SLICE_X3Y19          FDRE (Hold_fdre_C_D)         0.107     1.612    u_rf/regs_reg[2][4]
  -------------------------------------------------------------------
                         required time                         -1.612    
                         arrival time                           1.815    
  -------------------------------------------------------------------
                         slack                                  0.203    

Slack (MET) :             0.205ns  (arrival time - required time)
  Source:                 FSM_onehot_state_reg[0]/C
                            (rising edge-triggered cell FDSE clocked by sys_clk_pin  {rise@0.000ns fall@5.000ns period=10.000ns})
  Destination:            rf_rd_reg[0]/D
                            (rising edge-triggered cell FDRE clocked by sys_clk_pin  {rise@0.000ns fall@5.000ns period=10.000ns})
  Path Group:             sys_clk_pin
  Path Type:              Hold (Min at Fast Process Corner)
  Requirement:            0.000ns  (sys_clk_pin rise@0.000ns - sys_clk_pin rise@0.000ns)
  Data Path Delay:        0.275ns  (logic 0.141ns (51.356%)  route 0.134ns (48.644%))
  Logic Levels:           0  
  Clock Path Skew:        0.000ns (DCD - SCD - CPR)
    Destination Clock Delay (DCD):    1.982ns
    Source Clock Delay      (SCD):    1.469ns
    Clock Pessimism Removal (CPR):    0.513ns

    Location             Delay type                Incr(ns)  Path(ns)    Netlist Resource(s)
  -------------------------------------------------------------------    -------------------
                         (clock sys_clk_pin rise edge)
                                                      0.000     0.000 r  
    W5                                                0.000     0.000 r  clk (IN)
                         net (fo=0)                   0.000     0.000    clk
    W5                   IBUF (Prop_ibuf_I_O)         0.226     0.226 r  clk_IBUF_inst/O
                         net (fo=1, routed)           0.631     0.858    clk_IBUF
    BUFGCTRL_X0Y0        BUFG (Prop_bufg_I_O)         0.026     0.884 r  clk_IBUF_BUFG_inst/O
                         net (fo=38, routed)          0.586     1.469    clk_IBUF_BUFG
    SLICE_X4Y18          FDSE                                         r  FSM_onehot_state_reg[0]/C
  -------------------------------------------------------------------    -------------------
    SLICE_X4Y18          FDSE (Prop_fdse_C_Q)         0.141     1.610 r  FSM_onehot_state_reg[0]/Q
                         net (fo=4, routed)           0.134     1.744    rf_rd[0]
    SLICE_X4Y18          FDRE                                         r  rf_rd_reg[0]/D
  -------------------------------------------------------------------    -------------------

                         (clock sys_clk_pin rise edge)
                                                      0.000     0.000 r  
    W5                                                0.000     0.000 r  clk (IN)
                         net (fo=0)                   0.000     0.000    clk
    W5                   IBUF (Prop_ibuf_I_O)         0.414     0.414 r  clk_IBUF_inst/O
                         net (fo=1, routed)           0.685     1.099    clk_IBUF
    BUFGCTRL_X0Y0        BUFG (Prop_bufg_I_O)         0.029     1.128 r  clk_IBUF_BUFG_inst/O
                         net (fo=38, routed)          0.855     1.982    clk_IBUF_BUFG
    SLICE_X4Y18          FDRE                                         r  rf_rd_reg[0]/C
                         clock pessimism             -0.513     1.469    
    SLICE_X4Y18          FDRE (Hold_fdre_C_D)         0.070     1.539    rf_rd_reg[0]
  -------------------------------------------------------------------
                         required time                         -1.539    
                         arrival time                           1.744    
  -------------------------------------------------------------------
                         slack                                  0.205    

Slack (MET) :             0.214ns  (arrival time - required time)
  Source:                 rf_we_reg/C
                            (rising edge-triggered cell FDRE clocked by sys_clk_pin  {rise@0.000ns fall@5.000ns period=10.000ns})
  Destination:            u_rf/regs_reg[2][0]/D
                            (rising edge-triggered cell FDRE clocked by sys_clk_pin  {rise@0.000ns fall@5.000ns period=10.000ns})
  Path Group:             sys_clk_pin
  Path Type:              Hold (Min at Fast Process Corner)
  Requirement:            0.000ns  (sys_clk_pin rise@0.000ns - sys_clk_pin rise@0.000ns)
  Data Path Delay:        0.343ns  (logic 0.186ns (54.209%)  route 0.157ns (45.791%))
  Logic Levels:           1  (LUT4=1)
  Clock Path Skew:        0.037ns (DCD - SCD - CPR)
    Destination Clock Delay (DCD):    1.983ns
    Source Clock Delay      (SCD):    1.468ns
    Clock Pessimism Removal (CPR):    0.478ns

    Location             Delay type                Incr(ns)  Path(ns)    Netlist Resource(s)
  -------------------------------------------------------------------    -------------------
                         (clock sys_clk_pin rise edge)
                                                      0.000     0.000 r  
    W5                                                0.000     0.000 r  clk (IN)
                         net (fo=0)                   0.000     0.000    clk
    W5                   IBUF (Prop_ibuf_I_O)         0.226     0.226 r  clk_IBUF_inst/O
                         net (fo=1, routed)           0.631     0.858    clk_IBUF
    BUFGCTRL_X0Y0        BUFG (Prop_bufg_I_O)         0.026     0.884 r  clk_IBUF_BUFG_inst/O
                         net (fo=38, routed)          0.585     1.468    clk_IBUF_BUFG
    SLICE_X4Y19          FDRE                                         r  rf_we_reg/C
  -------------------------------------------------------------------    -------------------
    SLICE_X4Y19          FDRE (Prop_fdre_C_Q)         0.141     1.609 r  rf_we_reg/Q
                         net (fo=4, routed)           0.157     1.766    u_rf/regs_reg[2][4]_0
    SLICE_X3Y19          LUT4 (Prop_lut4_I0_O)        0.045     1.811 r  u_rf/regs[2][0]_i_1/O
                         net (fo=1, routed)           0.000     1.811    u_rf/regs[2][0]_i_1_n_0
    SLICE_X3Y19          FDRE                                         r  u_rf/regs_reg[2][0]/D
  -------------------------------------------------------------------    -------------------

                         (clock sys_clk_pin rise edge)
                                                      0.000     0.000 r  
    W5                                                0.000     0.000 r  clk (IN)
                         net (fo=0)                   0.000     0.000    clk
    W5                   IBUF (Prop_ibuf_I_O)         0.414     0.414 r  clk_IBUF_inst/O
                         net (fo=1, routed)           0.685     1.099    clk_IBUF
    BUFGCTRL_X0Y0        BUFG (Prop_bufg_I_O)         0.029     1.128 r  clk_IBUF_BUFG_inst/O
                         net (fo=38, routed)          0.856     1.983    u_rf/CLK
    SLICE_X3Y19          FDRE                                         r  u_rf/regs_reg[2][0]/C
                         clock pessimism             -0.478     1.505    
    SLICE_X3Y19          FDRE (Hold_fdre_C_D)         0.092     1.597    u_rf/regs_reg[2][0]
  -------------------------------------------------------------------
                         required time                         -1.597    
                         arrival time                           1.811    
  -------------------------------------------------------------------
                         slack                                  0.214    

Slack (MET) :             0.214ns  (arrival time - required time)
  Source:                 rf_rd_reg[1]/C
                            (rising edge-triggered cell FDRE clocked by sys_clk_pin  {rise@0.000ns fall@5.000ns period=10.000ns})
  Destination:            u_rf/regs_reg[1][4]/D
                            (rising edge-triggered cell FDRE clocked by sys_clk_pin  {rise@0.000ns fall@5.000ns period=10.000ns})
  Path Group:             sys_clk_pin
  Path Type:              Hold (Min at Fast Process Corner)
  Requirement:            0.000ns  (sys_clk_pin rise@0.000ns - sys_clk_pin rise@0.000ns)
  Data Path Delay:        0.341ns  (logic 0.186ns (54.487%)  route 0.155ns (45.513%))
  Logic Levels:           1  (LUT4=1)
  Clock Path Skew:        0.036ns (DCD - SCD - CPR)
    Destination Clock Delay (DCD):    1.983ns
    Source Clock Delay      (SCD):    1.469ns
    Clock Pessimism Removal (CPR):    0.478ns

    Location             Delay type                Incr(ns)  Path(ns)    Netlist Resource(s)
  -------------------------------------------------------------------    -------------------
                         (clock sys_clk_pin rise edge)
                                                      0.000     0.000 r  
    W5                                                0.000     0.000 r  clk (IN)
                         net (fo=0)                   0.000     0.000    clk
    W5                   IBUF (Prop_ibuf_I_O)         0.226     0.226 r  clk_IBUF_inst/O
                         net (fo=1, routed)           0.631     0.858    clk_IBUF
    BUFGCTRL_X0Y0        BUFG (Prop_bufg_I_O)         0.026     0.884 r  clk_IBUF_BUFG_inst/O
                         net (fo=38, routed)          0.586     1.469    clk_IBUF_BUFG
    SLICE_X4Y18          FDRE                                         r  rf_rd_reg[1]/C
  -------------------------------------------------------------------    -------------------
    SLICE_X4Y18          FDRE (Prop_fdre_C_Q)         0.141     1.610 f  rf_rd_reg[1]/Q
                         net (fo=4, routed)           0.155     1.765    u_rf/regs_reg[2][4]_2
    SLICE_X3Y19          LUT4 (Prop_lut4_I1_O)        0.045     1.810 r  u_rf/regs[1][4]_i_1/O
                         net (fo=1, routed)           0.000     1.810    u_rf/regs[1][4]_i_1_n_0
    SLICE_X3Y19          FDRE                                         r  u_rf/regs_reg[1][4]/D
  -------------------------------------------------------------------    -------------------

                         (clock sys_clk_pin rise edge)
                                                      0.000     0.000 r  
    W5                                                0.000     0.000 r  clk (IN)
                         net (fo=0)                   0.000     0.000    clk
    W5                   IBUF (Prop_ibuf_I_O)         0.414     0.414 r  clk_IBUF_inst/O
                         net (fo=1, routed)           0.685     1.099    clk_IBUF
    BUFGCTRL_X0Y0        BUFG (Prop_bufg_I_O)         0.029     1.128 r  clk_IBUF_BUFG_inst/O
                         net (fo=38, routed)          0.856     1.983    u_rf/CLK
    SLICE_X3Y19          FDRE                                         r  u_rf/regs_reg[1][4]/C
                         clock pessimism             -0.478     1.505    
    SLICE_X3Y19          FDRE (Hold_fdre_C_D)         0.091     1.596    u_rf/regs_reg[1][4]
  -------------------------------------------------------------------
                         required time                         -1.596    
                         arrival time                           1.810    
  -------------------------------------------------------------------
                         slack                                  0.214    

Slack (MET) :             0.228ns  (arrival time - required time)
  Source:                 sw_s1_reg[1]/C
                            (rising edge-triggered cell FDRE clocked by sys_clk_pin  {rise@0.000ns fall@5.000ns period=10.000ns})
  Destination:            sw_s2_reg[1]/D
                            (rising edge-triggered cell FDRE clocked by sys_clk_pin  {rise@0.000ns fall@5.000ns period=10.000ns})
  Path Group:             sys_clk_pin
  Path Type:              Hold (Min at Fast Process Corner)
  Requirement:            0.000ns  (sys_clk_pin rise@0.000ns - sys_clk_pin rise@0.000ns)
  Data Path Delay:        0.311ns  (logic 0.141ns (45.298%)  route 0.170ns (54.702%))
  Logic Levels:           0  
  Clock Path Skew:        0.013ns (DCD - SCD - CPR)
    Destination Clock Delay (DCD):    1.986ns
    Source Clock Delay      (SCD):    1.473ns
    Clock Pessimism Removal (CPR):    0.500ns

    Location             Delay type                Incr(ns)  Path(ns)    Netlist Resource(s)
  -------------------------------------------------------------------    -------------------
                         (clock sys_clk_pin rise edge)
                                                      0.000     0.000 r  
    W5                                                0.000     0.000 r  clk (IN)
                         net (fo=0)                   0.000     0.000    clk
    W5                   IBUF (Prop_ibuf_I_O)         0.226     0.226 r  clk_IBUF_inst/O
                         net (fo=1, routed)           0.631     0.858    clk_IBUF
    BUFGCTRL_X0Y0        BUFG (Prop_bufg_I_O)         0.026     0.884 r  clk_IBUF_BUFG_inst/O
                         net (fo=38, routed)          0.590     1.473    clk_IBUF_BUFG
    SLICE_X1Y16          FDRE                                         r  sw_s1_reg[1]/C
  -------------------------------------------------------------------    -------------------
    SLICE_X1Y16          FDRE (Prop_fdre_C_Q)         0.141     1.614 r  sw_s1_reg[1]/Q
                         net (fo=1, routed)           0.170     1.784    sw_s1[1]
    SLICE_X0Y16          FDRE                                         r  sw_s2_reg[1]/D
  -------------------------------------------------------------------    -------------------

                         (clock sys_clk_pin rise edge)
                                                      0.000     0.000 r  
    W5                                                0.000     0.000 r  clk (IN)
                         net (fo=0)                   0.000     0.000    clk
    W5                   IBUF (Prop_ibuf_I_O)         0.414     0.414 r  clk_IBUF_inst/O
                         net (fo=1, routed)           0.685     1.099    clk_IBUF
    BUFGCTRL_X0Y0        BUFG (Prop_bufg_I_O)         0.029     1.128 r  clk_IBUF_BUFG_inst/O
                         net (fo=38, routed)          0.859     1.986    clk_IBUF_BUFG
    SLICE_X0Y16          FDRE                                         r  sw_s2_reg[1]/C
                         clock pessimism             -0.500     1.486    
    SLICE_X0Y16          FDRE (Hold_fdre_C_D)         0.070     1.556    sw_s2_reg[1]
  -------------------------------------------------------------------
                         required time                         -1.556    
                         arrival time                           1.784    
  -------------------------------------------------------------------
                         slack                                  0.228    

Slack (MET) :             0.238ns  (arrival time - required time)
  Source:                 sw_s1_reg[3]/C
                            (rising edge-triggered cell FDRE clocked by sys_clk_pin  {rise@0.000ns fall@5.000ns period=10.000ns})
  Destination:            sw_s2_reg[3]/D
                            (rising edge-triggered cell FDRE clocked by sys_clk_pin  {rise@0.000ns fall@5.000ns period=10.000ns})
  Path Group:             sys_clk_pin
  Path Type:              Hold (Min at Fast Process Corner)
  Requirement:            0.000ns  (sys_clk_pin rise@0.000ns - sys_clk_pin rise@0.000ns)
  Data Path Delay:        0.315ns  (logic 0.141ns (44.767%)  route 0.174ns (55.233%))
  Logic Levels:           0  
  Clock Path Skew:        0.011ns (DCD - SCD - CPR)
    Destination Clock Delay (DCD):    1.983ns
    Source Clock Delay      (SCD):    1.473ns
    Clock Pessimism Removal (CPR):    0.499ns

    Location             Delay type                Incr(ns)  Path(ns)    Netlist Resource(s)
  -------------------------------------------------------------------    -------------------
                         (clock sys_clk_pin rise edge)
                                                      0.000     0.000 r  
    W5                                                0.000     0.000 r  clk (IN)
                         net (fo=0)                   0.000     0.000    clk
    W5                   IBUF (Prop_ibuf_I_O)         0.226     0.226 r  clk_IBUF_inst/O
                         net (fo=1, routed)           0.631     0.858    clk_IBUF
    BUFGCTRL_X0Y0        BUFG (Prop_bufg_I_O)         0.026     0.884 r  clk_IBUF_BUFG_inst/O
                         net (fo=38, routed)          0.590     1.473    clk_IBUF_BUFG
    SLICE_X0Y16          FDRE                                         r  sw_s1_reg[3]/C
  -------------------------------------------------------------------    -------------------
    SLICE_X0Y16          FDRE (Prop_fdre_C_Q)         0.141     1.614 r  sw_s1_reg[3]/Q
                         net (fo=1, routed)           0.174     1.788    sw_s1[3]
    SLICE_X0Y19          FDRE                                         r  sw_s2_reg[3]/D
  -------------------------------------------------------------------    -------------------

                         (clock sys_clk_pin rise edge)
                                                      0.000     0.000 r  
    W5                                                0.000     0.000 r  clk (IN)
                         net (fo=0)                   0.000     0.000    clk
    W5                   IBUF (Prop_ibuf_I_O)         0.414     0.414 r  clk_IBUF_inst/O
                         net (fo=1, routed)           0.685     1.099    clk_IBUF
    BUFGCTRL_X0Y0        BUFG (Prop_bufg_I_O)         0.029     1.128 r  clk_IBUF_BUFG_inst/O
                         net (fo=38, routed)          0.856     1.983    clk_IBUF_BUFG
    SLICE_X0Y19          FDRE                                         r  sw_s2_reg[3]/C
                         clock pessimism             -0.499     1.484    
    SLICE_X0Y19          FDRE (Hold_fdre_C_D)         0.066     1.550    sw_s2_reg[3]
  -------------------------------------------------------------------
                         required time                         -1.550    
                         arrival time                           1.788    
  -------------------------------------------------------------------
                         slack                                  0.238    

Slack (MET) :             0.238ns  (arrival time - required time)
  Source:                 sw_s1_reg[0]/C
                            (rising edge-triggered cell FDRE clocked by sys_clk_pin  {rise@0.000ns fall@5.000ns period=10.000ns})
  Destination:            sw_s2_reg[0]/D
                            (rising edge-triggered cell FDRE clocked by sys_clk_pin  {rise@0.000ns fall@5.000ns period=10.000ns})
  Path Group:             sys_clk_pin
  Path Type:              Hold (Min at Fast Process Corner)
  Requirement:            0.000ns  (sys_clk_pin rise@0.000ns - sys_clk_pin rise@0.000ns)
  Data Path Delay:        0.319ns  (logic 0.141ns (44.201%)  route 0.178ns (55.799%))
  Logic Levels:           0  
  Clock Path Skew:        0.011ns (DCD - SCD - CPR)
    Destination Clock Delay (DCD):    1.983ns
    Source Clock Delay      (SCD):    1.473ns
    Clock Pessimism Removal (CPR):    0.499ns

    Location             Delay type                Incr(ns)  Path(ns)    Netlist Resource(s)
  -------------------------------------------------------------------    -------------------
                         (clock sys_clk_pin rise edge)
                                                      0.000     0.000 r  
    W5                                                0.000     0.000 r  clk (IN)
                         net (fo=0)                   0.000     0.000    clk
    W5                   IBUF (Prop_ibuf_I_O)         0.226     0.226 r  clk_IBUF_inst/O
                         net (fo=1, routed)           0.631     0.858    clk_IBUF
    BUFGCTRL_X0Y0        BUFG (Prop_bufg_I_O)         0.026     0.884 r  clk_IBUF_BUFG_inst/O
                         net (fo=38, routed)          0.590     1.473    clk_IBUF_BUFG
    SLICE_X1Y16          FDRE                                         r  sw_s1_reg[0]/C
  -------------------------------------------------------------------    -------------------
    SLICE_X1Y16          FDRE (Prop_fdre_C_Q)         0.141     1.614 r  sw_s1_reg[0]/Q
                         net (fo=1, routed)           0.178     1.792    sw_s1[0]
    SLICE_X0Y19          FDRE                                         r  sw_s2_reg[0]/D
  -------------------------------------------------------------------    -------------------

                         (clock sys_clk_pin rise edge)
                                                      0.000     0.000 r  
    W5                                                0.000     0.000 r  clk (IN)
                         net (fo=0)                   0.000     0.000    clk
    W5                   IBUF (Prop_ibuf_I_O)         0.414     0.414 r  clk_IBUF_inst/O
                         net (fo=1, routed)           0.685     1.099    clk_IBUF
    BUFGCTRL_X0Y0        BUFG (Prop_bufg_I_O)         0.029     1.128 r  clk_IBUF_BUFG_inst/O
                         net (fo=38, routed)          0.856     1.983    clk_IBUF_BUFG
    SLICE_X0Y19          FDRE                                         r  sw_s2_reg[0]/C
                         clock pessimism             -0.499     1.484    
    SLICE_X0Y19          FDRE (Hold_fdre_C_D)         0.070     1.554    sw_s2_reg[0]
  -------------------------------------------------------------------
                         required time                         -1.554    
                         arrival time                           1.792    
  -------------------------------------------------------------------
                         slack                                  0.238    

Slack (MET) :             0.252ns  (arrival time - required time)
  Source:                 u_deb/stable_cnt_reg[3]/C
                            (rising edge-triggered cell FDRE clocked by sys_clk_pin  {rise@0.000ns fall@5.000ns period=10.000ns})
  Destination:            u_deb/stable_cnt_reg[3]/D
                            (rising edge-triggered cell FDRE clocked by sys_clk_pin  {rise@0.000ns fall@5.000ns period=10.000ns})
  Path Group:             sys_clk_pin
  Path Type:              Hold (Min at Fast Process Corner)
  Requirement:            0.000ns  (sys_clk_pin rise@0.000ns - sys_clk_pin rise@0.000ns)
  Data Path Delay:        0.357ns  (logic 0.249ns (69.714%)  route 0.108ns (30.286%))
  Logic Levels:           1  (CARRY4=1)
  Clock Path Skew:        0.000ns (DCD - SCD - CPR)
    Destination Clock Delay (DCD):    1.981ns
    Source Clock Delay      (SCD):    1.468ns
    Clock Pessimism Removal (CPR):    0.513ns

    Location             Delay type                Incr(ns)  Path(ns)    Netlist Resource(s)
  -------------------------------------------------------------------    -------------------
                         (clock sys_clk_pin rise edge)
                                                      0.000     0.000 r  
    W5                                                0.000     0.000 r  clk (IN)
                         net (fo=0)                   0.000     0.000    clk
    W5                   IBUF (Prop_ibuf_I_O)         0.226     0.226 r  clk_IBUF_inst/O
                         net (fo=1, routed)           0.631     0.858    clk_IBUF
    BUFGCTRL_X0Y0        BUFG (Prop_bufg_I_O)         0.026     0.884 r  clk_IBUF_BUFG_inst/O
                         net (fo=38, routed)          0.585     1.468    u_deb/CLK
    SLICE_X5Y19          FDRE                                         r  u_deb/stable_cnt_reg[3]/C
  -------------------------------------------------------------------    -------------------
    SLICE_X5Y19          FDRE (Prop_fdre_C_Q)         0.141     1.609 r  u_deb/stable_cnt_reg[3]/Q
                         net (fo=1, routed)           0.108     1.717    u_deb/stable_cnt_reg_n_0_[3]
    SLICE_X5Y19          CARRY4 (Prop_carry4_S[3]_O[3])
                                                      0.108     1.825 r  u_deb/stable_cnt_reg[0]_i_2/O[3]
                         net (fo=1, routed)           0.000     1.825    u_deb/stable_cnt_reg[0]_i_2_n_4
    SLICE_X5Y19          FDRE                                         r  u_deb/stable_cnt_reg[3]/D
  -------------------------------------------------------------------    -------------------

                         (clock sys_clk_pin rise edge)
                                                      0.000     0.000 r  
    W5                                                0.000     0.000 r  clk (IN)
                         net (fo=0)                   0.000     0.000    clk
    W5                   IBUF (Prop_ibuf_I_O)         0.414     0.414 r  clk_IBUF_inst/O
                         net (fo=1, routed)           0.685     1.099    clk_IBUF
    BUFGCTRL_X0Y0        BUFG (Prop_bufg_I_O)         0.029     1.128 r  clk_IBUF_BUFG_inst/O
                         net (fo=38, routed)          0.854     1.981    u_deb/CLK
    SLICE_X5Y19          FDRE                                         r  u_deb/stable_cnt_reg[3]/C
                         clock pessimism             -0.513     1.468    
    SLICE_X5Y19          FDRE (Hold_fdre_C_D)         0.105     1.573    u_deb/stable_cnt_reg[3]
  -------------------------------------------------------------------
                         required time                         -1.573    
                         arrival time                           1.825    
  -------------------------------------------------------------------
                         slack                                  0.252    





Pulse Width Checks
--------------------------------------------------------------------------------------
Clock Name:         sys_clk_pin
Waveform(ns):       { 0.000 5.000 }
Period(ns):         10.000
Sources:            { clk }

Check Type        Corner  Lib Pin  Reference Pin  Required(ns)  Actual(ns)  Slack(ns)  Location       Pin
Min Period        n/a     BUFG/I   n/a            2.155         10.000      7.845      BUFGCTRL_X0Y0  clk_IBUF_BUFG_inst/I
Min Period        n/a     FDSE/C   n/a            1.000         10.000      9.000      SLICE_X4Y18    FSM_onehot_state_reg[0]/C
Min Period        n/a     FDRE/C   n/a            1.000         10.000      9.000      SLICE_X4Y18    FSM_onehot_state_reg[1]/C
Min Period        n/a     FDRE/C   n/a            1.000         10.000      9.000      SLICE_X4Y18    rf_rd_reg[0]/C
Min Period        n/a     FDRE/C   n/a            1.000         10.000      9.000      SLICE_X4Y18    rf_rd_reg[1]/C
Min Period        n/a     FDRE/C   n/a            1.000         10.000      9.000      SLICE_X4Y19    rf_we_reg/C
Min Period        n/a     FDRE/C   n/a            1.000         10.000      9.000      SLICE_X1Y16    sw_s1_reg[0]/C
Min Period        n/a     FDRE/C   n/a            1.000         10.000      9.000      SLICE_X1Y16    sw_s1_reg[1]/C
Min Period        n/a     FDRE/C   n/a            1.000         10.000      9.000      SLICE_X0Y16    sw_s1_reg[2]/C
Min Period        n/a     FDRE/C   n/a            1.000         10.000      9.000      SLICE_X0Y16    sw_s1_reg[3]/C
Low Pulse Width   Slow    FDSE/C   n/a            0.500         5.000       4.500      SLICE_X4Y18    FSM_onehot_state_reg[0]/C
Low Pulse Width   Slow    FDRE/C   n/a            0.500         5.000       4.500      SLICE_X4Y18    FSM_onehot_state_reg[1]/C
Low Pulse Width   Slow    FDRE/C   n/a            0.500         5.000       4.500      SLICE_X4Y18    rf_rd_reg[0]/C
Low Pulse Width   Slow    FDRE/C   n/a            0.500         5.000       4.500      SLICE_X4Y18    rf_rd_reg[1]/C
Low Pulse Width   Slow    FDRE/C   n/a            0.500         5.000       4.500      SLICE_X4Y19    rf_we_reg/C
Low Pulse Width   Fast    FDRE/C   n/a            0.500         5.000       4.500      SLICE_X1Y16    sw_s1_reg[0]/C
Low Pulse Width   Fast    FDRE/C   n/a            0.500         5.000       4.500      SLICE_X1Y16    sw_s1_reg[1]/C
Low Pulse Width   Fast    FDRE/C   n/a            0.500         5.000       4.500      SLICE_X0Y16    sw_s1_reg[2]/C
Low Pulse Width   Fast    FDRE/C   n/a            0.500         5.000       4.500      SLICE_X0Y16    sw_s1_reg[3]/C
Low Pulse Width   Slow    FDRE/C   n/a            0.500         5.000       4.500      SLICE_X0Y19    sw_s2_reg[0]/C
High Pulse Width  Slow    FDRE/C   n/a            0.500         5.000       4.500      SLICE_X1Y16    sw_s1_reg[0]/C
High Pulse Width  Fast    FDRE/C   n/a            0.500         5.000       4.500      SLICE_X1Y16    sw_s1_reg[0]/C
High Pulse Width  Slow    FDRE/C   n/a            0.500         5.000       4.500      SLICE_X1Y16    sw_s1_reg[1]/C
High Pulse Width  Fast    FDRE/C   n/a            0.500         5.000       4.500      SLICE_X1Y16    sw_s1_reg[1]/C
High Pulse Width  Slow    FDRE/C   n/a            0.500         5.000       4.500      SLICE_X0Y16    sw_s1_reg[2]/C
High Pulse Width  Fast    FDRE/C   n/a            0.500         5.000       4.500      SLICE_X0Y16    sw_s1_reg[2]/C
High Pulse Width  Slow    FDRE/C   n/a            0.500         5.000       4.500      SLICE_X0Y16    sw_s1_reg[3]/C
High Pulse Width  Fast    FDRE/C   n/a            0.500         5.000       4.500      SLICE_X0Y16    sw_s1_reg[3]/C
High Pulse Width  Slow    FDRE/C   n/a            0.500         5.000       4.500      SLICE_X0Y16    sw_s2_reg[1]/C
High Pulse Width  Fast    FDRE/C   n/a            0.500         5.000       4.500      SLICE_X0Y16    sw_s2_reg[1]/C



