Copyright 1986-2020 Xilinx, Inc. All Rights Reserved.
--------------------------------------------------------------------------------------------------------------------------------------------------------------------------------------------
| Tool Version : Vivado v.2020.1 (win64) Build 2902540 Wed May 27 19:54:49 MDT 2020
| Date         : Mon Mar  9 11:33:47 2026
| Host         : HU-DOPX-ML26 running 64-bit major release  (build 9200)
| Command      : report_timing_summary -max_paths 10 -file fsm_top_timing_summary_routed.rpt -pb fsm_top_timing_summary_routed.pb -rpx fsm_top_timing_summary_routed.rpx -warn_on_violation
| Design       : fsm_top
| Device       : 7a35t-cpg236
| Speed File   : -1  PRODUCTION 1.23 2018-06-13
--------------------------------------------------------------------------------------------------------------------------------------------------------------------------------------------

Timing Summary Report

------------------------------------------------------------------------------------------------
| Timer Settings
| --------------
------------------------------------------------------------------------------------------------

  Enable Multi Corner Analysis               :  Yes
  Enable Pessimism Removal                   :  Yes
  Pessimism Removal Resolution               :  Nearest Common Node
  Enable Input Delay Default Clock           :  No
  Enable Preset / Clear Arcs                 :  No
  Disable Flight Delays                      :  No
  Ignore I/O Paths                           :  No
  Timing Early Launch at Borrowing Latches   :  No
  Borrow Time for Max Delay Exceptions       :  Yes
  Merge Timing Exceptions                    :  Yes

  Corner  Analyze    Analyze    
  Name    Max Paths  Min Paths  
  ------  ---------  ---------  
  Slow    Yes        Yes        
  Fast    Yes        Yes        



check_timing report

Table of Contents
-----------------
1. checking no_clock (0)
2. checking constant_clock (0)
3. checking pulse_width_clock (0)
4. checking unconstrained_internal_endpoints (0)
5. checking no_input_delay (5)
6. checking no_output_delay (13)
7. checking multiple_clock (0)
8. checking generated_clocks (0)
9. checking loops (0)
10. checking partial_input_delay (0)
11. checking partial_output_delay (0)
12. checking latch_loops (0)

1. checking no_clock (0)
------------------------
 There are 0 register/latch pins with no clock.


2. checking constant_clock (0)
------------------------------
 There are 0 register/latch pins with constant_clock.


3. checking pulse_width_clock (0)
---------------------------------
 There are 0 register/latch pins which need pulse_width check


4. checking unconstrained_internal_endpoints (0)
------------------------------------------------
 There are 0 pins that are not constrained for maximum delay.

 There are 0 pins that are not constrained for maximum delay due to constant clock.


5. checking no_input_delay (5)
------------------------------
 There are 5 input ports with no input delay specified. (HIGH)

 There are 0 input ports with no input delay but user has a false path constraint.


6. checking no_output_delay (13)
--------------------------------
 There are 13 ports with no output delay specified. (HIGH)

 There are 0 ports with no output delay but user has a false path constraint

 There are 0 ports with no output delay but with a timing clock defined on it or propagating through it


7. checking multiple_clock (0)
------------------------------
 There are 0 register/latch pins with multiple clocks.


8. checking generated_clocks (0)
--------------------------------
 There are 0 generated clocks that are not connected to a clock source.


9. checking loops (0)
---------------------
 There are 0 combinational loops in the design.


10. checking partial_input_delay (0)
------------------------------------
 There are 0 input ports with partial input delay specified.


11. checking partial_output_delay (0)
-------------------------------------
 There are 0 ports with partial output delay specified.


12. checking latch_loops (0)
----------------------------
 There are 0 combinational latch loops in the design through latch input



------------------------------------------------------------------------------------------------
| Design Timing Summary
| ---------------------
------------------------------------------------------------------------------------------------

    WNS(ns)      TNS(ns)  TNS Failing Endpoints  TNS Total Endpoints      WHS(ns)      THS(ns)  THS Failing Endpoints  THS Total Endpoints     WPWS(ns)     TPWS(ns)  TPWS Failing Endpoints  TPWS Total Endpoints  
    -------      -------  ---------------------  -------------------      -------      -------  ---------------------  -------------------     --------     --------  ----------------------  --------------------  
      6.226        0.000                      0                  196        0.189        0.000                      0                  196        4.500        0.000                       0                    81  


All user specified timing constraints are met.


------------------------------------------------------------------------------------------------
| Clock Summary
| -------------
------------------------------------------------------------------------------------------------

Clock        Waveform(ns)       Period(ns)      Frequency(MHz)
-----        ------------       ----------      --------------
sys_clk_pin  {0.000 5.000}      10.000          100.000         


------------------------------------------------------------------------------------------------
| Intra Clock Table
| -----------------
------------------------------------------------------------------------------------------------

Clock             WNS(ns)      TNS(ns)  TNS Failing Endpoints  TNS Total Endpoints      WHS(ns)      THS(ns)  THS Failing Endpoints  THS Total Endpoints     WPWS(ns)     TPWS(ns)  TPWS Failing Endpoints  TPWS Total Endpoints  
-----             -------      -------  ---------------------  -------------------      -------      -------  ---------------------  -------------------     --------     --------  ----------------------  --------------------  
sys_clk_pin         6.226        0.000                      0                  196        0.189        0.000                      0                  196        4.500        0.000                       0                    81  


------------------------------------------------------------------------------------------------
| Inter Clock Table
| -----------------
------------------------------------------------------------------------------------------------

From Clock    To Clock          WNS(ns)      TNS(ns)  TNS Failing Endpoints  TNS Total Endpoints      WHS(ns)      THS(ns)  THS Failing Endpoints  THS Total Endpoints  
----------    --------          -------      -------  ---------------------  -------------------      -------      -------  ---------------------  -------------------  


------------------------------------------------------------------------------------------------
| Other Path Groups Table
| -----------------------
------------------------------------------------------------------------------------------------

Path Group    From Clock    To Clock          WNS(ns)      TNS(ns)  TNS Failing Endpoints  TNS Total Endpoints      WHS(ns)      THS(ns)  THS Failing Endpoints  THS Total Endpoints  
----------    ----------    --------          -------      -------  ---------------------  -------------------      -------      -------  ---------------------  -------------------  


------------------------------------------------------------------------------------------------
| Timing Details
| --------------
------------------------------------------------------------------------------------------------


---------------------------------------------------------------------------------------------------
From Clock:  sys_clk_pin
  To Clock:  sys_clk_pin

Setup :            0  Failing Endpoints,  Worst Slack        6.226ns,  Total Violation        0.000ns
Hold  :            0  Failing Endpoints,  Worst Slack        0.189ns,  Total Violation        0.000ns
PW    :            0  Failing Endpoints,  Worst Slack        4.500ns,  Total Violation        0.000ns
---------------------------------------------------------------------------------------------------


Max Delay Paths
--------------------------------------------------------------------------------------
Slack (MET) :             6.226ns  (required time - arrival time)
  Source:                 u_clkdiv/count_reg[22]/C
                            (rising edge-triggered cell FDRE clocked by sys_clk_pin  {rise@0.000ns fall@5.000ns period=10.000ns})
  Destination:            u_clkdiv/count_reg[22]/D
                            (rising edge-triggered cell FDRE clocked by sys_clk_pin  {rise@0.000ns fall@5.000ns period=10.000ns})
  Path Group:             sys_clk_pin
  Path Type:              Setup (Max at Slow Process Corner)
  Requirement:            10.000ns  (sys_clk_pin rise@10.000ns - sys_clk_pin rise@0.000ns)
  Data Path Delay:        3.770ns  (logic 0.828ns (21.962%)  route 2.942ns (78.038%))
  Logic Levels:           3  (LUT2=1 LUT4=1 LUT6=1)
  Clock Path Skew:        0.000ns (DCD - SCD + CPR)
    Destination Clock Delay (DCD):    4.844ns = ( 14.844 - 10.000 ) 
    Source Clock Delay      (SCD):    5.139ns
    Clock Pessimism Removal (CPR):    0.295ns
  Clock Uncertainty:      0.035ns  ((TSJ^2 + TIJ^2)^1/2 + DJ) / 2 + PE
    Total System Jitter     (TSJ):    0.071ns
    Total Input Jitter      (TIJ):    0.000ns
    Discrete Jitter          (DJ):    0.000ns
    Phase Error              (PE):    0.000ns

    Location             Delay type                Incr(ns)  Path(ns)    Netlist Resource(s)
  -------------------------------------------------------------------    -------------------
                         (clock sys_clk_pin rise edge)
                                                      0.000     0.000 r  
    W5                                                0.000     0.000 r  clk (IN)
                         net (fo=0)                   0.000     0.000    clk
    W5                   IBUF (Prop_ibuf_I_O)         1.458     1.458 r  clk_IBUF_inst/O
                         net (fo=1, routed)           1.967     3.425    clk_IBUF
    BUFGCTRL_X0Y0        BUFG (Prop_bufg_I_O)         0.096     3.521 r  clk_IBUF_BUFG_inst/O
                         net (fo=80, routed)          1.618     5.139    u_clkdiv/CLK
    SLICE_X4Y27          FDRE                                         r  u_clkdiv/count_reg[22]/C
  -------------------------------------------------------------------    -------------------
    SLICE_X4Y27          FDRE (Prop_fdre_C_Q)         0.456     5.595 f  u_clkdiv/count_reg[22]/Q
                         net (fo=2, routed)           0.898     6.493    u_clkdiv/count[22]
    SLICE_X4Y26          LUT4 (Prop_lut4_I0_O)        0.124     6.617 r  u_clkdiv/FSM_sequential_state[1]_i_10/O
                         net (fo=1, routed)           0.989     7.606    u_clkdiv/FSM_sequential_state[1]_i_10_n_0
    SLICE_X4Y25          LUT6 (Prop_lut6_I4_O)        0.124     7.730 f  u_clkdiv/FSM_sequential_state[1]_i_4/O
                         net (fo=26, routed)          1.055     8.785    u_clkdiv/count_reg[5]_0
    SLICE_X4Y27          LUT2 (Prop_lut2_I1_O)        0.124     8.909 r  u_clkdiv/count[22]_i_1/O
                         net (fo=1, routed)           0.000     8.909    u_clkdiv/count_0[22]
    SLICE_X4Y27          FDRE                                         r  u_clkdiv/count_reg[22]/D
  -------------------------------------------------------------------    -------------------

                         (clock sys_clk_pin rise edge)
                                                     10.000    10.000 r  
    W5                                                0.000    10.000 r  clk (IN)
                         net (fo=0)                   0.000    10.000    clk
    W5                   IBUF (Prop_ibuf_I_O)         1.388    11.388 r  clk_IBUF_inst/O
                         net (fo=1, routed)           1.862    13.250    clk_IBUF
    BUFGCTRL_X0Y0        BUFG (Prop_bufg_I_O)         0.091    13.341 r  clk_IBUF_BUFG_inst/O
                         net (fo=80, routed)          1.503    14.844    u_clkdiv/CLK
    SLICE_X4Y27          FDRE                                         r  u_clkdiv/count_reg[22]/C
                         clock pessimism              0.295    15.139    
                         clock uncertainty           -0.035    15.104    
    SLICE_X4Y27          FDRE (Setup_fdre_C_D)        0.032    15.136    u_clkdiv/count_reg[22]
  -------------------------------------------------------------------
                         required time                         15.136    
                         arrival time                          -8.909    
  -------------------------------------------------------------------
                         slack                                  6.226    

Slack (MET) :             6.227ns  (required time - arrival time)
  Source:                 u_clkdiv/count_reg[22]/C
                            (rising edge-triggered cell FDRE clocked by sys_clk_pin  {rise@0.000ns fall@5.000ns period=10.000ns})
  Destination:            u_clkdiv/count_reg[21]/D
                            (rising edge-triggered cell FDRE clocked by sys_clk_pin  {rise@0.000ns fall@5.000ns period=10.000ns})
  Path Group:             sys_clk_pin
  Path Type:              Setup (Max at Slow Process Corner)
  Requirement:            10.000ns  (sys_clk_pin rise@10.000ns - sys_clk_pin rise@0.000ns)
  Data Path Delay:        3.769ns  (logic 0.828ns (21.970%)  route 2.941ns (78.030%))
  Logic Levels:           3  (LUT2=1 LUT4=1 LUT6=1)
  Clock Path Skew:        0.000ns (DCD - SCD + CPR)
    Destination Clock Delay (DCD):    4.844ns = ( 14.844 - 10.000 ) 
    Source Clock Delay      (SCD):    5.139ns
    Clock Pessimism Removal (CPR):    0.295ns
  Clock Uncertainty:      0.035ns  ((TSJ^2 + TIJ^2)^1/2 + DJ) / 2 + PE
    Total System Jitter     (TSJ):    0.071ns
    Total Input Jitter      (TIJ):    0.000ns
    Discrete Jitter          (DJ):    0.000ns
    Phase Error              (PE):    0.000ns

    Location             Delay type                Incr(ns)  Path(ns)    Netlist Resource(s)
  -------------------------------------------------------------------    -------------------
                         (clock sys_clk_pin rise edge)
                                                      0.000     0.000 r  
    W5                                                0.000     0.000 r  clk (IN)
                         net (fo=0)                   0.000     0.000    clk
    W5                   IBUF (Prop_ibuf_I_O)         1.458     1.458 r  clk_IBUF_inst/O
                         net (fo=1, routed)           1.967     3.425    clk_IBUF
    BUFGCTRL_X0Y0        BUFG (Prop_bufg_I_O)         0.096     3.521 r  clk_IBUF_BUFG_inst/O
                         net (fo=80, routed)          1.618     5.139    u_clkdiv/CLK
    SLICE_X4Y27          FDRE                                         r  u_clkdiv/count_reg[22]/C
  -------------------------------------------------------------------    -------------------
    SLICE_X4Y27          FDRE (Prop_fdre_C_Q)         0.456     5.595 f  u_clkdiv/count_reg[22]/Q
                         net (fo=2, routed)           0.898     6.493    u_clkdiv/count[22]
    SLICE_X4Y26          LUT4 (Prop_lut4_I0_O)        0.124     6.617 r  u_clkdiv/FSM_sequential_state[1]_i_10/O
                         net (fo=1, routed)           0.989     7.606    u_clkdiv/FSM_sequential_state[1]_i_10_n_0
    SLICE_X4Y25          LUT6 (Prop_lut6_I4_O)        0.124     7.730 f  u_clkdiv/FSM_sequential_state[1]_i_4/O
                         net (fo=26, routed)          1.054     8.784    u_clkdiv/count_reg[5]_0
    SLICE_X4Y27          LUT2 (Prop_lut2_I1_O)        0.124     8.908 r  u_clkdiv/count[21]_i_1/O
                         net (fo=1, routed)           0.000     8.908    u_clkdiv/count_0[21]
    SLICE_X4Y27          FDRE                                         r  u_clkdiv/count_reg[21]/D
  -------------------------------------------------------------------    -------------------

                         (clock sys_clk_pin rise edge)
                                                     10.000    10.000 r  
    W5                                                0.000    10.000 r  clk (IN)
                         net (fo=0)                   0.000    10.000    clk
    W5                   IBUF (Prop_ibuf_I_O)         1.388    11.388 r  clk_IBUF_inst/O
                         net (fo=1, routed)           1.862    13.250    clk_IBUF
    BUFGCTRL_X0Y0        BUFG (Prop_bufg_I_O)         0.091    13.341 r  clk_IBUF_BUFG_inst/O
                         net (fo=80, routed)          1.503    14.844    u_clkdiv/CLK
    SLICE_X4Y27          FDRE                                         r  u_clkdiv/count_reg[21]/C
                         clock pessimism              0.295    15.139    
                         clock uncertainty           -0.035    15.104    
    SLICE_X4Y27          FDRE (Setup_fdre_C_D)        0.031    15.135    u_clkdiv/count_reg[21]
  -------------------------------------------------------------------
                         required time                         15.135    
                         arrival time                          -8.908    
  -------------------------------------------------------------------
                         slack                                  6.227    

Slack (MET) :             6.241ns  (required time - arrival time)
  Source:                 u_clkdiv/count_reg[22]/C
                            (rising edge-triggered cell FDRE clocked by sys_clk_pin  {rise@0.000ns fall@5.000ns period=10.000ns})
  Destination:            u_clkdiv/count_reg[23]/D
                            (rising edge-triggered cell FDRE clocked by sys_clk_pin  {rise@0.000ns fall@5.000ns period=10.000ns})
  Path Group:             sys_clk_pin
  Path Type:              Setup (Max at Slow Process Corner)
  Requirement:            10.000ns  (sys_clk_pin rise@10.000ns - sys_clk_pin rise@0.000ns)
  Data Path Delay:        3.799ns  (logic 0.858ns (22.586%)  route 2.941ns (77.414%))
  Logic Levels:           3  (LUT2=1 LUT4=1 LUT6=1)
  Clock Path Skew:        0.000ns (DCD - SCD + CPR)
    Destination Clock Delay (DCD):    4.844ns = ( 14.844 - 10.000 ) 
    Source Clock Delay      (SCD):    5.139ns
    Clock Pessimism Removal (CPR):    0.295ns
  Clock Uncertainty:      0.035ns  ((TSJ^2 + TIJ^2)^1/2 + DJ) / 2 + PE
    Total System Jitter     (TSJ):    0.071ns
    Total Input Jitter      (TIJ):    0.000ns
    Discrete Jitter          (DJ):    0.000ns
    Phase Error              (PE):    0.000ns

    Location             Delay type                Incr(ns)  Path(ns)    Netlist Resource(s)
  -------------------------------------------------------------------    -------------------
                         (clock sys_clk_pin rise edge)
                                                      0.000     0.000 r  
    W5                                                0.000     0.000 r  clk (IN)
                         net (fo=0)                   0.000     0.000    clk
    W5                   IBUF (Prop_ibuf_I_O)         1.458     1.458 r  clk_IBUF_inst/O
                         net (fo=1, routed)           1.967     3.425    clk_IBUF
    BUFGCTRL_X0Y0        BUFG (Prop_bufg_I_O)         0.096     3.521 r  clk_IBUF_BUFG_inst/O
                         net (fo=80, routed)          1.618     5.139    u_clkdiv/CLK
    SLICE_X4Y27          FDRE                                         r  u_clkdiv/count_reg[22]/C
  -------------------------------------------------------------------    -------------------
    SLICE_X4Y27          FDRE (Prop_fdre_C_Q)         0.456     5.595 f  u_clkdiv/count_reg[22]/Q
                         net (fo=2, routed)           0.898     6.493    u_clkdiv/count[22]
    SLICE_X4Y26          LUT4 (Prop_lut4_I0_O)        0.124     6.617 r  u_clkdiv/FSM_sequential_state[1]_i_10/O
                         net (fo=1, routed)           0.989     7.606    u_clkdiv/FSM_sequential_state[1]_i_10_n_0
    SLICE_X4Y25          LUT6 (Prop_lut6_I4_O)        0.124     7.730 f  u_clkdiv/FSM_sequential_state[1]_i_4/O
                         net (fo=26, routed)          1.054     8.784    u_clkdiv/count_reg[5]_0
    SLICE_X4Y27          LUT2 (Prop_lut2_I1_O)        0.154     8.938 r  u_clkdiv/count[23]_i_1/O
                         net (fo=1, routed)           0.000     8.938    u_clkdiv/count_0[23]
    SLICE_X4Y27          FDRE                                         r  u_clkdiv/count_reg[23]/D
  -------------------------------------------------------------------    -------------------

                         (clock sys_clk_pin rise edge)
                                                     10.000    10.000 r  
    W5                                                0.000    10.000 r  clk (IN)
                         net (fo=0)                   0.000    10.000    clk
    W5                   IBUF (Prop_ibuf_I_O)         1.388    11.388 r  clk_IBUF_inst/O
                         net (fo=1, routed)           1.862    13.250    clk_IBUF
    BUFGCTRL_X0Y0        BUFG (Prop_bufg_I_O)         0.091    13.341 r  clk_IBUF_BUFG_inst/O
                         net (fo=80, routed)          1.503    14.844    u_clkdiv/CLK
    SLICE_X4Y27          FDRE                                         r  u_clkdiv/count_reg[23]/C
                         clock pessimism              0.295    15.139    
                         clock uncertainty           -0.035    15.104    
    SLICE_X4Y27          FDRE (Setup_fdre_C_D)        0.075    15.179    u_clkdiv/count_reg[23]
  -------------------------------------------------------------------
                         required time                         15.179    
                         arrival time                          -8.938    
  -------------------------------------------------------------------
                         slack                                  6.241    

Slack (MET) :             6.244ns  (required time - arrival time)
  Source:                 u_clkdiv/count_reg[22]/C
                            (rising edge-triggered cell FDRE clocked by sys_clk_pin  {rise@0.000ns fall@5.000ns period=10.000ns})
  Destination:            u_clkdiv/count_reg[24]/D
                            (rising edge-triggered cell FDRE clocked by sys_clk_pin  {rise@0.000ns fall@5.000ns period=10.000ns})
  Path Group:             sys_clk_pin
  Path Type:              Setup (Max at Slow Process Corner)
  Requirement:            10.000ns  (sys_clk_pin rise@10.000ns - sys_clk_pin rise@0.000ns)
  Data Path Delay:        3.795ns  (logic 0.853ns (22.476%)  route 2.942ns (77.524%))
  Logic Levels:           3  (LUT2=1 LUT4=1 LUT6=1)
  Clock Path Skew:        0.000ns (DCD - SCD + CPR)
    Destination Clock Delay (DCD):    4.844ns = ( 14.844 - 10.000 ) 
    Source Clock Delay      (SCD):    5.139ns
    Clock Pessimism Removal (CPR):    0.295ns
  Clock Uncertainty:      0.035ns  ((TSJ^2 + TIJ^2)^1/2 + DJ) / 2 + PE
    Total System Jitter     (TSJ):    0.071ns
    Total Input Jitter      (TIJ):    0.000ns
    Discrete Jitter          (DJ):    0.000ns
    Phase Error              (PE):    0.000ns

    Location             Delay type                Incr(ns)  Path(ns)    Netlist Resource(s)
  -------------------------------------------------------------------    -------------------
                         (clock sys_clk_pin rise edge)
                                                      0.000     0.000 r  
    W5                                                0.000     0.000 r  clk (IN)
                         net (fo=0)                   0.000     0.000    clk
    W5                   IBUF (Prop_ibuf_I_O)         1.458     1.458 r  clk_IBUF_inst/O
                         net (fo=1, routed)           1.967     3.425    clk_IBUF
    BUFGCTRL_X0Y0        BUFG (Prop_bufg_I_O)         0.096     3.521 r  clk_IBUF_BUFG_inst/O
                         net (fo=80, routed)          1.618     5.139    u_clkdiv/CLK
    SLICE_X4Y27          FDRE                                         r  u_clkdiv/count_reg[22]/C
  -------------------------------------------------------------------    -------------------
    SLICE_X4Y27          FDRE (Prop_fdre_C_Q)         0.456     5.595 f  u_clkdiv/count_reg[22]/Q
                         net (fo=2, routed)           0.898     6.493    u_clkdiv/count[22]
    SLICE_X4Y26          LUT4 (Prop_lut4_I0_O)        0.124     6.617 r  u_clkdiv/FSM_sequential_state[1]_i_10/O
                         net (fo=1, routed)           0.989     7.606    u_clkdiv/FSM_sequential_state[1]_i_10_n_0
    SLICE_X4Y25          LUT6 (Prop_lut6_I4_O)        0.124     7.730 f  u_clkdiv/FSM_sequential_state[1]_i_4/O
                         net (fo=26, routed)          1.055     8.785    u_clkdiv/count_reg[5]_0
    SLICE_X4Y27          LUT2 (Prop_lut2_I1_O)        0.149     8.934 r  u_clkdiv/count[24]_i_1/O
                         net (fo=1, routed)           0.000     8.934    u_clkdiv/count_0[24]
    SLICE_X4Y27          FDRE                                         r  u_clkdiv/count_reg[24]/D
  -------------------------------------------------------------------    -------------------

                         (clock sys_clk_pin rise edge)
                                                     10.000    10.000 r  
    W5                                                0.000    10.000 r  clk (IN)
                         net (fo=0)                   0.000    10.000    clk
    W5                   IBUF (Prop_ibuf_I_O)         1.388    11.388 r  clk_IBUF_inst/O
                         net (fo=1, routed)           1.862    13.250    clk_IBUF
    BUFGCTRL_X0Y0        BUFG (Prop_bufg_I_O)         0.091    13.341 r  clk_IBUF_BUFG_inst/O
                         net (fo=80, routed)          1.503    14.844    u_clkdiv/CLK
    SLICE_X4Y27          FDRE                                         r  u_clkdiv/count_reg[24]/C
                         clock pessimism              0.295    15.139    
                         clock uncertainty           -0.035    15.104    
    SLICE_X4Y27          FDRE (Setup_fdre_C_D)        0.075    15.179    u_clkdiv/count_reg[24]
  -------------------------------------------------------------------
                         required time                         15.179    
                         arrival time                          -8.934    
  -------------------------------------------------------------------
                         slack                                  6.244    

Slack (MET) :             6.297ns  (required time - arrival time)
  Source:                 u_clkdiv/count_reg[1]/C
                            (rising edge-triggered cell FDRE clocked by sys_clk_pin  {rise@0.000ns fall@5.000ns period=10.000ns})
  Destination:            u_clkdiv/count_reg[17]/D
                            (rising edge-triggered cell FDRE clocked by sys_clk_pin  {rise@0.000ns fall@5.000ns period=10.000ns})
  Path Group:             sys_clk_pin
  Path Type:              Setup (Max at Slow Process Corner)
  Requirement:            10.000ns  (sys_clk_pin rise@10.000ns - sys_clk_pin rise@0.000ns)
  Data Path Delay:        3.665ns  (logic 1.975ns (53.891%)  route 1.690ns (46.109%))
  Logic Levels:           6  (CARRY4=5 LUT2=1)
  Clock Path Skew:        -0.032ns (DCD - SCD + CPR)
    Destination Clock Delay (DCD):    4.844ns = ( 14.844 - 10.000 ) 
    Source Clock Delay      (SCD):    5.136ns
    Clock Pessimism Removal (CPR):    0.260ns
  Clock Uncertainty:      0.035ns  ((TSJ^2 + TIJ^2)^1/2 + DJ) / 2 + PE
    Total System Jitter     (TSJ):    0.071ns
    Total Input Jitter      (TIJ):    0.000ns
    Discrete Jitter          (DJ):    0.000ns
    Phase Error              (PE):    0.000ns

    Location             Delay type                Incr(ns)  Path(ns)    Netlist Resource(s)
  -------------------------------------------------------------------    -------------------
                         (clock sys_clk_pin rise edge)
                                                      0.000     0.000 r  
    W5                                                0.000     0.000 r  clk (IN)
                         net (fo=0)                   0.000     0.000    clk
    W5                   IBUF (Prop_ibuf_I_O)         1.458     1.458 r  clk_IBUF_inst/O
                         net (fo=1, routed)           1.967     3.425    clk_IBUF
    BUFGCTRL_X0Y0        BUFG (Prop_bufg_I_O)         0.096     3.521 r  clk_IBUF_BUFG_inst/O
                         net (fo=80, routed)          1.615     5.136    u_clkdiv/CLK
    SLICE_X4Y24          FDRE                                         r  u_clkdiv/count_reg[1]/C
  -------------------------------------------------------------------    -------------------
    SLICE_X4Y24          FDRE (Prop_fdre_C_Q)         0.456     5.592 r  u_clkdiv/count_reg[1]/Q
                         net (fo=2, routed)           0.814     6.406    u_clkdiv/count[1]
    SLICE_X5Y23          CARRY4 (Prop_carry4_S[0]_CO[3])
                                                      0.656     7.062 r  u_clkdiv/count0_carry/CO[3]
                         net (fo=1, routed)           0.000     7.062    u_clkdiv/count0_carry_n_0
    SLICE_X5Y24          CARRY4 (Prop_carry4_CI_CO[3])
                                                      0.114     7.176 r  u_clkdiv/count0_carry__0/CO[3]
                         net (fo=1, routed)           0.009     7.185    u_clkdiv/count0_carry__0_n_0
    SLICE_X5Y25          CARRY4 (Prop_carry4_CI_CO[3])
                                                      0.114     7.299 r  u_clkdiv/count0_carry__1/CO[3]
                         net (fo=1, routed)           0.000     7.299    u_clkdiv/count0_carry__1_n_0
    SLICE_X5Y26          CARRY4 (Prop_carry4_CI_CO[3])
                                                      0.114     7.413 r  u_clkdiv/count0_carry__2/CO[3]
                         net (fo=1, routed)           0.000     7.413    u_clkdiv/count0_carry__2_n_0
    SLICE_X5Y27          CARRY4 (Prop_carry4_CI_O[0])
                                                      0.222     7.635 r  u_clkdiv/count0_carry__3/O[0]
                         net (fo=1, routed)           0.867     8.502    u_clkdiv/data0[17]
    SLICE_X4Y27          LUT2 (Prop_lut2_I0_O)        0.299     8.801 r  u_clkdiv/count[17]_i_1/O
                         net (fo=1, routed)           0.000     8.801    u_clkdiv/count_0[17]
    SLICE_X4Y27          FDRE                                         r  u_clkdiv/count_reg[17]/D
  -------------------------------------------------------------------    -------------------

                         (clock sys_clk_pin rise edge)
                                                     10.000    10.000 r  
    W5                                                0.000    10.000 r  clk (IN)
                         net (fo=0)                   0.000    10.000    clk
    W5                   IBUF (Prop_ibuf_I_O)         1.388    11.388 r  clk_IBUF_inst/O
                         net (fo=1, routed)           1.862    13.250    clk_IBUF
    BUFGCTRL_X0Y0        BUFG (Prop_bufg_I_O)         0.091    13.341 r  clk_IBUF_BUFG_inst/O
                         net (fo=80, routed)          1.503    14.844    u_clkdiv/CLK
    SLICE_X4Y27          FDRE                                         r  u_clkdiv/count_reg[17]/C
                         clock pessimism              0.260    15.104    
                         clock uncertainty           -0.035    15.069    
    SLICE_X4Y27          FDRE (Setup_fdre_C_D)        0.029    15.098    u_clkdiv/count_reg[17]
  -------------------------------------------------------------------
                         required time                         15.098    
                         arrival time                          -8.801    
  -------------------------------------------------------------------
                         slack                                  6.297    

Slack (MET) :             6.349ns  (required time - arrival time)
  Source:                 u_clkdiv/count_reg[1]/C
                            (rising edge-triggered cell FDRE clocked by sys_clk_pin  {rise@0.000ns fall@5.000ns period=10.000ns})
  Destination:            u_clkdiv/count_reg[14]/D
                            (rising edge-triggered cell FDRE clocked by sys_clk_pin  {rise@0.000ns fall@5.000ns period=10.000ns})
  Path Group:             sys_clk_pin
  Path Type:              Setup (Max at Slow Process Corner)
  Requirement:            10.000ns  (sys_clk_pin rise@10.000ns - sys_clk_pin rise@0.000ns)
  Data Path Delay:        3.614ns  (logic 1.977ns (54.709%)  route 1.637ns (45.291%))
  Logic Levels:           5  (CARRY4=4 LUT2=1)
  Clock Path Skew:        -0.033ns (DCD - SCD + CPR)
    Destination Clock Delay (DCD):    4.843ns = ( 14.843 - 10.000 ) 
    Source Clock Delay      (SCD):    5.136ns
    Clock Pessimism Removal (CPR):    0.260ns
  Clock Uncertainty:      0.035ns  ((TSJ^2 + TIJ^2)^1/2 + DJ) / 2 + PE
    Total System Jitter     (TSJ):    0.071ns
    Total Input Jitter      (TIJ):    0.000ns
    Discrete Jitter          (DJ):    0.000ns
    Phase Error              (PE):    0.000ns

    Location             Delay type                Incr(ns)  Path(ns)    Netlist Resource(s)
  -------------------------------------------------------------------    -------------------
                         (clock sys_clk_pin rise edge)
                                                      0.000     0.000 r  
    W5                                                0.000     0.000 r  clk (IN)
                         net (fo=0)                   0.000     0.000    clk
    W5                   IBUF (Prop_ibuf_I_O)         1.458     1.458 r  clk_IBUF_inst/O
                         net (fo=1, routed)           1.967     3.425    clk_IBUF
    BUFGCTRL_X0Y0        BUFG (Prop_bufg_I_O)         0.096     3.521 r  clk_IBUF_BUFG_inst/O
                         net (fo=80, routed)          1.615     5.136    u_clkdiv/CLK
    SLICE_X4Y24          FDRE                                         r  u_clkdiv/count_reg[1]/C
  -------------------------------------------------------------------    -------------------
    SLICE_X4Y24          FDRE (Prop_fdre_C_Q)         0.456     5.592 r  u_clkdiv/count_reg[1]/Q
                         net (fo=2, routed)           0.814     6.406    u_clkdiv/count[1]
    SLICE_X5Y23          CARRY4 (Prop_carry4_S[0]_CO[3])
                                                      0.656     7.062 r  u_clkdiv/count0_carry/CO[3]
                         net (fo=1, routed)           0.000     7.062    u_clkdiv/count0_carry_n_0
    SLICE_X5Y24          CARRY4 (Prop_carry4_CI_CO[3])
                                                      0.114     7.176 r  u_clkdiv/count0_carry__0/CO[3]
                         net (fo=1, routed)           0.009     7.185    u_clkdiv/count0_carry__0_n_0
    SLICE_X5Y25          CARRY4 (Prop_carry4_CI_CO[3])
                                                      0.114     7.299 r  u_clkdiv/count0_carry__1/CO[3]
                         net (fo=1, routed)           0.000     7.299    u_clkdiv/count0_carry__1_n_0
    SLICE_X5Y26          CARRY4 (Prop_carry4_CI_O[1])
                                                      0.334     7.633 r  u_clkdiv/count0_carry__2/O[1]
                         net (fo=1, routed)           0.814     8.447    u_clkdiv/data0[14]
    SLICE_X4Y26          LUT2 (Prop_lut2_I0_O)        0.303     8.750 r  u_clkdiv/count[14]_i_1/O
                         net (fo=1, routed)           0.000     8.750    u_clkdiv/count_0[14]
    SLICE_X4Y26          FDRE                                         r  u_clkdiv/count_reg[14]/D
  -------------------------------------------------------------------    -------------------

                         (clock sys_clk_pin rise edge)
                                                     10.000    10.000 r  
    W5                                                0.000    10.000 r  clk (IN)
                         net (fo=0)                   0.000    10.000    clk
    W5                   IBUF (Prop_ibuf_I_O)         1.388    11.388 r  clk_IBUF_inst/O
                         net (fo=1, routed)           1.862    13.250    clk_IBUF
    BUFGCTRL_X0Y0        BUFG (Prop_bufg_I_O)         0.091    13.341 r  clk_IBUF_BUFG_inst/O
                         net (fo=80, routed)          1.502    14.843    u_clkdiv/CLK
    SLICE_X4Y26          FDRE                                         r  u_clkdiv/count_reg[14]/C
                         clock pessimism              0.260    15.103    
                         clock uncertainty           -0.035    15.068    
    SLICE_X4Y26          FDRE (Setup_fdre_C_D)        0.031    15.099    u_clkdiv/count_reg[14]
  -------------------------------------------------------------------
                         required time                         15.099    
                         arrival time                          -8.750    
  -------------------------------------------------------------------
                         slack                                  6.349    

Slack (MET) :             6.406ns  (required time - arrival time)
  Source:                 u_clkdiv/count_reg[1]/C
                            (rising edge-triggered cell FDRE clocked by sys_clk_pin  {rise@0.000ns fall@5.000ns period=10.000ns})
  Destination:            u_clkdiv/count_reg[18]/D
                            (rising edge-triggered cell FDRE clocked by sys_clk_pin  {rise@0.000ns fall@5.000ns period=10.000ns})
  Path Group:             sys_clk_pin
  Path Type:              Setup (Max at Slow Process Corner)
  Requirement:            10.000ns  (sys_clk_pin rise@10.000ns - sys_clk_pin rise@0.000ns)
  Data Path Delay:        3.558ns  (logic 2.091ns (58.771%)  route 1.467ns (41.229%))
  Logic Levels:           6  (CARRY4=5 LUT2=1)
  Clock Path Skew:        -0.032ns (DCD - SCD + CPR)
    Destination Clock Delay (DCD):    4.844ns = ( 14.844 - 10.000 ) 
    Source Clock Delay      (SCD):    5.136ns
    Clock Pessimism Removal (CPR):    0.260ns
  Clock Uncertainty:      0.035ns  ((TSJ^2 + TIJ^2)^1/2 + DJ) / 2 + PE
    Total System Jitter     (TSJ):    0.071ns
    Total Input Jitter      (TIJ):    0.000ns
    Discrete Jitter          (DJ):    0.000ns
    Phase Error              (PE):    0.000ns

    Location             Delay type                Incr(ns)  Path(ns)    Netlist Resource(s)
  -------------------------------------------------------------------    -------------------
                         (clock sys_clk_pin rise edge)
                                                      0.000     0.000 r  
    W5                                                0.000     0.000 r  clk (IN)
                         net (fo=0)                   0.000     0.000    clk
    W5                   IBUF (Prop_ibuf_I_O)         1.458     1.458 r  clk_IBUF_inst/O
                         net (fo=1, routed)           1.967     3.425    clk_IBUF
    BUFGCTRL_X0Y0        BUFG (Prop_bufg_I_O)         0.096     3.521 r  clk_IBUF_BUFG_inst/O
                         net (fo=80, routed)          1.615     5.136    u_clkdiv/CLK
    SLICE_X4Y24          FDRE                                         r  u_clkdiv/count_reg[1]/C
  -------------------------------------------------------------------    -------------------
    SLICE_X4Y24          FDRE (Prop_fdre_C_Q)         0.456     5.592 r  u_clkdiv/count_reg[1]/Q
                         net (fo=2, routed)           0.814     6.406    u_clkdiv/count[1]
    SLICE_X5Y23          CARRY4 (Prop_carry4_S[0]_CO[3])
                                                      0.656     7.062 r  u_clkdiv/count0_carry/CO[3]
                         net (fo=1, routed)           0.000     7.062    u_clkdiv/count0_carry_n_0
    SLICE_X5Y24          CARRY4 (Prop_carry4_CI_CO[3])
                                                      0.114     7.176 r  u_clkdiv/count0_carry__0/CO[3]
                         net (fo=1, routed)           0.009     7.185    u_clkdiv/count0_carry__0_n_0
    SLICE_X5Y25          CARRY4 (Prop_carry4_CI_CO[3])
                                                      0.114     7.299 r  u_clkdiv/count0_carry__1/CO[3]
                         net (fo=1, routed)           0.000     7.299    u_clkdiv/count0_carry__1_n_0
    SLICE_X5Y26          CARRY4 (Prop_carry4_CI_CO[3])
                                                      0.114     7.413 r  u_clkdiv/count0_carry__2/CO[3]
                         net (fo=1, routed)           0.000     7.413    u_clkdiv/count0_carry__2_n_0
    SLICE_X5Y27          CARRY4 (Prop_carry4_CI_O[1])
                                                      0.334     7.747 r  u_clkdiv/count0_carry__3/O[1]
                         net (fo=1, routed)           0.644     8.391    u_clkdiv/data0[18]
    SLICE_X4Y27          LUT2 (Prop_lut2_I0_O)        0.303     8.694 r  u_clkdiv/count[18]_i_1/O
                         net (fo=1, routed)           0.000     8.694    u_clkdiv/count_0[18]
    SLICE_X4Y27          FDRE                                         r  u_clkdiv/count_reg[18]/D
  -------------------------------------------------------------------    -------------------

                         (clock sys_clk_pin rise edge)
                                                     10.000    10.000 r  
    W5                                                0.000    10.000 r  clk (IN)
                         net (fo=0)                   0.000    10.000    clk
    W5                   IBUF (Prop_ibuf_I_O)         1.388    11.388 r  clk_IBUF_inst/O
                         net (fo=1, routed)           1.862    13.250    clk_IBUF
    BUFGCTRL_X0Y0        BUFG (Prop_bufg_I_O)         0.091    13.341 r  clk_IBUF_BUFG_inst/O
                         net (fo=80, routed)          1.503    14.844    u_clkdiv/CLK
    SLICE_X4Y27          FDRE                                         r  u_clkdiv/count_reg[18]/C
                         clock pessimism              0.260    15.104    
                         clock uncertainty           -0.035    15.069    
    SLICE_X4Y27          FDRE (Setup_fdre_C_D)        0.031    15.100    u_clkdiv/count_reg[18]
  -------------------------------------------------------------------
                         required time                         15.100    
                         arrival time                          -8.694    
  -------------------------------------------------------------------
                         slack                                  6.406    

Slack (MET) :             6.422ns  (required time - arrival time)
  Source:                 u_clkdiv/count_reg[1]/C
                            (rising edge-triggered cell FDRE clocked by sys_clk_pin  {rise@0.000ns fall@5.000ns period=10.000ns})
  Destination:            u_clkdiv/count_reg[20]/D
                            (rising edge-triggered cell FDRE clocked by sys_clk_pin  {rise@0.000ns fall@5.000ns period=10.000ns})
  Path Group:             sys_clk_pin
  Path Type:              Setup (Max at Slow Process Corner)
  Requirement:            10.000ns  (sys_clk_pin rise@10.000ns - sys_clk_pin rise@0.000ns)
  Data Path Delay:        3.586ns  (logic 2.101ns (58.591%)  route 1.485ns (41.409%))
  Logic Levels:           6  (CARRY4=5 LUT2=1)
  Clock Path Skew:        -0.032ns (DCD - SCD + CPR)
    Destination Clock Delay (DCD):    4.844ns = ( 14.844 - 10.000 ) 
    Source Clock Delay      (SCD):    5.136ns
    Clock Pessimism Removal (CPR):    0.260ns
  Clock Uncertainty:      0.035ns  ((TSJ^2 + TIJ^2)^1/2 + DJ) / 2 + PE
    Total System Jitter     (TSJ):    0.071ns
    Total Input Jitter      (TIJ):    0.000ns
    Discrete Jitter          (DJ):    0.000ns
    Phase Error              (PE):    0.000ns

    Location             Delay type                Incr(ns)  Path(ns)    Netlist Resource(s)
  -------------------------------------------------------------------    -------------------
                         (clock sys_clk_pin rise edge)
                                                      0.000     0.000 r  
    W5                                                0.000     0.000 r  clk (IN)
                         net (fo=0)                   0.000     0.000    clk
    W5                   IBUF (Prop_ibuf_I_O)         1.458     1.458 r  clk_IBUF_inst/O
                         net (fo=1, routed)           1.967     3.425    clk_IBUF
    BUFGCTRL_X0Y0        BUFG (Prop_bufg_I_O)         0.096     3.521 r  clk_IBUF_BUFG_inst/O
                         net (fo=80, routed)          1.615     5.136    u_clkdiv/CLK
    SLICE_X4Y24          FDRE                                         r  u_clkdiv/count_reg[1]/C
  -------------------------------------------------------------------    -------------------
    SLICE_X4Y24          FDRE (Prop_fdre_C_Q)         0.456     5.592 r  u_clkdiv/count_reg[1]/Q
                         net (fo=2, routed)           0.814     6.406    u_clkdiv/count[1]
    SLICE_X5Y23          CARRY4 (Prop_carry4_S[0]_CO[3])
                                                      0.656     7.062 r  u_clkdiv/count0_carry/CO[3]
                         net (fo=1, routed)           0.000     7.062    u_clkdiv/count0_carry_n_0
    SLICE_X5Y24          CARRY4 (Prop_carry4_CI_CO[3])
                                                      0.114     7.176 r  u_clkdiv/count0_carry__0/CO[3]
                         net (fo=1, routed)           0.009     7.185    u_clkdiv/count0_carry__0_n_0
    SLICE_X5Y25          CARRY4 (Prop_carry4_CI_CO[3])
                                                      0.114     7.299 r  u_clkdiv/count0_carry__1/CO[3]
                         net (fo=1, routed)           0.000     7.299    u_clkdiv/count0_carry__1_n_0
    SLICE_X5Y26          CARRY4 (Prop_carry4_CI_CO[3])
                                                      0.114     7.413 r  u_clkdiv/count0_carry__2/CO[3]
                         net (fo=1, routed)           0.000     7.413    u_clkdiv/count0_carry__2_n_0
    SLICE_X5Y27          CARRY4 (Prop_carry4_CI_O[3])
                                                      0.313     7.726 r  u_clkdiv/count0_carry__3/O[3]
                         net (fo=1, routed)           0.662     8.388    u_clkdiv/data0[20]
    SLICE_X4Y27          LUT2 (Prop_lut2_I0_O)        0.334     8.722 r  u_clkdiv/count[20]_i_1/O
                         net (fo=1, routed)           0.000     8.722    u_clkdiv/count_0[20]
    SLICE_X4Y27          FDRE                                         r  u_clkdiv/count_reg[20]/D
  -------------------------------------------------------------------    -------------------

                         (clock sys_clk_pin rise edge)
                                                     10.000    10.000 r  
    W5                                                0.000    10.000 r  clk (IN)
                         net (fo=0)                   0.000    10.000    clk
    W5                   IBUF (Prop_ibuf_I_O)         1.388    11.388 r  clk_IBUF_inst/O
                         net (fo=1, routed)           1.862    13.250    clk_IBUF
    BUFGCTRL_X0Y0        BUFG (Prop_bufg_I_O)         0.091    13.341 r  clk_IBUF_BUFG_inst/O
                         net (fo=80, routed)          1.503    14.844    u_clkdiv/CLK
    SLICE_X4Y27          FDRE                                         r  u_clkdiv/count_reg[20]/C
                         clock pessimism              0.260    15.104    
                         clock uncertainty           -0.035    15.069    
    SLICE_X4Y27          FDRE (Setup_fdre_C_D)        0.075    15.144    u_clkdiv/count_reg[20]
  -------------------------------------------------------------------
                         required time                         15.144    
                         arrival time                          -8.722    
  -------------------------------------------------------------------
                         slack                                  6.422    

Slack (MET) :             6.424ns  (required time - arrival time)
  Source:                 u_clkdiv/count_reg[22]/C
                            (rising edge-triggered cell FDRE clocked by sys_clk_pin  {rise@0.000ns fall@5.000ns period=10.000ns})
  Destination:            FSM_sequential_state_reg[0]_inv/D
                            (rising edge-triggered cell FDSE clocked by sys_clk_pin  {rise@0.000ns fall@5.000ns period=10.000ns})
  Path Group:             sys_clk_pin
  Path Type:              Setup (Max at Slow Process Corner)
  Requirement:            10.000ns  (sys_clk_pin rise@10.000ns - sys_clk_pin rise@0.000ns)
  Data Path Delay:        3.582ns  (logic 0.828ns (23.119%)  route 2.754ns (76.881%))
  Logic Levels:           3  (LUT4=1 LUT5=1 LUT6=1)
  Clock Path Skew:        -0.036ns (DCD - SCD + CPR)
    Destination Clock Delay (DCD):    4.843ns = ( 14.843 - 10.000 ) 
    Source Clock Delay      (SCD):    5.139ns
    Clock Pessimism Removal (CPR):    0.260ns
  Clock Uncertainty:      0.035ns  ((TSJ^2 + TIJ^2)^1/2 + DJ) / 2 + PE
    Total System Jitter     (TSJ):    0.071ns
    Total Input Jitter      (TIJ):    0.000ns
    Discrete Jitter          (DJ):    0.000ns
    Phase Error              (PE):    0.000ns

    Location             Delay type                Incr(ns)  Path(ns)    Netlist Resource(s)
  -------------------------------------------------------------------    -------------------
                         (clock sys_clk_pin rise edge)
                                                      0.000     0.000 r  
    W5                                                0.000     0.000 r  clk (IN)
                         net (fo=0)                   0.000     0.000    clk
    W5                   IBUF (Prop_ibuf_I_O)         1.458     1.458 r  clk_IBUF_inst/O
                         net (fo=1, routed)           1.967     3.425    clk_IBUF
    BUFGCTRL_X0Y0        BUFG (Prop_bufg_I_O)         0.096     3.521 r  clk_IBUF_BUFG_inst/O
                         net (fo=80, routed)          1.618     5.139    u_clkdiv/CLK
    SLICE_X4Y27          FDRE                                         r  u_clkdiv/count_reg[22]/C
  -------------------------------------------------------------------    -------------------
    SLICE_X4Y27          FDRE (Prop_fdre_C_Q)         0.456     5.595 r  u_clkdiv/count_reg[22]/Q
                         net (fo=2, routed)           0.898     6.493    u_clkdiv/count[22]
    SLICE_X4Y26          LUT4 (Prop_lut4_I0_O)        0.124     6.617 f  u_clkdiv/FSM_sequential_state[1]_i_10/O
                         net (fo=1, routed)           0.989     7.606    u_clkdiv/FSM_sequential_state[1]_i_10_n_0
    SLICE_X4Y25          LUT6 (Prop_lut6_I4_O)        0.124     7.730 r  u_clkdiv/FSM_sequential_state[1]_i_4/O
                         net (fo=26, routed)          0.867     8.597    u_leds/FSM_sequential_state_reg[1]_1
    SLICE_X2Y25          LUT5 (Prop_lut5_I4_O)        0.124     8.721 r  u_leds/FSM_sequential_state[0]_inv_i_1/O
                         net (fo=1, routed)           0.000     8.721    u_leds_n_1
    SLICE_X2Y25          FDSE                                         r  FSM_sequential_state_reg[0]_inv/D
  -------------------------------------------------------------------    -------------------

                         (clock sys_clk_pin rise edge)
                                                     10.000    10.000 r  
    W5                                                0.000    10.000 r  clk (IN)
                         net (fo=0)                   0.000    10.000    clk
    W5                   IBUF (Prop_ibuf_I_O)         1.388    11.388 r  clk_IBUF_inst/O
                         net (fo=1, routed)           1.862    13.250    clk_IBUF
    BUFGCTRL_X0Y0        BUFG (Prop_bufg_I_O)         0.091    13.341 r  clk_IBUF_BUFG_inst/O
                         net (fo=80, routed)          1.502    14.843    clk_IBUF_BUFG
    SLICE_X2Y25          FDSE                                         r  FSM_sequential_state_reg[0]_inv/C
                         clock pessimism              0.260    15.103    
                         clock uncertainty           -0.035    15.068    
    SLICE_X2Y25          FDSE (Setup_fdse_C_D)        0.077    15.145    FSM_sequential_state_reg[0]_inv
  -------------------------------------------------------------------
                         required time                         15.145    
                         arrival time                          -8.721    
  -------------------------------------------------------------------
                         slack                                  6.424    

Slack (MET) :             6.443ns  (required time - arrival time)
  Source:                 u_clkdiv/count_reg[22]/C
                            (rising edge-triggered cell FDRE clocked by sys_clk_pin  {rise@0.000ns fall@5.000ns period=10.000ns})
  Destination:            FSM_sequential_state_reg[1]/D
                            (rising edge-triggered cell FDRE clocked by sys_clk_pin  {rise@0.000ns fall@5.000ns period=10.000ns})
  Path Group:             sys_clk_pin
  Path Type:              Setup (Max at Slow Process Corner)
  Requirement:            10.000ns  (sys_clk_pin rise@10.000ns - sys_clk_pin rise@0.000ns)
  Data Path Delay:        3.604ns  (logic 0.850ns (23.588%)  route 2.754ns (76.412%))
  Logic Levels:           3  (LUT4=1 LUT5=1 LUT6=1)
  Clock Path Skew:        -0.036ns (DCD - SCD + CPR)
    Destination Clock Delay (DCD):    4.843ns = ( 14.843 - 10.000 ) 
    Source Clock Delay      (SCD):    5.139ns
    Clock Pessimism Removal (CPR):    0.260ns
  Clock Uncertainty:      0.035ns  ((TSJ^2 + TIJ^2)^1/2 + DJ) / 2 + PE
    Total System Jitter     (TSJ):    0.071ns
    Total Input Jitter      (TIJ):    0.000ns
    Discrete Jitter          (DJ):    0.000ns
    Phase Error              (PE):    0.000ns

    Location             Delay type                Incr(ns)  Path(ns)    Netlist Resource(s)
  -------------------------------------------------------------------    -------------------
                         (clock sys_clk_pin rise edge)
                                                      0.000     0.000 r  
    W5                                                0.000     0.000 r  clk (IN)
                         net (fo=0)                   0.000     0.000    clk
    W5                   IBUF (Prop_ibuf_I_O)         1.458     1.458 r  clk_IBUF_inst/O
                         net (fo=1, routed)           1.967     3.425    clk_IBUF
    BUFGCTRL_X0Y0        BUFG (Prop_bufg_I_O)         0.096     3.521 r  clk_IBUF_BUFG_inst/O
                         net (fo=80, routed)          1.618     5.139    u_clkdiv/CLK
    SLICE_X4Y27          FDRE                                         r  u_clkdiv/count_reg[22]/C
  -------------------------------------------------------------------    -------------------
    SLICE_X4Y27          FDRE (Prop_fdre_C_Q)         0.456     5.595 r  u_clkdiv/count_reg[22]/Q
                         net (fo=2, routed)           0.898     6.493    u_clkdiv/count[22]
    SLICE_X4Y26          LUT4 (Prop_lut4_I0_O)        0.124     6.617 f  u_clkdiv/FSM_sequential_state[1]_i_10/O
                         net (fo=1, routed)           0.989     7.606    u_clkdiv/FSM_sequential_state[1]_i_10_n_0
    SLICE_X4Y25          LUT6 (Prop_lut6_I4_O)        0.124     7.730 r  u_clkdiv/FSM_sequential_state[1]_i_4/O
                         net (fo=26, routed)          0.867     8.597    u_leds/FSM_sequential_state_reg[1]_1
    SLICE_X2Y25          LUT5 (Prop_lut5_I4_O)        0.146     8.743 r  u_leds/FSM_sequential_state[1]_i_1/O
                         net (fo=1, routed)           0.000     8.743    u_leds_n_0
    SLICE_X2Y25          FDRE                                         r  FSM_sequential_state_reg[1]/D
  -------------------------------------------------------------------    -------------------

                         (clock sys_clk_pin rise edge)
                                                     10.000    10.000 r  
    W5                                                0.000    10.000 r  clk (IN)
                         net (fo=0)                   0.000    10.000    clk
    W5                   IBUF (Prop_ibuf_I_O)         1.388    11.388 r  clk_IBUF_inst/O
                         net (fo=1, routed)           1.862    13.250    clk_IBUF
    BUFGCTRL_X0Y0        BUFG (Prop_bufg_I_O)         0.091    13.341 r  clk_IBUF_BUFG_inst/O
                         net (fo=80, routed)          1.502    14.843    clk_IBUF_BUFG
    SLICE_X2Y25          FDRE                                         r  FSM_sequential_state_reg[1]/C
                         clock pessimism              0.260    15.103    
                         clock uncertainty           -0.035    15.068    
    SLICE_X2Y25          FDRE (Setup_fdre_C_D)        0.118    15.186    FSM_sequential_state_reg[1]
  -------------------------------------------------------------------
                         required time                         15.186    
                         arrival time                          -8.743    
  -------------------------------------------------------------------
                         slack                                  6.443    





Min Delay Paths
--------------------------------------------------------------------------------------
Slack (MET) :             0.189ns  (arrival time - required time)
  Source:                 u_leds/readData_reg[2]/C
                            (rising edge-triggered cell FDRE clocked by sys_clk_pin  {rise@0.000ns fall@5.000ns period=10.000ns})
  Destination:            alu_control_reg_reg[2]/D
                            (rising edge-triggered cell FDRE clocked by sys_clk_pin  {rise@0.000ns fall@5.000ns period=10.000ns})
  Path Group:             sys_clk_pin
  Path Type:              Hold (Min at Fast Process Corner)
  Requirement:            0.000ns  (sys_clk_pin rise@0.000ns - sys_clk_pin rise@0.000ns)
  Data Path Delay:        0.293ns  (logic 0.141ns (48.202%)  route 0.152ns (51.798%))
  Logic Levels:           0  
  Clock Path Skew:        0.034ns (DCD - SCD - CPR)
    Destination Clock Delay (DCD):    1.977ns
    Source Clock Delay      (SCD):    1.465ns
    Clock Pessimism Removal (CPR):    0.478ns

    Location             Delay type                Incr(ns)  Path(ns)    Netlist Resource(s)
  -------------------------------------------------------------------    -------------------
                         (clock sys_clk_pin rise edge)
                                                      0.000     0.000 r  
    W5                                                0.000     0.000 r  clk (IN)
                         net (fo=0)                   0.000     0.000    clk
    W5                   IBUF (Prop_ibuf_I_O)         0.226     0.226 r  clk_IBUF_inst/O
                         net (fo=1, routed)           0.631     0.858    clk_IBUF
    BUFGCTRL_X0Y0        BUFG (Prop_bufg_I_O)         0.026     0.884 r  clk_IBUF_BUFG_inst/O
                         net (fo=80, routed)          0.582     1.465    u_leds/CLK
    SLICE_X1Y24          FDRE                                         r  u_leds/readData_reg[2]/C
  -------------------------------------------------------------------    -------------------
    SLICE_X1Y24          FDRE (Prop_fdre_C_Q)         0.141     1.606 r  u_leds/readData_reg[2]/Q
                         net (fo=3, routed)           0.152     1.758    readData[2]
    SLICE_X1Y25          FDRE                                         r  alu_control_reg_reg[2]/D
  -------------------------------------------------------------------    -------------------

                         (clock sys_clk_pin rise edge)
                                                      0.000     0.000 r  
    W5                                                0.000     0.000 r  clk (IN)
                         net (fo=0)                   0.000     0.000    clk
    W5                   IBUF (Prop_ibuf_I_O)         0.414     0.414 r  clk_IBUF_inst/O
                         net (fo=1, routed)           0.685     1.099    clk_IBUF
    BUFGCTRL_X0Y0        BUFG (Prop_bufg_I_O)         0.029     1.128 r  clk_IBUF_BUFG_inst/O
                         net (fo=80, routed)          0.850     1.977    clk_IBUF_BUFG
    SLICE_X1Y25          FDRE                                         r  alu_control_reg_reg[2]/C
                         clock pessimism             -0.478     1.499    
    SLICE_X1Y25          FDRE (Hold_fdre_C_D)         0.070     1.569    alu_control_reg_reg[2]
  -------------------------------------------------------------------
                         required time                         -1.569    
                         arrival time                           1.758    
  -------------------------------------------------------------------
                         slack                                  0.189    

Slack (MET) :             0.194ns  (arrival time - required time)
  Source:                 sw_write_data_reg[12]/C
                            (rising edge-triggered cell FDRE clocked by sys_clk_pin  {rise@0.000ns fall@5.000ns period=10.000ns})
  Destination:            u_switches/leds_reg[12]/D
                            (rising edge-triggered cell FDRE clocked by sys_clk_pin  {rise@0.000ns fall@5.000ns period=10.000ns})
  Path Group:             sys_clk_pin
  Path Type:              Hold (Min at Fast Process Corner)
  Requirement:            0.000ns  (sys_clk_pin rise@0.000ns - sys_clk_pin rise@0.000ns)
  Data Path Delay:        0.279ns  (logic 0.164ns (58.814%)  route 0.115ns (41.186%))
  Logic Levels:           0  
  Clock Path Skew:        0.013ns (DCD - SCD - CPR)
    Destination Clock Delay (DCD):    1.978ns
    Source Clock Delay      (SCD):    1.466ns
    Clock Pessimism Removal (CPR):    0.499ns

    Location             Delay type                Incr(ns)  Path(ns)    Netlist Resource(s)
  -------------------------------------------------------------------    -------------------
                         (clock sys_clk_pin rise edge)
                                                      0.000     0.000 r  
    W5                                                0.000     0.000 r  clk (IN)
                         net (fo=0)                   0.000     0.000    clk
    W5                   IBUF (Prop_ibuf_I_O)         0.226     0.226 r  clk_IBUF_inst/O
                         net (fo=1, routed)           0.631     0.858    clk_IBUF
    BUFGCTRL_X0Y0        BUFG (Prop_bufg_I_O)         0.026     0.884 r  clk_IBUF_BUFG_inst/O
                         net (fo=80, routed)          0.583     1.466    clk_IBUF_BUFG
    SLICE_X2Y26          FDRE                                         r  sw_write_data_reg[12]/C
  -------------------------------------------------------------------    -------------------
    SLICE_X2Y26          FDRE (Prop_fdre_C_Q)         0.164     1.630 r  sw_write_data_reg[12]/Q
                         net (fo=2, routed)           0.115     1.745    u_switches/leds_reg[15]_0[3]
    SLICE_X0Y26          FDRE                                         r  u_switches/leds_reg[12]/D
  -------------------------------------------------------------------    -------------------

                         (clock sys_clk_pin rise edge)
                                                      0.000     0.000 r  
    W5                                                0.000     0.000 r  clk (IN)
                         net (fo=0)                   0.000     0.000    clk
    W5                   IBUF (Prop_ibuf_I_O)         0.414     0.414 r  clk_IBUF_inst/O
                         net (fo=1, routed)           0.685     1.099    clk_IBUF
    BUFGCTRL_X0Y0        BUFG (Prop_bufg_I_O)         0.029     1.128 r  clk_IBUF_BUFG_inst/O
                         net (fo=80, routed)          0.851     1.978    u_switches/CLK
    SLICE_X0Y26          FDRE                                         r  u_switches/leds_reg[12]/C
                         clock pessimism             -0.499     1.479    
    SLICE_X0Y26          FDRE (Hold_fdre_C_D)         0.072     1.551    u_switches/leds_reg[12]
  -------------------------------------------------------------------
                         required time                         -1.551    
                         arrival time                           1.745    
  -------------------------------------------------------------------
                         slack                                  0.194    

Slack (MET) :             0.196ns  (arrival time - required time)
  Source:                 alu_control_reg_reg[0]/C
                            (rising edge-triggered cell FDRE clocked by sys_clk_pin  {rise@0.000ns fall@5.000ns period=10.000ns})
  Destination:            sw_write_data_reg[8]/D
                            (rising edge-triggered cell FDRE clocked by sys_clk_pin  {rise@0.000ns fall@5.000ns period=10.000ns})
  Path Group:             sys_clk_pin
  Path Type:              Hold (Min at Fast Process Corner)
  Requirement:            0.000ns  (sys_clk_pin rise@0.000ns - sys_clk_pin rise@0.000ns)
  Data Path Delay:        0.341ns  (logic 0.189ns (55.464%)  route 0.152ns (44.536%))
  Logic Levels:           1  (LUT5=1)
  Clock Path Skew:        0.014ns (DCD - SCD - CPR)
    Destination Clock Delay (DCD):    1.978ns
    Source Clock Delay      (SCD):    1.465ns
    Clock Pessimism Removal (CPR):    0.499ns

    Location             Delay type                Incr(ns)  Path(ns)    Netlist Resource(s)
  -------------------------------------------------------------------    -------------------
                         (clock sys_clk_pin rise edge)
                                                      0.000     0.000 r  
    W5                                                0.000     0.000 r  clk (IN)
                         net (fo=0)                   0.000     0.000    clk
    W5                   IBUF (Prop_ibuf_I_O)         0.226     0.226 r  clk_IBUF_inst/O
                         net (fo=1, routed)           0.631     0.858    clk_IBUF
    BUFGCTRL_X0Y0        BUFG (Prop_bufg_I_O)         0.026     0.884 r  clk_IBUF_BUFG_inst/O
                         net (fo=80, routed)          0.582     1.465    clk_IBUF_BUFG
    SLICE_X1Y25          FDRE                                         r  alu_control_reg_reg[0]/C
  -------------------------------------------------------------------    -------------------
    SLICE_X1Y25          FDRE (Prop_fdre_C_Q)         0.141     1.606 r  alu_control_reg_reg[0]/Q
                         net (fo=7, routed)           0.152     1.758    alu_control_reg_reg_n_0_[0]
    SLICE_X2Y26          LUT5 (Prop_lut5_I4_O)        0.048     1.806 r  sw_write_data[8]_i_1/O
                         net (fo=1, routed)           0.000     1.806    sw_write_data[8]_i_1_n_0
    SLICE_X2Y26          FDRE                                         r  sw_write_data_reg[8]/D
  -------------------------------------------------------------------    -------------------

                         (clock sys_clk_pin rise edge)
                                                      0.000     0.000 r  
    W5                                                0.000     0.000 r  clk (IN)
                         net (fo=0)                   0.000     0.000    clk
    W5                   IBUF (Prop_ibuf_I_O)         0.414     0.414 r  clk_IBUF_inst/O
                         net (fo=1, routed)           0.685     1.099    clk_IBUF
    BUFGCTRL_X0Y0        BUFG (Prop_bufg_I_O)         0.029     1.128 r  clk_IBUF_BUFG_inst/O
                         net (fo=80, routed)          0.851     1.978    clk_IBUF_BUFG
    SLICE_X2Y26          FDRE                                         r  sw_write_data_reg[8]/C
                         clock pessimism             -0.499     1.479    
    SLICE_X2Y26          FDRE (Hold_fdre_C_D)         0.131     1.610    sw_write_data_reg[8]
  -------------------------------------------------------------------
                         required time                         -1.610    
                         arrival time                           1.806    
  -------------------------------------------------------------------
                         slack                                  0.196    

Slack (MET) :             0.196ns  (arrival time - required time)
  Source:                 u_leds/readData_reg[0]/C
                            (rising edge-triggered cell FDRE clocked by sys_clk_pin  {rise@0.000ns fall@5.000ns period=10.000ns})
  Destination:            alu_control_reg_reg[0]/D
                            (rising edge-triggered cell FDRE clocked by sys_clk_pin  {rise@0.000ns fall@5.000ns period=10.000ns})
  Path Group:             sys_clk_pin
  Path Type:              Hold (Min at Fast Process Corner)
  Requirement:            0.000ns  (sys_clk_pin rise@0.000ns - sys_clk_pin rise@0.000ns)
  Data Path Delay:        0.300ns  (logic 0.141ns (46.982%)  route 0.159ns (53.018%))
  Logic Levels:           0  
  Clock Path Skew:        0.034ns (DCD - SCD - CPR)
    Destination Clock Delay (DCD):    1.977ns
    Source Clock Delay      (SCD):    1.465ns
    Clock Pessimism Removal (CPR):    0.478ns

    Location             Delay type                Incr(ns)  Path(ns)    Netlist Resource(s)
  -------------------------------------------------------------------    -------------------
                         (clock sys_clk_pin rise edge)
                                                      0.000     0.000 r  
    W5                                                0.000     0.000 r  clk (IN)
                         net (fo=0)                   0.000     0.000    clk
    W5                   IBUF (Prop_ibuf_I_O)         0.226     0.226 r  clk_IBUF_inst/O
                         net (fo=1, routed)           0.631     0.858    clk_IBUF
    BUFGCTRL_X0Y0        BUFG (Prop_bufg_I_O)         0.026     0.884 r  clk_IBUF_BUFG_inst/O
                         net (fo=80, routed)          0.582     1.465    u_leds/CLK
    SLICE_X1Y24          FDRE                                         r  u_leds/readData_reg[0]/C
  -------------------------------------------------------------------    -------------------
    SLICE_X1Y24          FDRE (Prop_fdre_C_Q)         0.141     1.606 r  u_leds/readData_reg[0]/Q
                         net (fo=3, routed)           0.159     1.765    readData[0]
    SLICE_X1Y25          FDRE                                         r  alu_control_reg_reg[0]/D
  -------------------------------------------------------------------    -------------------

                         (clock sys_clk_pin rise edge)
                                                      0.000     0.000 r  
    W5                                                0.000     0.000 r  clk (IN)
                         net (fo=0)                   0.000     0.000    clk
    W5                   IBUF (Prop_ibuf_I_O)         0.414     0.414 r  clk_IBUF_inst/O
                         net (fo=1, routed)           0.685     1.099    clk_IBUF
    BUFGCTRL_X0Y0        BUFG (Prop_bufg_I_O)         0.029     1.128 r  clk_IBUF_BUFG_inst/O
                         net (fo=80, routed)          0.850     1.977    clk_IBUF_BUFG
    SLICE_X1Y25          FDRE                                         r  alu_control_reg_reg[0]/C
                         clock pessimism             -0.478     1.499    
    SLICE_X1Y25          FDRE (Hold_fdre_C_D)         0.070     1.569    alu_control_reg_reg[0]
  -------------------------------------------------------------------
                         required time                         -1.569    
                         arrival time                           1.765    
  -------------------------------------------------------------------
                         slack                                  0.196    

Slack (MET) :             0.196ns  (arrival time - required time)
  Source:                 u_leds/readData_reg[3]/C
                            (rising edge-triggered cell FDRE clocked by sys_clk_pin  {rise@0.000ns fall@5.000ns period=10.000ns})
  Destination:            alu_control_reg_reg[3]/D
                            (rising edge-triggered cell FDRE clocked by sys_clk_pin  {rise@0.000ns fall@5.000ns period=10.000ns})
  Path Group:             sys_clk_pin
  Path Type:              Hold (Min at Fast Process Corner)
  Requirement:            0.000ns  (sys_clk_pin rise@0.000ns - sys_clk_pin rise@0.000ns)
  Data Path Delay:        0.302ns  (logic 0.141ns (46.630%)  route 0.161ns (53.370%))
  Logic Levels:           0  
  Clock Path Skew:        0.034ns (DCD - SCD - CPR)
    Destination Clock Delay (DCD):    1.977ns
    Source Clock Delay      (SCD):    1.465ns
    Clock Pessimism Removal (CPR):    0.478ns

    Location             Delay type                Incr(ns)  Path(ns)    Netlist Resource(s)
  -------------------------------------------------------------------    -------------------
                         (clock sys_clk_pin rise edge)
                                                      0.000     0.000 r  
    W5                                                0.000     0.000 r  clk (IN)
                         net (fo=0)                   0.000     0.000    clk
    W5                   IBUF (Prop_ibuf_I_O)         0.226     0.226 r  clk_IBUF_inst/O
                         net (fo=1, routed)           0.631     0.858    clk_IBUF
    BUFGCTRL_X0Y0        BUFG (Prop_bufg_I_O)         0.026     0.884 r  clk_IBUF_BUFG_inst/O
                         net (fo=80, routed)          0.582     1.465    u_leds/CLK
    SLICE_X1Y24          FDRE                                         r  u_leds/readData_reg[3]/C
  -------------------------------------------------------------------    -------------------
    SLICE_X1Y24          FDRE (Prop_fdre_C_Q)         0.141     1.606 r  u_leds/readData_reg[3]/Q
                         net (fo=3, routed)           0.161     1.768    readData[3]
    SLICE_X1Y25          FDRE                                         r  alu_control_reg_reg[3]/D
  -------------------------------------------------------------------    -------------------

                         (clock sys_clk_pin rise edge)
                                                      0.000     0.000 r  
    W5                                                0.000     0.000 r  clk (IN)
                         net (fo=0)                   0.000     0.000    clk
    W5                   IBUF (Prop_ibuf_I_O)         0.414     0.414 r  clk_IBUF_inst/O
                         net (fo=1, routed)           0.685     1.099    clk_IBUF
    BUFGCTRL_X0Y0        BUFG (Prop_bufg_I_O)         0.029     1.128 r  clk_IBUF_BUFG_inst/O
                         net (fo=80, routed)          0.850     1.977    clk_IBUF_BUFG
    SLICE_X1Y25          FDRE                                         r  alu_control_reg_reg[3]/C
                         clock pessimism             -0.478     1.499    
    SLICE_X1Y25          FDRE (Hold_fdre_C_D)         0.072     1.571    alu_control_reg_reg[3]
  -------------------------------------------------------------------
                         required time                         -1.571    
                         arrival time                           1.768    
  -------------------------------------------------------------------
                         slack                                  0.196    

Slack (MET) :             0.198ns  (arrival time - required time)
  Source:                 sw_write_data_reg[10]/C
                            (rising edge-triggered cell FDRE clocked by sys_clk_pin  {rise@0.000ns fall@5.000ns period=10.000ns})
  Destination:            u_switches/leds_reg[10]_lopt_replica_3/D
                            (rising edge-triggered cell FDRE clocked by sys_clk_pin  {rise@0.000ns fall@5.000ns period=10.000ns})
  Path Group:             sys_clk_pin
  Path Type:              Hold (Min at Fast Process Corner)
  Requirement:            0.000ns  (sys_clk_pin rise@0.000ns - sys_clk_pin rise@0.000ns)
  Data Path Delay:        0.277ns  (logic 0.164ns (59.176%)  route 0.113ns (40.824%))
  Logic Levels:           0  
  Clock Path Skew:        0.013ns (DCD - SCD - CPR)
    Destination Clock Delay (DCD):    1.978ns
    Source Clock Delay      (SCD):    1.466ns
    Clock Pessimism Removal (CPR):    0.499ns

    Location             Delay type                Incr(ns)  Path(ns)    Netlist Resource(s)
  -------------------------------------------------------------------    -------------------
                         (clock sys_clk_pin rise edge)
                                                      0.000     0.000 r  
    W5                                                0.000     0.000 r  clk (IN)
                         net (fo=0)                   0.000     0.000    clk
    W5                   IBUF (Prop_ibuf_I_O)         0.226     0.226 r  clk_IBUF_inst/O
                         net (fo=1, routed)           0.631     0.858    clk_IBUF
    BUFGCTRL_X0Y0        BUFG (Prop_bufg_I_O)         0.026     0.884 r  clk_IBUF_BUFG_inst/O
                         net (fo=80, routed)          0.583     1.466    clk_IBUF_BUFG
    SLICE_X2Y26          FDRE                                         r  sw_write_data_reg[10]/C
  -------------------------------------------------------------------    -------------------
    SLICE_X2Y26          FDRE (Prop_fdre_C_Q)         0.164     1.630 r  sw_write_data_reg[10]/Q
                         net (fo=4, routed)           0.113     1.743    u_switches/leds_reg[15]_0[1]
    SLICE_X0Y26          FDRE                                         r  u_switches/leds_reg[10]_lopt_replica_3/D
  -------------------------------------------------------------------    -------------------

                         (clock sys_clk_pin rise edge)
                                                      0.000     0.000 r  
    W5                                                0.000     0.000 r  clk (IN)
                         net (fo=0)                   0.000     0.000    clk
    W5                   IBUF (Prop_ibuf_I_O)         0.414     0.414 r  clk_IBUF_inst/O
                         net (fo=1, routed)           0.685     1.099    clk_IBUF
    BUFGCTRL_X0Y0        BUFG (Prop_bufg_I_O)         0.029     1.128 r  clk_IBUF_BUFG_inst/O
                         net (fo=80, routed)          0.851     1.978    u_switches/CLK
    SLICE_X0Y26          FDRE                                         r  u_switches/leds_reg[10]_lopt_replica_3/C
                         clock pessimism             -0.499     1.479    
    SLICE_X0Y26          FDRE (Hold_fdre_C_D)         0.066     1.545    u_switches/leds_reg[10]_lopt_replica_3
  -------------------------------------------------------------------
                         required time                         -1.545    
                         arrival time                           1.743    
  -------------------------------------------------------------------
                         slack                                  0.198    

Slack (MET) :             0.200ns  (arrival time - required time)
  Source:                 alu_control_reg_reg[0]/C
                            (rising edge-triggered cell FDRE clocked by sys_clk_pin  {rise@0.000ns fall@5.000ns period=10.000ns})
  Destination:            sw_write_data_reg[13]/D
                            (rising edge-triggered cell FDRE clocked by sys_clk_pin  {rise@0.000ns fall@5.000ns period=10.000ns})
  Path Group:             sys_clk_pin
  Path Type:              Hold (Min at Fast Process Corner)
  Requirement:            0.000ns  (sys_clk_pin rise@0.000ns - sys_clk_pin rise@0.000ns)
  Data Path Delay:        0.345ns  (logic 0.189ns (54.820%)  route 0.156ns (45.180%))
  Logic Levels:           1  (LUT5=1)
  Clock Path Skew:        0.014ns (DCD - SCD - CPR)
    Destination Clock Delay (DCD):    1.978ns
    Source Clock Delay      (SCD):    1.465ns
    Clock Pessimism Removal (CPR):    0.499ns

    Location             Delay type                Incr(ns)  Path(ns)    Netlist Resource(s)
  -------------------------------------------------------------------    -------------------
                         (clock sys_clk_pin rise edge)
                                                      0.000     0.000 r  
    W5                                                0.000     0.000 r  clk (IN)
                         net (fo=0)                   0.000     0.000    clk
    W5                   IBUF (Prop_ibuf_I_O)         0.226     0.226 r  clk_IBUF_inst/O
                         net (fo=1, routed)           0.631     0.858    clk_IBUF
    BUFGCTRL_X0Y0        BUFG (Prop_bufg_I_O)         0.026     0.884 r  clk_IBUF_BUFG_inst/O
                         net (fo=80, routed)          0.582     1.465    clk_IBUF_BUFG
    SLICE_X1Y25          FDRE                                         r  alu_control_reg_reg[0]/C
  -------------------------------------------------------------------    -------------------
    SLICE_X1Y25          FDRE (Prop_fdre_C_Q)         0.141     1.606 f  alu_control_reg_reg[0]/Q
                         net (fo=7, routed)           0.156     1.762    alu_control_reg_reg_n_0_[0]
    SLICE_X2Y26          LUT5 (Prop_lut5_I2_O)        0.048     1.810 r  sw_write_data[13]_i_1/O
                         net (fo=1, routed)           0.000     1.810    sw_write_data[13]_i_1_n_0
    SLICE_X2Y26          FDRE                                         r  sw_write_data_reg[13]/D
  -------------------------------------------------------------------    -------------------

                         (clock sys_clk_pin rise edge)
                                                      0.000     0.000 r  
    W5                                                0.000     0.000 r  clk (IN)
                         net (fo=0)                   0.000     0.000    clk
    W5                   IBUF (Prop_ibuf_I_O)         0.414     0.414 r  clk_IBUF_inst/O
                         net (fo=1, routed)           0.685     1.099    clk_IBUF
    BUFGCTRL_X0Y0        BUFG (Prop_bufg_I_O)         0.029     1.128 r  clk_IBUF_BUFG_inst/O
                         net (fo=80, routed)          0.851     1.978    clk_IBUF_BUFG
    SLICE_X2Y26          FDRE                                         r  sw_write_data_reg[13]/C
                         clock pessimism             -0.499     1.479    
    SLICE_X2Y26          FDRE (Hold_fdre_C_D)         0.131     1.610    sw_write_data_reg[13]
  -------------------------------------------------------------------
                         required time                         -1.610    
                         arrival time                           1.810    
  -------------------------------------------------------------------
                         slack                                  0.200    

Slack (MET) :             0.200ns  (arrival time - required time)
  Source:                 u_leds/readData_reg[1]/C
                            (rising edge-triggered cell FDRE clocked by sys_clk_pin  {rise@0.000ns fall@5.000ns period=10.000ns})
  Destination:            alu_control_reg_reg[1]/D
                            (rising edge-triggered cell FDRE clocked by sys_clk_pin  {rise@0.000ns fall@5.000ns period=10.000ns})
  Path Group:             sys_clk_pin
  Path Type:              Hold (Min at Fast Process Corner)
  Requirement:            0.000ns  (sys_clk_pin rise@0.000ns - sys_clk_pin rise@0.000ns)
  Data Path Delay:        0.300ns  (logic 0.141ns (46.982%)  route 0.159ns (53.018%))
  Logic Levels:           0  
  Clock Path Skew:        0.034ns (DCD - SCD - CPR)
    Destination Clock Delay (DCD):    1.977ns
    Source Clock Delay      (SCD):    1.465ns
    Clock Pessimism Removal (CPR):    0.478ns

    Location             Delay type                Incr(ns)  Path(ns)    Netlist Resource(s)
  -------------------------------------------------------------------    -------------------
                         (clock sys_clk_pin rise edge)
                                                      0.000     0.000 r  
    W5                                                0.000     0.000 r  clk (IN)
                         net (fo=0)                   0.000     0.000    clk
    W5                   IBUF (Prop_ibuf_I_O)         0.226     0.226 r  clk_IBUF_inst/O
                         net (fo=1, routed)           0.631     0.858    clk_IBUF
    BUFGCTRL_X0Y0        BUFG (Prop_bufg_I_O)         0.026     0.884 r  clk_IBUF_BUFG_inst/O
                         net (fo=80, routed)          0.582     1.465    u_leds/CLK
    SLICE_X1Y24          FDRE                                         r  u_leds/readData_reg[1]/C
  -------------------------------------------------------------------    -------------------
    SLICE_X1Y24          FDRE (Prop_fdre_C_Q)         0.141     1.606 r  u_leds/readData_reg[1]/Q
                         net (fo=3, routed)           0.159     1.765    readData[1]
    SLICE_X1Y25          FDRE                                         r  alu_control_reg_reg[1]/D
  -------------------------------------------------------------------    -------------------

                         (clock sys_clk_pin rise edge)
                                                      0.000     0.000 r  
    W5                                                0.000     0.000 r  clk (IN)
                         net (fo=0)                   0.000     0.000    clk
    W5                   IBUF (Prop_ibuf_I_O)         0.414     0.414 r  clk_IBUF_inst/O
                         net (fo=1, routed)           0.685     1.099    clk_IBUF
    BUFGCTRL_X0Y0        BUFG (Prop_bufg_I_O)         0.029     1.128 r  clk_IBUF_BUFG_inst/O
                         net (fo=80, routed)          0.850     1.977    clk_IBUF_BUFG
    SLICE_X1Y25          FDRE                                         r  alu_control_reg_reg[1]/C
                         clock pessimism             -0.478     1.499    
    SLICE_X1Y25          FDRE (Hold_fdre_C_D)         0.066     1.565    alu_control_reg_reg[1]
  -------------------------------------------------------------------
                         required time                         -1.565    
                         arrival time                           1.765    
  -------------------------------------------------------------------
                         slack                                  0.200    

Slack (MET) :             0.204ns  (arrival time - required time)
  Source:                 alu_control_reg_reg[0]/C
                            (rising edge-triggered cell FDRE clocked by sys_clk_pin  {rise@0.000ns fall@5.000ns period=10.000ns})
  Destination:            sw_write_data_reg[10]/D
                            (rising edge-triggered cell FDRE clocked by sys_clk_pin  {rise@0.000ns fall@5.000ns period=10.000ns})
  Path Group:             sys_clk_pin
  Path Type:              Hold (Min at Fast Process Corner)
  Requirement:            0.000ns  (sys_clk_pin rise@0.000ns - sys_clk_pin rise@0.000ns)
  Data Path Delay:        0.338ns  (logic 0.186ns (55.068%)  route 0.152ns (44.932%))
  Logic Levels:           1  (LUT5=1)
  Clock Path Skew:        0.014ns (DCD - SCD - CPR)
    Destination Clock Delay (DCD):    1.978ns
    Source Clock Delay      (SCD):    1.465ns
    Clock Pessimism Removal (CPR):    0.499ns

    Location             Delay type                Incr(ns)  Path(ns)    Netlist Resource(s)
  -------------------------------------------------------------------    -------------------
                         (clock sys_clk_pin rise edge)
                                                      0.000     0.000 r  
    W5                                                0.000     0.000 r  clk (IN)
                         net (fo=0)                   0.000     0.000    clk
    W5                   IBUF (Prop_ibuf_I_O)         0.226     0.226 r  clk_IBUF_inst/O
                         net (fo=1, routed)           0.631     0.858    clk_IBUF
    BUFGCTRL_X0Y0        BUFG (Prop_bufg_I_O)         0.026     0.884 r  clk_IBUF_BUFG_inst/O
                         net (fo=80, routed)          0.582     1.465    clk_IBUF_BUFG
    SLICE_X1Y25          FDRE                                         r  alu_control_reg_reg[0]/C
  -------------------------------------------------------------------    -------------------
    SLICE_X1Y25          FDRE (Prop_fdre_C_Q)         0.141     1.606 f  alu_control_reg_reg[0]/Q
                         net (fo=7, routed)           0.152     1.758    alu_control_reg_reg_n_0_[0]
    SLICE_X2Y26          LUT5 (Prop_lut5_I4_O)        0.045     1.803 r  sw_write_data[10]_i_1/O
                         net (fo=1, routed)           0.000     1.803    sw_write_data[10]_i_1_n_0
    SLICE_X2Y26          FDRE                                         r  sw_write_data_reg[10]/D
  -------------------------------------------------------------------    -------------------

                         (clock sys_clk_pin rise edge)
                                                      0.000     0.000 r  
    W5                                                0.000     0.000 r  clk (IN)
                         net (fo=0)                   0.000     0.000    clk
    W5                   IBUF (Prop_ibuf_I_O)         0.414     0.414 r  clk_IBUF_inst/O
                         net (fo=1, routed)           0.685     1.099    clk_IBUF
    BUFGCTRL_X0Y0        BUFG (Prop_bufg_I_O)         0.029     1.128 r  clk_IBUF_BUFG_inst/O
                         net (fo=80, routed)          0.851     1.978    clk_IBUF_BUFG
    SLICE_X2Y26          FDRE                                         r  sw_write_data_reg[10]/C
                         clock pessimism             -0.499     1.479    
    SLICE_X2Y26          FDRE (Hold_fdre_C_D)         0.120     1.599    sw_write_data_reg[10]
  -------------------------------------------------------------------
                         required time                         -1.599    
                         arrival time                           1.803    
  -------------------------------------------------------------------
                         slack                                  0.204    

Slack (MET) :             0.207ns  (arrival time - required time)
  Source:                 alu_control_reg_reg[0]/C
                            (rising edge-triggered cell FDRE clocked by sys_clk_pin  {rise@0.000ns fall@5.000ns period=10.000ns})
  Destination:            sw_write_data_reg[11]/D
                            (rising edge-triggered cell FDRE clocked by sys_clk_pin  {rise@0.000ns fall@5.000ns period=10.000ns})
  Path Group:             sys_clk_pin
  Path Type:              Hold (Min at Fast Process Corner)
  Requirement:            0.000ns  (sys_clk_pin rise@0.000ns - sys_clk_pin rise@0.000ns)
  Data Path Delay:        0.342ns  (logic 0.186ns (54.423%)  route 0.156ns (45.577%))
  Logic Levels:           1  (LUT5=1)
  Clock Path Skew:        0.014ns (DCD - SCD - CPR)
    Destination Clock Delay (DCD):    1.978ns
    Source Clock Delay      (SCD):    1.465ns
    Clock Pessimism Removal (CPR):    0.499ns

    Location             Delay type                Incr(ns)  Path(ns)    Netlist Resource(s)
  -------------------------------------------------------------------    -------------------
                         (clock sys_clk_pin rise edge)
                                                      0.000     0.000 r  
    W5                                                0.000     0.000 r  clk (IN)
                         net (fo=0)                   0.000     0.000    clk
    W5                   IBUF (Prop_ibuf_I_O)         0.226     0.226 r  clk_IBUF_inst/O
                         net (fo=1, routed)           0.631     0.858    clk_IBUF
    BUFGCTRL_X0Y0        BUFG (Prop_bufg_I_O)         0.026     0.884 r  clk_IBUF_BUFG_inst/O
                         net (fo=80, routed)          0.582     1.465    clk_IBUF_BUFG
    SLICE_X1Y25          FDRE                                         r  alu_control_reg_reg[0]/C
  -------------------------------------------------------------------    -------------------
    SLICE_X1Y25          FDRE (Prop_fdre_C_Q)         0.141     1.606 r  alu_control_reg_reg[0]/Q
                         net (fo=7, routed)           0.156     1.762    alu_control_reg_reg_n_0_[0]
    SLICE_X2Y26          LUT5 (Prop_lut5_I3_O)        0.045     1.807 r  sw_write_data[11]_i_1/O
                         net (fo=1, routed)           0.000     1.807    sw_write_data[11]_i_1_n_0
    SLICE_X2Y26          FDRE                                         r  sw_write_data_reg[11]/D
  -------------------------------------------------------------------    -------------------

                         (clock sys_clk_pin rise edge)
                                                      0.000     0.000 r  
    W5                                                0.000     0.000 r  clk (IN)
                         net (fo=0)                   0.000     0.000    clk
    W5                   IBUF (Prop_ibuf_I_O)         0.414     0.414 r  clk_IBUF_inst/O
                         net (fo=1, routed)           0.685     1.099    clk_IBUF
    BUFGCTRL_X0Y0        BUFG (Prop_bufg_I_O)         0.029     1.128 r  clk_IBUF_BUFG_inst/O
                         net (fo=80, routed)          0.851     1.978    clk_IBUF_BUFG
    SLICE_X2Y26          FDRE                                         r  sw_write_data_reg[11]/C
                         clock pessimism             -0.499     1.479    
    SLICE_X2Y26          FDRE (Hold_fdre_C_D)         0.121     1.600    sw_write_data_reg[11]
  -------------------------------------------------------------------
                         required time                         -1.600    
                         arrival time                           1.807    
  -------------------------------------------------------------------
                         slack                                  0.207    





Pulse Width Checks
--------------------------------------------------------------------------------------
Clock Name:         sys_clk_pin
Waveform(ns):       { 0.000 5.000 }
Period(ns):         10.000
Sources:            { clk }

Check Type        Corner  Lib Pin  Reference Pin  Required(ns)  Actual(ns)  Slack(ns)  Location       Pin
Min Period        n/a     BUFG/I   n/a            2.155         10.000      7.845      BUFGCTRL_X0Y0  clk_IBUF_BUFG_inst/I
Min Period        n/a     FDSE/C   n/a            1.000         10.000      9.000      SLICE_X2Y25    FSM_sequential_state_reg[0]_inv/C
Min Period        n/a     FDRE/C   n/a            1.000         10.000      9.000      SLICE_X2Y25    FSM_sequential_state_reg[1]/C
Min Period        n/a     FDRE/C   n/a            1.000         10.000      9.000      SLICE_X1Y25    alu_control_reg_reg[0]/C
Min Period        n/a     FDRE/C   n/a            1.000         10.000      9.000      SLICE_X1Y25    alu_control_reg_reg[1]/C
Min Period        n/a     FDRE/C   n/a            1.000         10.000      9.000      SLICE_X1Y25    alu_control_reg_reg[2]/C
Min Period        n/a     FDRE/C   n/a            1.000         10.000      9.000      SLICE_X1Y25    alu_control_reg_reg[3]/C
Min Period        n/a     FDRE/C   n/a            1.000         10.000      9.000      SLICE_X2Y26    sw_write_data_reg[10]/C
Min Period        n/a     FDRE/C   n/a            1.000         10.000      9.000      SLICE_X2Y26    sw_write_data_reg[11]/C
Min Period        n/a     FDRE/C   n/a            1.000         10.000      9.000      SLICE_X2Y26    sw_write_data_reg[12]/C
Low Pulse Width   Fast    FDSE/C   n/a            0.500         5.000       4.500      SLICE_X2Y25    FSM_sequential_state_reg[0]_inv/C
Low Pulse Width   Fast    FDRE/C   n/a            0.500         5.000       4.500      SLICE_X2Y25    FSM_sequential_state_reg[1]/C
Low Pulse Width   Fast    FDRE/C   n/a            0.500         5.000       4.500      SLICE_X1Y25    alu_control_reg_reg[0]/C
Low Pulse Width   Fast    FDRE/C   n/a            0.500         5.000       4.500      SLICE_X1Y25    alu_control_reg_reg[1]/C
Low Pulse Width   Fast    FDRE/C   n/a            0.500         5.000       4.500      SLICE_X1Y25    alu_control_reg_reg[2]/C
Low Pulse Width   Fast    FDRE/C   n/a            0.500         5.000       4.500      SLICE_X1Y25    alu_control_reg_reg[3]/C
Low Pulse Width   Fast    FDRE/C   n/a            0.500         5.000       4.500      SLICE_X2Y26    sw_write_data_reg[10]/C
Low Pulse Width   Fast    FDRE/C   n/a            0.500         5.000       4.500      SLICE_X2Y26    sw_write_data_reg[11]/C
Low Pulse Width   Fast    FDRE/C   n/a            0.500         5.000       4.500      SLICE_X2Y26    sw_write_data_reg[12]/C
Low Pulse Width   Fast    FDRE/C   n/a            0.500         5.000       4.500      SLICE_X2Y26    sw_write_data_reg[13]/C
High Pulse Width  Slow    FDSE/C   n/a            0.500         5.000       4.500      SLICE_X2Y25    FSM_sequential_state_reg[0]_inv/C
High Pulse Width  Slow    FDRE/C   n/a            0.500         5.000       4.500      SLICE_X2Y25    FSM_sequential_state_reg[1]/C
High Pulse Width  Slow    FDRE/C   n/a            0.500         5.000       4.500      SLICE_X1Y25    alu_control_reg_reg[0]/C
High Pulse Width  Slow    FDRE/C   n/a            0.500         5.000       4.500      SLICE_X1Y25    alu_control_reg_reg[1]/C
High Pulse Width  Slow    FDRE/C   n/a            0.500         5.000       4.500      SLICE_X1Y25    alu_control_reg_reg[2]/C
High Pulse Width  Slow    FDRE/C   n/a            0.500         5.000       4.500      SLICE_X1Y25    alu_control_reg_reg[3]/C
High Pulse Width  Slow    FDRE/C   n/a            0.500         5.000       4.500      SLICE_X2Y26    sw_write_data_reg[10]/C
High Pulse Width  Slow    FDRE/C   n/a            0.500         5.000       4.500      SLICE_X2Y26    sw_write_data_reg[11]/C
High Pulse Width  Slow    FDRE/C   n/a            0.500         5.000       4.500      SLICE_X2Y26    sw_write_data_reg[12]/C
High Pulse Width  Slow    FDRE/C   n/a            0.500         5.000       4.500      SLICE_X2Y26    sw_write_data_reg[13]/C



