Copyright 1986-2020 Xilinx, Inc. All Rights Reserved.
-----------------------------------------------------------------------------------------------------------------------------------------------------------------------------------------------------------------------
| Tool Version : Vivado v.2020.1 (win64) Build 2902540 Wed May 27 19:54:49 MDT 2020
| Date         : Wed Mar 18 16:27:14 2026
| Host         : HU-DOPX-DIL03 running 64-bit major release  (build 9200)
| Command      : report_timing_summary -max_paths 10 -file MemorySystem_top_timing_summary_routed.rpt -pb MemorySystem_top_timing_summary_routed.pb -rpx MemorySystem_top_timing_summary_routed.rpx -warn_on_violation
| Design       : MemorySystem_top
| Device       : 7a35t-cpg236
| Speed File   : -1  PRODUCTION 1.23 2018-06-13
-----------------------------------------------------------------------------------------------------------------------------------------------------------------------------------------------------------------------

Timing Summary Report

------------------------------------------------------------------------------------------------
| Timer Settings
| --------------
------------------------------------------------------------------------------------------------

  Enable Multi Corner Analysis               :  Yes
  Enable Pessimism Removal                   :  Yes
  Pessimism Removal Resolution               :  Nearest Common Node
  Enable Input Delay Default Clock           :  No
  Enable Preset / Clear Arcs                 :  No
  Disable Flight Delays                      :  No
  Ignore I/O Paths                           :  No
  Timing Early Launch at Borrowing Latches   :  No
  Borrow Time for Max Delay Exceptions       :  Yes
  Merge Timing Exceptions                    :  Yes

  Corner  Analyze    Analyze    
  Name    Max Paths  Min Paths  
  ------  ---------  ---------  
  Slow    Yes        Yes        
  Fast    Yes        Yes        



check_timing report

Table of Contents
-----------------
1. checking no_clock (0)
2. checking constant_clock (0)
3. checking pulse_width_clock (0)
4. checking unconstrained_internal_endpoints (0)
5. checking no_input_delay (17)
6. checking no_output_delay (16)
7. checking multiple_clock (0)
8. checking generated_clocks (0)
9. checking loops (0)
10. checking partial_input_delay (0)
11. checking partial_output_delay (0)
12. checking latch_loops (0)

1. checking no_clock (0)
------------------------
 There are 0 register/latch pins with no clock.


2. checking constant_clock (0)
------------------------------
 There are 0 register/latch pins with constant_clock.


3. checking pulse_width_clock (0)
---------------------------------
 There are 0 register/latch pins which need pulse_width check


4. checking unconstrained_internal_endpoints (0)
------------------------------------------------
 There are 0 pins that are not constrained for maximum delay.

 There are 0 pins that are not constrained for maximum delay due to constant clock.


5. checking no_input_delay (17)
-------------------------------
 There are 17 input ports with no input delay specified. (HIGH)

 There are 0 input ports with no input delay but user has a false path constraint.


6. checking no_output_delay (16)
--------------------------------
 There are 16 ports with no output delay specified. (HIGH)

 There are 0 ports with no output delay but user has a false path constraint

 There are 0 ports with no output delay but with a timing clock defined on it or propagating through it


7. checking multiple_clock (0)
------------------------------
 There are 0 register/latch pins with multiple clocks.


8. checking generated_clocks (0)
--------------------------------
 There are 0 generated clocks that are not connected to a clock source.


9. checking loops (0)
---------------------
 There are 0 combinational loops in the design.


10. checking partial_input_delay (0)
------------------------------------
 There are 0 input ports with partial input delay specified.


11. checking partial_output_delay (0)
-------------------------------------
 There are 0 ports with partial output delay specified.


12. checking latch_loops (0)
----------------------------
 There are 0 combinational latch loops in the design through latch input



------------------------------------------------------------------------------------------------
| Design Timing Summary
| ---------------------
------------------------------------------------------------------------------------------------

    WNS(ns)      TNS(ns)  TNS Failing Endpoints  TNS Total Endpoints      WHS(ns)      THS(ns)  THS Failing Endpoints  THS Total Endpoints     WPWS(ns)     TPWS(ns)  TPWS Failing Endpoints  TPWS Total Endpoints  
    -------      -------  ---------------------  -------------------      -------      -------  ---------------------  -------------------     --------     --------  ----------------------  --------------------  
      5.067        0.000                      0                  820        0.107        0.000                      0                  820        3.750        0.000                       0                   258  


All user specified timing constraints are met.


------------------------------------------------------------------------------------------------
| Clock Summary
| -------------
------------------------------------------------------------------------------------------------

Clock        Waveform(ns)       Period(ns)      Frequency(MHz)
-----        ------------       ----------      --------------
sys_clk_pin  {0.000 5.000}      10.000          100.000         


------------------------------------------------------------------------------------------------
| Intra Clock Table
| -----------------
------------------------------------------------------------------------------------------------

Clock             WNS(ns)      TNS(ns)  TNS Failing Endpoints  TNS Total Endpoints      WHS(ns)      THS(ns)  THS Failing Endpoints  THS Total Endpoints     WPWS(ns)     TPWS(ns)  TPWS Failing Endpoints  TPWS Total Endpoints  
-----             -------      -------  ---------------------  -------------------      -------      -------  ---------------------  -------------------     --------     --------  ----------------------  --------------------  
sys_clk_pin         5.067        0.000                      0                  820        0.107        0.000                      0                  820        3.750        0.000                       0                   258  


------------------------------------------------------------------------------------------------
| Inter Clock Table
| -----------------
------------------------------------------------------------------------------------------------

From Clock    To Clock          WNS(ns)      TNS(ns)  TNS Failing Endpoints  TNS Total Endpoints      WHS(ns)      THS(ns)  THS Failing Endpoints  THS Total Endpoints  
----------    --------          -------      -------  ---------------------  -------------------      -------      -------  ---------------------  -------------------  


------------------------------------------------------------------------------------------------
| Other Path Groups Table
| -----------------------
------------------------------------------------------------------------------------------------

Path Group    From Clock    To Clock          WNS(ns)      TNS(ns)  TNS Failing Endpoints  TNS Total Endpoints      WHS(ns)      THS(ns)  THS Failing Endpoints  THS Total Endpoints  
----------    ----------    --------          -------      -------  ---------------------  -------------------      -------      -------  ---------------------  -------------------  


------------------------------------------------------------------------------------------------
| Timing Details
| --------------
------------------------------------------------------------------------------------------------


---------------------------------------------------------------------------------------------------
From Clock:  sys_clk_pin
  To Clock:  sys_clk_pin

Setup :            0  Failing Endpoints,  Worst Slack        5.067ns,  Total Violation        0.000ns
Hold  :            0  Failing Endpoints,  Worst Slack        0.107ns,  Total Violation        0.000ns
PW    :            0  Failing Endpoints,  Worst Slack        3.750ns,  Total Violation        0.000ns
---------------------------------------------------------------------------------------------------


Max Delay Paths
--------------------------------------------------------------------------------------
Slack (MET) :             5.067ns  (required time - arrival time)
  Source:                 u_clkdiv/count_reg[2]/C
                            (rising edge-triggered cell FDRE clocked by sys_clk_pin  {rise@0.000ns fall@5.000ns period=10.000ns})
  Destination:            u_fsm/writeData_reg[10]/CE
                            (rising edge-triggered cell FDRE clocked by sys_clk_pin  {rise@0.000ns fall@5.000ns period=10.000ns})
  Path Group:             sys_clk_pin
  Path Type:              Setup (Max at Slow Process Corner)
  Requirement:            10.000ns  (sys_clk_pin rise@10.000ns - sys_clk_pin rise@0.000ns)
  Data Path Delay:        4.454ns  (logic 1.084ns (24.335%)  route 3.370ns (75.665%))
  Logic Levels:           3  (LUT3=1 LUT4=1 LUT5=1)
  Clock Path Skew:        -0.036ns (DCD - SCD + CPR)
    Destination Clock Delay (DCD):    4.780ns = ( 14.780 - 10.000 ) 
    Source Clock Delay      (SCD):    5.076ns
    Clock Pessimism Removal (CPR):    0.260ns
  Clock Uncertainty:      0.035ns  ((TSJ^2 + TIJ^2)^1/2 + DJ) / 2 + PE
    Total System Jitter     (TSJ):    0.071ns
    Total Input Jitter      (TIJ):    0.000ns
    Discrete Jitter          (DJ):    0.000ns
    Phase Error              (PE):    0.000ns

    Location             Delay type                Incr(ns)  Path(ns)    Netlist Resource(s)
  -------------------------------------------------------------------    -------------------
                         (clock sys_clk_pin rise edge)
                                                      0.000     0.000 r  
    W5                                                0.000     0.000 r  clk (IN)
                         net (fo=0)                   0.000     0.000    clk
    W5                   IBUF (Prop_ibuf_I_O)         1.458     1.458 r  clk_IBUF_inst/O
                         net (fo=1, routed)           1.967     3.425    clk_IBUF
    BUFGCTRL_X0Y0        BUFG (Prop_bufg_I_O)         0.096     3.521 r  clk_IBUF_BUFG_inst/O
                         net (fo=257, routed)         1.555     5.076    u_clkdiv/clk_IBUF_BUFG
    SLICE_X9Y21          FDRE                                         r  u_clkdiv/count_reg[2]/C
  -------------------------------------------------------------------    -------------------
    SLICE_X9Y21          FDRE (Prop_fdre_C_Q)         0.456     5.532 r  u_clkdiv/count_reg[2]/Q
                         net (fo=2, routed)           0.651     6.184    u_clkdiv/count[2]
    SLICE_X9Y21          LUT4 (Prop_lut4_I0_O)        0.124     6.308 f  u_clkdiv/FSM_sequential_state[3]_i_7/O
                         net (fo=1, routed)           0.885     7.192    u_clkdiv/FSM_sequential_state[3]_i_7_n_0
    SLICE_X9Y25          LUT5 (Prop_lut5_I4_O)        0.150     7.342 f  u_clkdiv/FSM_sequential_state[3]_i_3/O
                         net (fo=29, routed)          1.015     8.357    u_clkdiv/count_reg[26]_0
    SLICE_X9Y28          LUT3 (Prop_lut3_I0_O)        0.354     8.711 r  u_clkdiv/FSM_sequential_state[3]_i_1/O
                         net (fo=17, routed)          0.819     9.531    u_fsm/E[0]
    SLICE_X15Y30         FDRE                                         r  u_fsm/writeData_reg[10]/CE
  -------------------------------------------------------------------    -------------------

                         (clock sys_clk_pin rise edge)
                                                     10.000    10.000 r  
    W5                                                0.000    10.000 r  clk (IN)
                         net (fo=0)                   0.000    10.000    clk
    W5                   IBUF (Prop_ibuf_I_O)         1.388    11.388 r  clk_IBUF_inst/O
                         net (fo=1, routed)           1.862    13.250    clk_IBUF
    BUFGCTRL_X0Y0        BUFG (Prop_bufg_I_O)         0.091    13.341 r  clk_IBUF_BUFG_inst/O
                         net (fo=257, routed)         1.439    14.780    u_fsm/clk_IBUF_BUFG
    SLICE_X15Y30         FDRE                                         r  u_fsm/writeData_reg[10]/C
                         clock pessimism              0.260    15.040    
                         clock uncertainty           -0.035    15.005    
    SLICE_X15Y30         FDRE (Setup_fdre_C_CE)      -0.407    14.598    u_fsm/writeData_reg[10]
  -------------------------------------------------------------------
                         required time                         14.598    
                         arrival time                          -9.531    
  -------------------------------------------------------------------
                         slack                                  5.067    

Slack (MET) :             5.067ns  (required time - arrival time)
  Source:                 u_clkdiv/count_reg[2]/C
                            (rising edge-triggered cell FDRE clocked by sys_clk_pin  {rise@0.000ns fall@5.000ns period=10.000ns})
  Destination:            u_fsm/writeData_reg[14]/CE
                            (rising edge-triggered cell FDRE clocked by sys_clk_pin  {rise@0.000ns fall@5.000ns period=10.000ns})
  Path Group:             sys_clk_pin
  Path Type:              Setup (Max at Slow Process Corner)
  Requirement:            10.000ns  (sys_clk_pin rise@10.000ns - sys_clk_pin rise@0.000ns)
  Data Path Delay:        4.454ns  (logic 1.084ns (24.335%)  route 3.370ns (75.665%))
  Logic Levels:           3  (LUT3=1 LUT4=1 LUT5=1)
  Clock Path Skew:        -0.036ns (DCD - SCD + CPR)
    Destination Clock Delay (DCD):    4.780ns = ( 14.780 - 10.000 ) 
    Source Clock Delay      (SCD):    5.076ns
    Clock Pessimism Removal (CPR):    0.260ns
  Clock Uncertainty:      0.035ns  ((TSJ^2 + TIJ^2)^1/2 + DJ) / 2 + PE
    Total System Jitter     (TSJ):    0.071ns
    Total Input Jitter      (TIJ):    0.000ns
    Discrete Jitter          (DJ):    0.000ns
    Phase Error              (PE):    0.000ns

    Location             Delay type                Incr(ns)  Path(ns)    Netlist Resource(s)
  -------------------------------------------------------------------    -------------------
                         (clock sys_clk_pin rise edge)
                                                      0.000     0.000 r  
    W5                                                0.000     0.000 r  clk (IN)
                         net (fo=0)                   0.000     0.000    clk
    W5                   IBUF (Prop_ibuf_I_O)         1.458     1.458 r  clk_IBUF_inst/O
                         net (fo=1, routed)           1.967     3.425    clk_IBUF
    BUFGCTRL_X0Y0        BUFG (Prop_bufg_I_O)         0.096     3.521 r  clk_IBUF_BUFG_inst/O
                         net (fo=257, routed)         1.555     5.076    u_clkdiv/clk_IBUF_BUFG
    SLICE_X9Y21          FDRE                                         r  u_clkdiv/count_reg[2]/C
  -------------------------------------------------------------------    -------------------
    SLICE_X9Y21          FDRE (Prop_fdre_C_Q)         0.456     5.532 r  u_clkdiv/count_reg[2]/Q
                         net (fo=2, routed)           0.651     6.184    u_clkdiv/count[2]
    SLICE_X9Y21          LUT4 (Prop_lut4_I0_O)        0.124     6.308 f  u_clkdiv/FSM_sequential_state[3]_i_7/O
                         net (fo=1, routed)           0.885     7.192    u_clkdiv/FSM_sequential_state[3]_i_7_n_0
    SLICE_X9Y25          LUT5 (Prop_lut5_I4_O)        0.150     7.342 f  u_clkdiv/FSM_sequential_state[3]_i_3/O
                         net (fo=29, routed)          1.015     8.357    u_clkdiv/count_reg[26]_0
    SLICE_X9Y28          LUT3 (Prop_lut3_I0_O)        0.354     8.711 r  u_clkdiv/FSM_sequential_state[3]_i_1/O
                         net (fo=17, routed)          0.819     9.531    u_fsm/E[0]
    SLICE_X15Y30         FDRE                                         r  u_fsm/writeData_reg[14]/CE
  -------------------------------------------------------------------    -------------------

                         (clock sys_clk_pin rise edge)
                                                     10.000    10.000 r  
    W5                                                0.000    10.000 r  clk (IN)
                         net (fo=0)                   0.000    10.000    clk
    W5                   IBUF (Prop_ibuf_I_O)         1.388    11.388 r  clk_IBUF_inst/O
                         net (fo=1, routed)           1.862    13.250    clk_IBUF
    BUFGCTRL_X0Y0        BUFG (Prop_bufg_I_O)         0.091    13.341 r  clk_IBUF_BUFG_inst/O
                         net (fo=257, routed)         1.439    14.780    u_fsm/clk_IBUF_BUFG
    SLICE_X15Y30         FDRE                                         r  u_fsm/writeData_reg[14]/C
                         clock pessimism              0.260    15.040    
                         clock uncertainty           -0.035    15.005    
    SLICE_X15Y30         FDRE (Setup_fdre_C_CE)      -0.407    14.598    u_fsm/writeData_reg[14]
  -------------------------------------------------------------------
                         required time                         14.598    
                         arrival time                          -9.531    
  -------------------------------------------------------------------
                         slack                                  5.067    

Slack (MET) :             5.211ns  (required time - arrival time)
  Source:                 u_clkdiv/count_reg[2]/C
                            (rising edge-triggered cell FDRE clocked by sys_clk_pin  {rise@0.000ns fall@5.000ns period=10.000ns})
  Destination:            u_fsm/FSM_sequential_state_reg[0]/CE
                            (rising edge-triggered cell FDRE clocked by sys_clk_pin  {rise@0.000ns fall@5.000ns period=10.000ns})
  Path Group:             sys_clk_pin
  Path Type:              Setup (Max at Slow Process Corner)
  Requirement:            10.000ns  (sys_clk_pin rise@10.000ns - sys_clk_pin rise@0.000ns)
  Data Path Delay:        4.308ns  (logic 1.084ns (25.164%)  route 3.224ns (74.836%))
  Logic Levels:           3  (LUT3=1 LUT4=1 LUT5=1)
  Clock Path Skew:        -0.039ns (DCD - SCD + CPR)
    Destination Clock Delay (DCD):    4.777ns = ( 14.777 - 10.000 ) 
    Source Clock Delay      (SCD):    5.076ns
    Clock Pessimism Removal (CPR):    0.260ns
  Clock Uncertainty:      0.035ns  ((TSJ^2 + TIJ^2)^1/2 + DJ) / 2 + PE
    Total System Jitter     (TSJ):    0.071ns
    Total Input Jitter      (TIJ):    0.000ns
    Discrete Jitter          (DJ):    0.000ns
    Phase Error              (PE):    0.000ns

    Location             Delay type                Incr(ns)  Path(ns)    Netlist Resource(s)
  -------------------------------------------------------------------    -------------------
                         (clock sys_clk_pin rise edge)
                                                      0.000     0.000 r  
    W5                                                0.000     0.000 r  clk (IN)
                         net (fo=0)                   0.000     0.000    clk
    W5                   IBUF (Prop_ibuf_I_O)         1.458     1.458 r  clk_IBUF_inst/O
                         net (fo=1, routed)           1.967     3.425    clk_IBUF
    BUFGCTRL_X0Y0        BUFG (Prop_bufg_I_O)         0.096     3.521 r  clk_IBUF_BUFG_inst/O
                         net (fo=257, routed)         1.555     5.076    u_clkdiv/clk_IBUF_BUFG
    SLICE_X9Y21          FDRE                                         r  u_clkdiv/count_reg[2]/C
  -------------------------------------------------------------------    -------------------
    SLICE_X9Y21          FDRE (Prop_fdre_C_Q)         0.456     5.532 r  u_clkdiv/count_reg[2]/Q
                         net (fo=2, routed)           0.651     6.184    u_clkdiv/count[2]
    SLICE_X9Y21          LUT4 (Prop_lut4_I0_O)        0.124     6.308 f  u_clkdiv/FSM_sequential_state[3]_i_7/O
                         net (fo=1, routed)           0.885     7.192    u_clkdiv/FSM_sequential_state[3]_i_7_n_0
    SLICE_X9Y25          LUT5 (Prop_lut5_I4_O)        0.150     7.342 f  u_clkdiv/FSM_sequential_state[3]_i_3/O
                         net (fo=29, routed)          1.015     8.357    u_clkdiv/count_reg[26]_0
    SLICE_X9Y28          LUT3 (Prop_lut3_I0_O)        0.354     8.711 r  u_clkdiv/FSM_sequential_state[3]_i_1/O
                         net (fo=17, routed)          0.672     9.384    u_fsm/E[0]
    SLICE_X15Y27         FDRE                                         r  u_fsm/FSM_sequential_state_reg[0]/CE
  -------------------------------------------------------------------    -------------------

                         (clock sys_clk_pin rise edge)
                                                     10.000    10.000 r  
    W5                                                0.000    10.000 r  clk (IN)
                         net (fo=0)                   0.000    10.000    clk
    W5                   IBUF (Prop_ibuf_I_O)         1.388    11.388 r  clk_IBUF_inst/O
                         net (fo=1, routed)           1.862    13.250    clk_IBUF
    BUFGCTRL_X0Y0        BUFG (Prop_bufg_I_O)         0.091    13.341 r  clk_IBUF_BUFG_inst/O
                         net (fo=257, routed)         1.436    14.777    u_fsm/clk_IBUF_BUFG
    SLICE_X15Y27         FDRE                                         r  u_fsm/FSM_sequential_state_reg[0]/C
                         clock pessimism              0.260    15.037    
                         clock uncertainty           -0.035    15.002    
    SLICE_X15Y27         FDRE (Setup_fdre_C_CE)      -0.407    14.595    u_fsm/FSM_sequential_state_reg[0]
  -------------------------------------------------------------------
                         required time                         14.595    
                         arrival time                          -9.384    
  -------------------------------------------------------------------
                         slack                                  5.211    

Slack (MET) :             5.211ns  (required time - arrival time)
  Source:                 u_clkdiv/count_reg[2]/C
                            (rising edge-triggered cell FDRE clocked by sys_clk_pin  {rise@0.000ns fall@5.000ns period=10.000ns})
  Destination:            u_fsm/FSM_sequential_state_reg[1]/CE
                            (rising edge-triggered cell FDRE clocked by sys_clk_pin  {rise@0.000ns fall@5.000ns period=10.000ns})
  Path Group:             sys_clk_pin
  Path Type:              Setup (Max at Slow Process Corner)
  Requirement:            10.000ns  (sys_clk_pin rise@10.000ns - sys_clk_pin rise@0.000ns)
  Data Path Delay:        4.308ns  (logic 1.084ns (25.164%)  route 3.224ns (74.836%))
  Logic Levels:           3  (LUT3=1 LUT4=1 LUT5=1)
  Clock Path Skew:        -0.039ns (DCD - SCD + CPR)
    Destination Clock Delay (DCD):    4.777ns = ( 14.777 - 10.000 ) 
    Source Clock Delay      (SCD):    5.076ns
    Clock Pessimism Removal (CPR):    0.260ns
  Clock Uncertainty:      0.035ns  ((TSJ^2 + TIJ^2)^1/2 + DJ) / 2 + PE
    Total System Jitter     (TSJ):    0.071ns
    Total Input Jitter      (TIJ):    0.000ns
    Discrete Jitter          (DJ):    0.000ns
    Phase Error              (PE):    0.000ns

    Location             Delay type                Incr(ns)  Path(ns)    Netlist Resource(s)
  -------------------------------------------------------------------    -------------------
                         (clock sys_clk_pin rise edge)
                                                      0.000     0.000 r  
    W5                                                0.000     0.000 r  clk (IN)
                         net (fo=0)                   0.000     0.000    clk
    W5                   IBUF (Prop_ibuf_I_O)         1.458     1.458 r  clk_IBUF_inst/O
                         net (fo=1, routed)           1.967     3.425    clk_IBUF
    BUFGCTRL_X0Y0        BUFG (Prop_bufg_I_O)         0.096     3.521 r  clk_IBUF_BUFG_inst/O
                         net (fo=257, routed)         1.555     5.076    u_clkdiv/clk_IBUF_BUFG
    SLICE_X9Y21          FDRE                                         r  u_clkdiv/count_reg[2]/C
  -------------------------------------------------------------------    -------------------
    SLICE_X9Y21          FDRE (Prop_fdre_C_Q)         0.456     5.532 r  u_clkdiv/count_reg[2]/Q
                         net (fo=2, routed)           0.651     6.184    u_clkdiv/count[2]
    SLICE_X9Y21          LUT4 (Prop_lut4_I0_O)        0.124     6.308 f  u_clkdiv/FSM_sequential_state[3]_i_7/O
                         net (fo=1, routed)           0.885     7.192    u_clkdiv/FSM_sequential_state[3]_i_7_n_0
    SLICE_X9Y25          LUT5 (Prop_lut5_I4_O)        0.150     7.342 f  u_clkdiv/FSM_sequential_state[3]_i_3/O
                         net (fo=29, routed)          1.015     8.357    u_clkdiv/count_reg[26]_0
    SLICE_X9Y28          LUT3 (Prop_lut3_I0_O)        0.354     8.711 r  u_clkdiv/FSM_sequential_state[3]_i_1/O
                         net (fo=17, routed)          0.672     9.384    u_fsm/E[0]
    SLICE_X15Y27         FDRE                                         r  u_fsm/FSM_sequential_state_reg[1]/CE
  -------------------------------------------------------------------    -------------------

                         (clock sys_clk_pin rise edge)
                                                     10.000    10.000 r  
    W5                                                0.000    10.000 r  clk (IN)
                         net (fo=0)                   0.000    10.000    clk
    W5                   IBUF (Prop_ibuf_I_O)         1.388    11.388 r  clk_IBUF_inst/O
                         net (fo=1, routed)           1.862    13.250    clk_IBUF
    BUFGCTRL_X0Y0        BUFG (Prop_bufg_I_O)         0.091    13.341 r  clk_IBUF_BUFG_inst/O
                         net (fo=257, routed)         1.436    14.777    u_fsm/clk_IBUF_BUFG
    SLICE_X15Y27         FDRE                                         r  u_fsm/FSM_sequential_state_reg[1]/C
                         clock pessimism              0.260    15.037    
                         clock uncertainty           -0.035    15.002    
    SLICE_X15Y27         FDRE (Setup_fdre_C_CE)      -0.407    14.595    u_fsm/FSM_sequential_state_reg[1]
  -------------------------------------------------------------------
                         required time                         14.595    
                         arrival time                          -9.384    
  -------------------------------------------------------------------
                         slack                                  5.211    

Slack (MET) :             5.211ns  (required time - arrival time)
  Source:                 u_clkdiv/count_reg[2]/C
                            (rising edge-triggered cell FDRE clocked by sys_clk_pin  {rise@0.000ns fall@5.000ns period=10.000ns})
  Destination:            u_fsm/address_reg[0]/CE
                            (rising edge-triggered cell FDRE clocked by sys_clk_pin  {rise@0.000ns fall@5.000ns period=10.000ns})
  Path Group:             sys_clk_pin
  Path Type:              Setup (Max at Slow Process Corner)
  Requirement:            10.000ns  (sys_clk_pin rise@10.000ns - sys_clk_pin rise@0.000ns)
  Data Path Delay:        4.308ns  (logic 1.084ns (25.164%)  route 3.224ns (74.836%))
  Logic Levels:           3  (LUT3=1 LUT4=1 LUT5=1)
  Clock Path Skew:        -0.039ns (DCD - SCD + CPR)
    Destination Clock Delay (DCD):    4.777ns = ( 14.777 - 10.000 ) 
    Source Clock Delay      (SCD):    5.076ns
    Clock Pessimism Removal (CPR):    0.260ns
  Clock Uncertainty:      0.035ns  ((TSJ^2 + TIJ^2)^1/2 + DJ) / 2 + PE
    Total System Jitter     (TSJ):    0.071ns
    Total Input Jitter      (TIJ):    0.000ns
    Discrete Jitter          (DJ):    0.000ns
    Phase Error              (PE):    0.000ns

    Location             Delay type                Incr(ns)  Path(ns)    Netlist Resource(s)
  -------------------------------------------------------------------    -------------------
                         (clock sys_clk_pin rise edge)
                                                      0.000     0.000 r  
    W5                                                0.000     0.000 r  clk (IN)
                         net (fo=0)                   0.000     0.000    clk
    W5                   IBUF (Prop_ibuf_I_O)         1.458     1.458 r  clk_IBUF_inst/O
                         net (fo=1, routed)           1.967     3.425    clk_IBUF
    BUFGCTRL_X0Y0        BUFG (Prop_bufg_I_O)         0.096     3.521 r  clk_IBUF_BUFG_inst/O
                         net (fo=257, routed)         1.555     5.076    u_clkdiv/clk_IBUF_BUFG
    SLICE_X9Y21          FDRE                                         r  u_clkdiv/count_reg[2]/C
  -------------------------------------------------------------------    -------------------
    SLICE_X9Y21          FDRE (Prop_fdre_C_Q)         0.456     5.532 r  u_clkdiv/count_reg[2]/Q
                         net (fo=2, routed)           0.651     6.184    u_clkdiv/count[2]
    SLICE_X9Y21          LUT4 (Prop_lut4_I0_O)        0.124     6.308 f  u_clkdiv/FSM_sequential_state[3]_i_7/O
                         net (fo=1, routed)           0.885     7.192    u_clkdiv/FSM_sequential_state[3]_i_7_n_0
    SLICE_X9Y25          LUT5 (Prop_lut5_I4_O)        0.150     7.342 f  u_clkdiv/FSM_sequential_state[3]_i_3/O
                         net (fo=29, routed)          1.015     8.357    u_clkdiv/count_reg[26]_0
    SLICE_X9Y28          LUT3 (Prop_lut3_I0_O)        0.354     8.711 r  u_clkdiv/FSM_sequential_state[3]_i_1/O
                         net (fo=17, routed)          0.672     9.384    u_fsm/E[0]
    SLICE_X15Y27         FDRE                                         r  u_fsm/address_reg[0]/CE
  -------------------------------------------------------------------    -------------------

                         (clock sys_clk_pin rise edge)
                                                     10.000    10.000 r  
    W5                                                0.000    10.000 r  clk (IN)
                         net (fo=0)                   0.000    10.000    clk
    W5                   IBUF (Prop_ibuf_I_O)         1.388    11.388 r  clk_IBUF_inst/O
                         net (fo=1, routed)           1.862    13.250    clk_IBUF
    BUFGCTRL_X0Y0        BUFG (Prop_bufg_I_O)         0.091    13.341 r  clk_IBUF_BUFG_inst/O
                         net (fo=257, routed)         1.436    14.777    u_fsm/clk_IBUF_BUFG
    SLICE_X15Y27         FDRE                                         r  u_fsm/address_reg[0]/C
                         clock pessimism              0.260    15.037    
                         clock uncertainty           -0.035    15.002    
    SLICE_X15Y27         FDRE (Setup_fdre_C_CE)      -0.407    14.595    u_fsm/address_reg[0]
  -------------------------------------------------------------------
                         required time                         14.595    
                         arrival time                          -9.384    
  -------------------------------------------------------------------
                         slack                                  5.211    

Slack (MET) :             5.211ns  (required time - arrival time)
  Source:                 u_clkdiv/count_reg[2]/C
                            (rising edge-triggered cell FDRE clocked by sys_clk_pin  {rise@0.000ns fall@5.000ns period=10.000ns})
  Destination:            u_fsm/address_reg[8]/CE
                            (rising edge-triggered cell FDRE clocked by sys_clk_pin  {rise@0.000ns fall@5.000ns period=10.000ns})
  Path Group:             sys_clk_pin
  Path Type:              Setup (Max at Slow Process Corner)
  Requirement:            10.000ns  (sys_clk_pin rise@10.000ns - sys_clk_pin rise@0.000ns)
  Data Path Delay:        4.308ns  (logic 1.084ns (25.164%)  route 3.224ns (74.836%))
  Logic Levels:           3  (LUT3=1 LUT4=1 LUT5=1)
  Clock Path Skew:        -0.039ns (DCD - SCD + CPR)
    Destination Clock Delay (DCD):    4.777ns = ( 14.777 - 10.000 ) 
    Source Clock Delay      (SCD):    5.076ns
    Clock Pessimism Removal (CPR):    0.260ns
  Clock Uncertainty:      0.035ns  ((TSJ^2 + TIJ^2)^1/2 + DJ) / 2 + PE
    Total System Jitter     (TSJ):    0.071ns
    Total Input Jitter      (TIJ):    0.000ns
    Discrete Jitter          (DJ):    0.000ns
    Phase Error              (PE):    0.000ns

    Location             Delay type                Incr(ns)  Path(ns)    Netlist Resource(s)
  -------------------------------------------------------------------    -------------------
                         (clock sys_clk_pin rise edge)
                                                      0.000     0.000 r  
    W5                                                0.000     0.000 r  clk (IN)
                         net (fo=0)                   0.000     0.000    clk
    W5                   IBUF (Prop_ibuf_I_O)         1.458     1.458 r  clk_IBUF_inst/O
                         net (fo=1, routed)           1.967     3.425    clk_IBUF
    BUFGCTRL_X0Y0        BUFG (Prop_bufg_I_O)         0.096     3.521 r  clk_IBUF_BUFG_inst/O
                         net (fo=257, routed)         1.555     5.076    u_clkdiv/clk_IBUF_BUFG
    SLICE_X9Y21          FDRE                                         r  u_clkdiv/count_reg[2]/C
  -------------------------------------------------------------------    -------------------
    SLICE_X9Y21          FDRE (Prop_fdre_C_Q)         0.456     5.532 r  u_clkdiv/count_reg[2]/Q
                         net (fo=2, routed)           0.651     6.184    u_clkdiv/count[2]
    SLICE_X9Y21          LUT4 (Prop_lut4_I0_O)        0.124     6.308 f  u_clkdiv/FSM_sequential_state[3]_i_7/O
                         net (fo=1, routed)           0.885     7.192    u_clkdiv/FSM_sequential_state[3]_i_7_n_0
    SLICE_X9Y25          LUT5 (Prop_lut5_I4_O)        0.150     7.342 f  u_clkdiv/FSM_sequential_state[3]_i_3/O
                         net (fo=29, routed)          1.015     8.357    u_clkdiv/count_reg[26]_0
    SLICE_X9Y28          LUT3 (Prop_lut3_I0_O)        0.354     8.711 r  u_clkdiv/FSM_sequential_state[3]_i_1/O
                         net (fo=17, routed)          0.672     9.384    u_fsm/E[0]
    SLICE_X15Y27         FDRE                                         r  u_fsm/address_reg[8]/CE
  -------------------------------------------------------------------    -------------------

                         (clock sys_clk_pin rise edge)
                                                     10.000    10.000 r  
    W5                                                0.000    10.000 r  clk (IN)
                         net (fo=0)                   0.000    10.000    clk
    W5                   IBUF (Prop_ibuf_I_O)         1.388    11.388 r  clk_IBUF_inst/O
                         net (fo=1, routed)           1.862    13.250    clk_IBUF
    BUFGCTRL_X0Y0        BUFG (Prop_bufg_I_O)         0.091    13.341 r  clk_IBUF_BUFG_inst/O
                         net (fo=257, routed)         1.436    14.777    u_fsm/clk_IBUF_BUFG
    SLICE_X15Y27         FDRE                                         r  u_fsm/address_reg[8]/C
                         clock pessimism              0.260    15.037    
                         clock uncertainty           -0.035    15.002    
    SLICE_X15Y27         FDRE (Setup_fdre_C_CE)      -0.407    14.595    u_fsm/address_reg[8]
  -------------------------------------------------------------------
                         required time                         14.595    
                         arrival time                          -9.384    
  -------------------------------------------------------------------
                         slack                                  5.211    

Slack (MET) :             5.211ns  (required time - arrival time)
  Source:                 u_clkdiv/count_reg[2]/C
                            (rising edge-triggered cell FDRE clocked by sys_clk_pin  {rise@0.000ns fall@5.000ns period=10.000ns})
  Destination:            u_fsm/address_reg[9]/CE
                            (rising edge-triggered cell FDRE clocked by sys_clk_pin  {rise@0.000ns fall@5.000ns period=10.000ns})
  Path Group:             sys_clk_pin
  Path Type:              Setup (Max at Slow Process Corner)
  Requirement:            10.000ns  (sys_clk_pin rise@10.000ns - sys_clk_pin rise@0.000ns)
  Data Path Delay:        4.308ns  (logic 1.084ns (25.164%)  route 3.224ns (74.836%))
  Logic Levels:           3  (LUT3=1 LUT4=1 LUT5=1)
  Clock Path Skew:        -0.039ns (DCD - SCD + CPR)
    Destination Clock Delay (DCD):    4.777ns = ( 14.777 - 10.000 ) 
    Source Clock Delay      (SCD):    5.076ns
    Clock Pessimism Removal (CPR):    0.260ns
  Clock Uncertainty:      0.035ns  ((TSJ^2 + TIJ^2)^1/2 + DJ) / 2 + PE
    Total System Jitter     (TSJ):    0.071ns
    Total Input Jitter      (TIJ):    0.000ns
    Discrete Jitter          (DJ):    0.000ns
    Phase Error              (PE):    0.000ns

    Location             Delay type                Incr(ns)  Path(ns)    Netlist Resource(s)
  -------------------------------------------------------------------    -------------------
                         (clock sys_clk_pin rise edge)
                                                      0.000     0.000 r  
    W5                                                0.000     0.000 r  clk (IN)
                         net (fo=0)                   0.000     0.000    clk
    W5                   IBUF (Prop_ibuf_I_O)         1.458     1.458 r  clk_IBUF_inst/O
                         net (fo=1, routed)           1.967     3.425    clk_IBUF
    BUFGCTRL_X0Y0        BUFG (Prop_bufg_I_O)         0.096     3.521 r  clk_IBUF_BUFG_inst/O
                         net (fo=257, routed)         1.555     5.076    u_clkdiv/clk_IBUF_BUFG
    SLICE_X9Y21          FDRE                                         r  u_clkdiv/count_reg[2]/C
  -------------------------------------------------------------------    -------------------
    SLICE_X9Y21          FDRE (Prop_fdre_C_Q)         0.456     5.532 r  u_clkdiv/count_reg[2]/Q
                         net (fo=2, routed)           0.651     6.184    u_clkdiv/count[2]
    SLICE_X9Y21          LUT4 (Prop_lut4_I0_O)        0.124     6.308 f  u_clkdiv/FSM_sequential_state[3]_i_7/O
                         net (fo=1, routed)           0.885     7.192    u_clkdiv/FSM_sequential_state[3]_i_7_n_0
    SLICE_X9Y25          LUT5 (Prop_lut5_I4_O)        0.150     7.342 f  u_clkdiv/FSM_sequential_state[3]_i_3/O
                         net (fo=29, routed)          1.015     8.357    u_clkdiv/count_reg[26]_0
    SLICE_X9Y28          LUT3 (Prop_lut3_I0_O)        0.354     8.711 r  u_clkdiv/FSM_sequential_state[3]_i_1/O
                         net (fo=17, routed)          0.672     9.384    u_fsm/E[0]
    SLICE_X15Y27         FDRE                                         r  u_fsm/address_reg[9]/CE
  -------------------------------------------------------------------    -------------------

                         (clock sys_clk_pin rise edge)
                                                     10.000    10.000 r  
    W5                                                0.000    10.000 r  clk (IN)
                         net (fo=0)                   0.000    10.000    clk
    W5                   IBUF (Prop_ibuf_I_O)         1.388    11.388 r  clk_IBUF_inst/O
                         net (fo=1, routed)           1.862    13.250    clk_IBUF
    BUFGCTRL_X0Y0        BUFG (Prop_bufg_I_O)         0.091    13.341 r  clk_IBUF_BUFG_inst/O
                         net (fo=257, routed)         1.436    14.777    u_fsm/clk_IBUF_BUFG
    SLICE_X15Y27         FDRE                                         r  u_fsm/address_reg[9]/C
                         clock pessimism              0.260    15.037    
                         clock uncertainty           -0.035    15.002    
    SLICE_X15Y27         FDRE (Setup_fdre_C_CE)      -0.407    14.595    u_fsm/address_reg[9]
  -------------------------------------------------------------------
                         required time                         14.595    
                         arrival time                          -9.384    
  -------------------------------------------------------------------
                         slack                                  5.211    

Slack (MET) :             5.211ns  (required time - arrival time)
  Source:                 u_clkdiv/count_reg[2]/C
                            (rising edge-triggered cell FDRE clocked by sys_clk_pin  {rise@0.000ns fall@5.000ns period=10.000ns})
  Destination:            u_fsm/writeData_reg[15]/CE
                            (rising edge-triggered cell FDRE clocked by sys_clk_pin  {rise@0.000ns fall@5.000ns period=10.000ns})
  Path Group:             sys_clk_pin
  Path Type:              Setup (Max at Slow Process Corner)
  Requirement:            10.000ns  (sys_clk_pin rise@10.000ns - sys_clk_pin rise@0.000ns)
  Data Path Delay:        4.308ns  (logic 1.084ns (25.164%)  route 3.224ns (74.836%))
  Logic Levels:           3  (LUT3=1 LUT4=1 LUT5=1)
  Clock Path Skew:        -0.039ns (DCD - SCD + CPR)
    Destination Clock Delay (DCD):    4.777ns = ( 14.777 - 10.000 ) 
    Source Clock Delay      (SCD):    5.076ns
    Clock Pessimism Removal (CPR):    0.260ns
  Clock Uncertainty:      0.035ns  ((TSJ^2 + TIJ^2)^1/2 + DJ) / 2 + PE
    Total System Jitter     (TSJ):    0.071ns
    Total Input Jitter      (TIJ):    0.000ns
    Discrete Jitter          (DJ):    0.000ns
    Phase Error              (PE):    0.000ns

    Location             Delay type                Incr(ns)  Path(ns)    Netlist Resource(s)
  -------------------------------------------------------------------    -------------------
                         (clock sys_clk_pin rise edge)
                                                      0.000     0.000 r  
    W5                                                0.000     0.000 r  clk (IN)
                         net (fo=0)                   0.000     0.000    clk
    W5                   IBUF (Prop_ibuf_I_O)         1.458     1.458 r  clk_IBUF_inst/O
                         net (fo=1, routed)           1.967     3.425    clk_IBUF
    BUFGCTRL_X0Y0        BUFG (Prop_bufg_I_O)         0.096     3.521 r  clk_IBUF_BUFG_inst/O
                         net (fo=257, routed)         1.555     5.076    u_clkdiv/clk_IBUF_BUFG
    SLICE_X9Y21          FDRE                                         r  u_clkdiv/count_reg[2]/C
  -------------------------------------------------------------------    -------------------
    SLICE_X9Y21          FDRE (Prop_fdre_C_Q)         0.456     5.532 r  u_clkdiv/count_reg[2]/Q
                         net (fo=2, routed)           0.651     6.184    u_clkdiv/count[2]
    SLICE_X9Y21          LUT4 (Prop_lut4_I0_O)        0.124     6.308 f  u_clkdiv/FSM_sequential_state[3]_i_7/O
                         net (fo=1, routed)           0.885     7.192    u_clkdiv/FSM_sequential_state[3]_i_7_n_0
    SLICE_X9Y25          LUT5 (Prop_lut5_I4_O)        0.150     7.342 f  u_clkdiv/FSM_sequential_state[3]_i_3/O
                         net (fo=29, routed)          1.015     8.357    u_clkdiv/count_reg[26]_0
    SLICE_X9Y28          LUT3 (Prop_lut3_I0_O)        0.354     8.711 r  u_clkdiv/FSM_sequential_state[3]_i_1/O
                         net (fo=17, routed)          0.672     9.384    u_fsm/E[0]
    SLICE_X15Y27         FDRE                                         r  u_fsm/writeData_reg[15]/CE
  -------------------------------------------------------------------    -------------------

                         (clock sys_clk_pin rise edge)
                                                     10.000    10.000 r  
    W5                                                0.000    10.000 r  clk (IN)
                         net (fo=0)                   0.000    10.000    clk
    W5                   IBUF (Prop_ibuf_I_O)         1.388    11.388 r  clk_IBUF_inst/O
                         net (fo=1, routed)           1.862    13.250    clk_IBUF
    BUFGCTRL_X0Y0        BUFG (Prop_bufg_I_O)         0.091    13.341 r  clk_IBUF_BUFG_inst/O
                         net (fo=257, routed)         1.436    14.777    u_fsm/clk_IBUF_BUFG
    SLICE_X15Y27         FDRE                                         r  u_fsm/writeData_reg[15]/C
                         clock pessimism              0.260    15.037    
                         clock uncertainty           -0.035    15.002    
    SLICE_X15Y27         FDRE (Setup_fdre_C_CE)      -0.407    14.595    u_fsm/writeData_reg[15]
  -------------------------------------------------------------------
                         required time                         14.595    
                         arrival time                          -9.384    
  -------------------------------------------------------------------
                         slack                                  5.211    

Slack (MET) :             5.376ns  (required time - arrival time)
  Source:                 u_clkdiv/count_reg[2]/C
                            (rising edge-triggered cell FDRE clocked by sys_clk_pin  {rise@0.000ns fall@5.000ns period=10.000ns})
  Destination:            u_fsm/address_reg[1]/CE
                            (rising edge-triggered cell FDRE clocked by sys_clk_pin  {rise@0.000ns fall@5.000ns period=10.000ns})
  Path Group:             sys_clk_pin
  Path Type:              Setup (Max at Slow Process Corner)
  Requirement:            10.000ns  (sys_clk_pin rise@10.000ns - sys_clk_pin rise@0.000ns)
  Data Path Delay:        4.147ns  (logic 1.084ns (26.142%)  route 3.063ns (73.858%))
  Logic Levels:           3  (LUT3=1 LUT4=1 LUT5=1)
  Clock Path Skew:        -0.035ns (DCD - SCD + CPR)
    Destination Clock Delay (DCD):    4.781ns = ( 14.781 - 10.000 ) 
    Source Clock Delay      (SCD):    5.076ns
    Clock Pessimism Removal (CPR):    0.260ns
  Clock Uncertainty:      0.035ns  ((TSJ^2 + TIJ^2)^1/2 + DJ) / 2 + PE
    Total System Jitter     (TSJ):    0.071ns
    Total Input Jitter      (TIJ):    0.000ns
    Discrete Jitter          (DJ):    0.000ns
    Phase Error              (PE):    0.000ns

    Location             Delay type                Incr(ns)  Path(ns)    Netlist Resource(s)
  -------------------------------------------------------------------    -------------------
                         (clock sys_clk_pin rise edge)
                                                      0.000     0.000 r  
    W5                                                0.000     0.000 r  clk (IN)
                         net (fo=0)                   0.000     0.000    clk
    W5                   IBUF (Prop_ibuf_I_O)         1.458     1.458 r  clk_IBUF_inst/O
                         net (fo=1, routed)           1.967     3.425    clk_IBUF
    BUFGCTRL_X0Y0        BUFG (Prop_bufg_I_O)         0.096     3.521 r  clk_IBUF_BUFG_inst/O
                         net (fo=257, routed)         1.555     5.076    u_clkdiv/clk_IBUF_BUFG
    SLICE_X9Y21          FDRE                                         r  u_clkdiv/count_reg[2]/C
  -------------------------------------------------------------------    -------------------
    SLICE_X9Y21          FDRE (Prop_fdre_C_Q)         0.456     5.532 r  u_clkdiv/count_reg[2]/Q
                         net (fo=2, routed)           0.651     6.184    u_clkdiv/count[2]
    SLICE_X9Y21          LUT4 (Prop_lut4_I0_O)        0.124     6.308 f  u_clkdiv/FSM_sequential_state[3]_i_7/O
                         net (fo=1, routed)           0.885     7.192    u_clkdiv/FSM_sequential_state[3]_i_7_n_0
    SLICE_X9Y25          LUT5 (Prop_lut5_I4_O)        0.150     7.342 f  u_clkdiv/FSM_sequential_state[3]_i_3/O
                         net (fo=29, routed)          1.015     8.357    u_clkdiv/count_reg[26]_0
    SLICE_X9Y28          LUT3 (Prop_lut3_I0_O)        0.354     8.711 r  u_clkdiv/FSM_sequential_state[3]_i_1/O
                         net (fo=17, routed)          0.511     9.223    u_fsm/E[0]
    SLICE_X11Y29         FDRE                                         r  u_fsm/address_reg[1]/CE
  -------------------------------------------------------------------    -------------------

                         (clock sys_clk_pin rise edge)
                                                     10.000    10.000 r  
    W5                                                0.000    10.000 r  clk (IN)
                         net (fo=0)                   0.000    10.000    clk
    W5                   IBUF (Prop_ibuf_I_O)         1.388    11.388 r  clk_IBUF_inst/O
                         net (fo=1, routed)           1.862    13.250    clk_IBUF
    BUFGCTRL_X0Y0        BUFG (Prop_bufg_I_O)         0.091    13.341 r  clk_IBUF_BUFG_inst/O
                         net (fo=257, routed)         1.440    14.781    u_fsm/clk_IBUF_BUFG
    SLICE_X11Y29         FDRE                                         r  u_fsm/address_reg[1]/C
                         clock pessimism              0.260    15.041    
                         clock uncertainty           -0.035    15.006    
    SLICE_X11Y29         FDRE (Setup_fdre_C_CE)      -0.407    14.599    u_fsm/address_reg[1]
  -------------------------------------------------------------------
                         required time                         14.599    
                         arrival time                          -9.223    
  -------------------------------------------------------------------
                         slack                                  5.376    

Slack (MET) :             5.376ns  (required time - arrival time)
  Source:                 u_clkdiv/count_reg[2]/C
                            (rising edge-triggered cell FDRE clocked by sys_clk_pin  {rise@0.000ns fall@5.000ns period=10.000ns})
  Destination:            u_fsm/writeData_reg[11]/CE
                            (rising edge-triggered cell FDRE clocked by sys_clk_pin  {rise@0.000ns fall@5.000ns period=10.000ns})
  Path Group:             sys_clk_pin
  Path Type:              Setup (Max at Slow Process Corner)
  Requirement:            10.000ns  (sys_clk_pin rise@10.000ns - sys_clk_pin rise@0.000ns)
  Data Path Delay:        4.147ns  (logic 1.084ns (26.142%)  route 3.063ns (73.858%))
  Logic Levels:           3  (LUT3=1 LUT4=1 LUT5=1)
  Clock Path Skew:        -0.035ns (DCD - SCD + CPR)
    Destination Clock Delay (DCD):    4.781ns = ( 14.781 - 10.000 ) 
    Source Clock Delay      (SCD):    5.076ns
    Clock Pessimism Removal (CPR):    0.260ns
  Clock Uncertainty:      0.035ns  ((TSJ^2 + TIJ^2)^1/2 + DJ) / 2 + PE
    Total System Jitter     (TSJ):    0.071ns
    Total Input Jitter      (TIJ):    0.000ns
    Discrete Jitter          (DJ):    0.000ns
    Phase Error              (PE):    0.000ns

    Location             Delay type                Incr(ns)  Path(ns)    Netlist Resource(s)
  -------------------------------------------------------------------    -------------------
                         (clock sys_clk_pin rise edge)
                                                      0.000     0.000 r  
    W5                                                0.000     0.000 r  clk (IN)
                         net (fo=0)                   0.000     0.000    clk
    W5                   IBUF (Prop_ibuf_I_O)         1.458     1.458 r  clk_IBUF_inst/O
                         net (fo=1, routed)           1.967     3.425    clk_IBUF
    BUFGCTRL_X0Y0        BUFG (Prop_bufg_I_O)         0.096     3.521 r  clk_IBUF_BUFG_inst/O
                         net (fo=257, routed)         1.555     5.076    u_clkdiv/clk_IBUF_BUFG
    SLICE_X9Y21          FDRE                                         r  u_clkdiv/count_reg[2]/C
  -------------------------------------------------------------------    -------------------
    SLICE_X9Y21          FDRE (Prop_fdre_C_Q)         0.456     5.532 r  u_clkdiv/count_reg[2]/Q
                         net (fo=2, routed)           0.651     6.184    u_clkdiv/count[2]
    SLICE_X9Y21          LUT4 (Prop_lut4_I0_O)        0.124     6.308 f  u_clkdiv/FSM_sequential_state[3]_i_7/O
                         net (fo=1, routed)           0.885     7.192    u_clkdiv/FSM_sequential_state[3]_i_7_n_0
    SLICE_X9Y25          LUT5 (Prop_lut5_I4_O)        0.150     7.342 f  u_clkdiv/FSM_sequential_state[3]_i_3/O
                         net (fo=29, routed)          1.015     8.357    u_clkdiv/count_reg[26]_0
    SLICE_X9Y28          LUT3 (Prop_lut3_I0_O)        0.354     8.711 r  u_clkdiv/FSM_sequential_state[3]_i_1/O
                         net (fo=17, routed)          0.511     9.223    u_fsm/E[0]
    SLICE_X11Y29         FDRE                                         r  u_fsm/writeData_reg[11]/CE
  -------------------------------------------------------------------    -------------------

                         (clock sys_clk_pin rise edge)
                                                     10.000    10.000 r  
    W5                                                0.000    10.000 r  clk (IN)
                         net (fo=0)                   0.000    10.000    clk
    W5                   IBUF (Prop_ibuf_I_O)         1.388    11.388 r  clk_IBUF_inst/O
                         net (fo=1, routed)           1.862    13.250    clk_IBUF
    BUFGCTRL_X0Y0        BUFG (Prop_bufg_I_O)         0.091    13.341 r  clk_IBUF_BUFG_inst/O
                         net (fo=257, routed)         1.440    14.781    u_fsm/clk_IBUF_BUFG
    SLICE_X11Y29         FDRE                                         r  u_fsm/writeData_reg[11]/C
                         clock pessimism              0.260    15.041    
                         clock uncertainty           -0.035    15.006    
    SLICE_X11Y29         FDRE (Setup_fdre_C_CE)      -0.407    14.599    u_fsm/writeData_reg[11]
  -------------------------------------------------------------------
                         required time                         14.599    
                         arrival time                          -9.223    
  -------------------------------------------------------------------
                         slack                                  5.376    





Min Delay Paths
--------------------------------------------------------------------------------------
Slack (MET) :             0.107ns  (arrival time - required time)
  Source:                 u_fsm/writeData_reg[10]/C
                            (rising edge-triggered cell FDRE clocked by sys_clk_pin  {rise@0.000ns fall@5.000ns period=10.000ns})
  Destination:            u_mem_sys/u_datamem/mem_reg_256_511_8_8/RAMS64E_D/I
                            (rising edge-triggered cell RAMS64E clocked by sys_clk_pin  {rise@0.000ns fall@5.000ns period=10.000ns})
  Path Group:             sys_clk_pin
  Path Type:              Hold (Min at Fast Process Corner)
  Requirement:            0.000ns  (sys_clk_pin rise@0.000ns - sys_clk_pin rise@0.000ns)
  Data Path Delay:        0.264ns  (logic 0.141ns (53.389%)  route 0.123ns (46.611%))
  Logic Levels:           0  
  Clock Path Skew:        0.013ns (DCD - SCD - CPR)
    Destination Clock Delay (DCD):    1.952ns
    Source Clock Delay      (SCD):    1.441ns
    Clock Pessimism Removal (CPR):    0.498ns

    Location             Delay type                Incr(ns)  Path(ns)    Netlist Resource(s)
  -------------------------------------------------------------------    -------------------
                         (clock sys_clk_pin rise edge)
                                                      0.000     0.000 r  
    W5                                                0.000     0.000 r  clk (IN)
                         net (fo=0)                   0.000     0.000    clk
    W5                   IBUF (Prop_ibuf_I_O)         0.226     0.226 r  clk_IBUF_inst/O
                         net (fo=1, routed)           0.631     0.858    clk_IBUF
    BUFGCTRL_X0Y0        BUFG (Prop_bufg_I_O)         0.026     0.884 r  clk_IBUF_BUFG_inst/O
                         net (fo=257, routed)         0.558     1.441    u_fsm/clk_IBUF_BUFG
    SLICE_X15Y30         FDRE                                         r  u_fsm/writeData_reg[10]/C
  -------------------------------------------------------------------    -------------------
    SLICE_X15Y30         FDRE (Prop_fdre_C_Q)         0.141     1.582 r  u_fsm/writeData_reg[10]/Q
                         net (fo=16, routed)          0.123     1.705    u_mem_sys/u_datamem/mem_reg_256_511_8_8/D
    SLICE_X12Y29         RAMS64E                                      r  u_mem_sys/u_datamem/mem_reg_256_511_8_8/RAMS64E_D/I
  -------------------------------------------------------------------    -------------------

                         (clock sys_clk_pin rise edge)
                                                      0.000     0.000 r  
    W5                                                0.000     0.000 r  clk (IN)
                         net (fo=0)                   0.000     0.000    clk
    W5                   IBUF (Prop_ibuf_I_O)         0.414     0.414 r  clk_IBUF_inst/O
                         net (fo=1, routed)           0.685     1.099    clk_IBUF
    BUFGCTRL_X0Y0        BUFG (Prop_bufg_I_O)         0.029     1.128 r  clk_IBUF_BUFG_inst/O
                         net (fo=257, routed)         0.825     1.952    u_mem_sys/u_datamem/mem_reg_256_511_8_8/WCLK
    SLICE_X12Y29         RAMS64E                                      r  u_mem_sys/u_datamem/mem_reg_256_511_8_8/RAMS64E_D/CLK
                         clock pessimism             -0.498     1.454    
    SLICE_X12Y29         RAMS64E (Hold_rams64e_CLK_I)
                                                      0.144     1.598    u_mem_sys/u_datamem/mem_reg_256_511_8_8/RAMS64E_D
  -------------------------------------------------------------------
                         required time                         -1.598    
                         arrival time                           1.705    
  -------------------------------------------------------------------
                         slack                                  0.107    

Slack (MET) :             0.115ns  (arrival time - required time)
  Source:                 u_fsm/writeData_reg[10]/C
                            (rising edge-triggered cell FDRE clocked by sys_clk_pin  {rise@0.000ns fall@5.000ns period=10.000ns})
  Destination:            u_mem_sys/u_datamem/mem_reg_0_255_8_8/RAMS64E_D/I
                            (rising edge-triggered cell RAMS64E clocked by sys_clk_pin  {rise@0.000ns fall@5.000ns period=10.000ns})
  Path Group:             sys_clk_pin
  Path Type:              Hold (Min at Fast Process Corner)
  Requirement:            0.000ns  (sys_clk_pin rise@0.000ns - sys_clk_pin rise@0.000ns)
  Data Path Delay:        0.273ns  (logic 0.141ns (51.583%)  route 0.132ns (48.417%))
  Logic Levels:           0  
  Clock Path Skew:        0.014ns (DCD - SCD - CPR)
    Destination Clock Delay (DCD):    1.953ns
    Source Clock Delay      (SCD):    1.441ns
    Clock Pessimism Removal (CPR):    0.498ns

    Location             Delay type                Incr(ns)  Path(ns)    Netlist Resource(s)
  -------------------------------------------------------------------    -------------------
                         (clock sys_clk_pin rise edge)
                                                      0.000     0.000 r  
    W5                                                0.000     0.000 r  clk (IN)
                         net (fo=0)                   0.000     0.000    clk
    W5                   IBUF (Prop_ibuf_I_O)         0.226     0.226 r  clk_IBUF_inst/O
                         net (fo=1, routed)           0.631     0.858    clk_IBUF
    BUFGCTRL_X0Y0        BUFG (Prop_bufg_I_O)         0.026     0.884 r  clk_IBUF_BUFG_inst/O
                         net (fo=257, routed)         0.558     1.441    u_fsm/clk_IBUF_BUFG
    SLICE_X15Y30         FDRE                                         r  u_fsm/writeData_reg[10]/C
  -------------------------------------------------------------------    -------------------
    SLICE_X15Y30         FDRE (Prop_fdre_C_Q)         0.141     1.582 r  u_fsm/writeData_reg[10]/Q
                         net (fo=16, routed)          0.132     1.714    u_mem_sys/u_datamem/mem_reg_0_255_8_8/D
    SLICE_X12Y30         RAMS64E                                      r  u_mem_sys/u_datamem/mem_reg_0_255_8_8/RAMS64E_D/I
  -------------------------------------------------------------------    -------------------

                         (clock sys_clk_pin rise edge)
                                                      0.000     0.000 r  
    W5                                                0.000     0.000 r  clk (IN)
                         net (fo=0)                   0.000     0.000    clk
    W5                   IBUF (Prop_ibuf_I_O)         0.414     0.414 r  clk_IBUF_inst/O
                         net (fo=1, routed)           0.685     1.099    clk_IBUF
    BUFGCTRL_X0Y0        BUFG (Prop_bufg_I_O)         0.029     1.128 r  clk_IBUF_BUFG_inst/O
                         net (fo=257, routed)         0.826     1.953    u_mem_sys/u_datamem/mem_reg_0_255_8_8/WCLK
    SLICE_X12Y30         RAMS64E                                      r  u_mem_sys/u_datamem/mem_reg_0_255_8_8/RAMS64E_D/CLK
                         clock pessimism             -0.498     1.455    
    SLICE_X12Y30         RAMS64E (Hold_rams64e_CLK_I)
                                                      0.144     1.599    u_mem_sys/u_datamem/mem_reg_0_255_8_8/RAMS64E_D
  -------------------------------------------------------------------
                         required time                         -1.599    
                         arrival time                           1.714    
  -------------------------------------------------------------------
                         slack                                  0.115    

Slack (MET) :             0.118ns  (arrival time - required time)
  Source:                 u_fsm/address_reg[1]/C
                            (rising edge-triggered cell FDRE clocked by sys_clk_pin  {rise@0.000ns fall@5.000ns period=10.000ns})
  Destination:            u_mem_sys/u_datamem/mem_reg_256_511_2_2/RAMS64E_A/ADR1
                            (rising edge-triggered cell RAMS64E clocked by sys_clk_pin  {rise@0.000ns fall@5.000ns period=10.000ns})
  Path Group:             sys_clk_pin
  Path Type:              Hold (Min at Fast Process Corner)
  Requirement:            0.000ns  (sys_clk_pin rise@0.000ns - sys_clk_pin rise@0.000ns)
  Data Path Delay:        0.461ns  (logic 0.141ns (30.564%)  route 0.320ns (69.436%))
  Logic Levels:           0  
  Clock Path Skew:        0.034ns (DCD - SCD - CPR)
    Destination Clock Delay (DCD):    1.952ns
    Source Clock Delay      (SCD):    1.440ns
    Clock Pessimism Removal (CPR):    0.478ns

    Location             Delay type                Incr(ns)  Path(ns)    Netlist Resource(s)
  -------------------------------------------------------------------    -------------------
                         (clock sys_clk_pin rise edge)
                                                      0.000     0.000 r  
    W5                                                0.000     0.000 r  clk (IN)
                         net (fo=0)                   0.000     0.000    clk
    W5                   IBUF (Prop_ibuf_I_O)         0.226     0.226 r  clk_IBUF_inst/O
                         net (fo=1, routed)           0.631     0.858    clk_IBUF
    BUFGCTRL_X0Y0        BUFG (Prop_bufg_I_O)         0.026     0.884 r  clk_IBUF_BUFG_inst/O
                         net (fo=257, routed)         0.557     1.440    u_fsm/clk_IBUF_BUFG
    SLICE_X11Y29         FDRE                                         r  u_fsm/address_reg[1]/C
  -------------------------------------------------------------------    -------------------
    SLICE_X11Y29         FDRE (Prop_fdre_C_Q)         0.141     1.581 r  u_fsm/address_reg[1]/Q
                         net (fo=128, routed)         0.320     1.901    u_mem_sys/u_datamem/mem_reg_256_511_2_2/A1
    SLICE_X8Y29          RAMS64E                                      r  u_mem_sys/u_datamem/mem_reg_256_511_2_2/RAMS64E_A/ADR1
  -------------------------------------------------------------------    -------------------

                         (clock sys_clk_pin rise edge)
                                                      0.000     0.000 r  
    W5                                                0.000     0.000 r  clk (IN)
                         net (fo=0)                   0.000     0.000    clk
    W5                   IBUF (Prop_ibuf_I_O)         0.414     0.414 r  clk_IBUF_inst/O
                         net (fo=1, routed)           0.685     1.099    clk_IBUF
    BUFGCTRL_X0Y0        BUFG (Prop_bufg_I_O)         0.029     1.128 r  clk_IBUF_BUFG_inst/O
                         net (fo=257, routed)         0.825     1.952    u_mem_sys/u_datamem/mem_reg_256_511_2_2/WCLK
    SLICE_X8Y29          RAMS64E                                      r  u_mem_sys/u_datamem/mem_reg_256_511_2_2/RAMS64E_A/CLK
                         clock pessimism             -0.478     1.474    
    SLICE_X8Y29          RAMS64E (Hold_rams64e_CLK_ADR1)
                                                      0.309     1.783    u_mem_sys/u_datamem/mem_reg_256_511_2_2/RAMS64E_A
  -------------------------------------------------------------------
                         required time                         -1.783    
                         arrival time                           1.901    
  -------------------------------------------------------------------
                         slack                                  0.118    

Slack (MET) :             0.118ns  (arrival time - required time)
  Source:                 u_fsm/address_reg[1]/C
                            (rising edge-triggered cell FDRE clocked by sys_clk_pin  {rise@0.000ns fall@5.000ns period=10.000ns})
  Destination:            u_mem_sys/u_datamem/mem_reg_256_511_2_2/RAMS64E_B/ADR1
                            (rising edge-triggered cell RAMS64E clocked by sys_clk_pin  {rise@0.000ns fall@5.000ns period=10.000ns})
  Path Group:             sys_clk_pin
  Path Type:              Hold (Min at Fast Process Corner)
  Requirement:            0.000ns  (sys_clk_pin rise@0.000ns - sys_clk_pin rise@0.000ns)
  Data Path Delay:        0.461ns  (logic 0.141ns (30.564%)  route 0.320ns (69.436%))
  Logic Levels:           0  
  Clock Path Skew:        0.034ns (DCD - SCD - CPR)
    Destination Clock Delay (DCD):    1.952ns
    Source Clock Delay      (SCD):    1.440ns
    Clock Pessimism Removal (CPR):    0.478ns

    Location             Delay type                Incr(ns)  Path(ns)    Netlist Resource(s)
  -------------------------------------------------------------------    -------------------
                         (clock sys_clk_pin rise edge)
                                                      0.000     0.000 r  
    W5                                                0.000     0.000 r  clk (IN)
                         net (fo=0)                   0.000     0.000    clk
    W5                   IBUF (Prop_ibuf_I_O)         0.226     0.226 r  clk_IBUF_inst/O
                         net (fo=1, routed)           0.631     0.858    clk_IBUF
    BUFGCTRL_X0Y0        BUFG (Prop_bufg_I_O)         0.026     0.884 r  clk_IBUF_BUFG_inst/O
                         net (fo=257, routed)         0.557     1.440    u_fsm/clk_IBUF_BUFG
    SLICE_X11Y29         FDRE                                         r  u_fsm/address_reg[1]/C
  -------------------------------------------------------------------    -------------------
    SLICE_X11Y29         FDRE (Prop_fdre_C_Q)         0.141     1.581 r  u_fsm/address_reg[1]/Q
                         net (fo=128, routed)         0.320     1.901    u_mem_sys/u_datamem/mem_reg_256_511_2_2/A1
    SLICE_X8Y29          RAMS64E                                      r  u_mem_sys/u_datamem/mem_reg_256_511_2_2/RAMS64E_B/ADR1
  -------------------------------------------------------------------    -------------------

                         (clock sys_clk_pin rise edge)
                                                      0.000     0.000 r  
    W5                                                0.000     0.000 r  clk (IN)
                         net (fo=0)                   0.000     0.000    clk
    W5                   IBUF (Prop_ibuf_I_O)         0.414     0.414 r  clk_IBUF_inst/O
                         net (fo=1, routed)           0.685     1.099    clk_IBUF
    BUFGCTRL_X0Y0        BUFG (Prop_bufg_I_O)         0.029     1.128 r  clk_IBUF_BUFG_inst/O
                         net (fo=257, routed)         0.825     1.952    u_mem_sys/u_datamem/mem_reg_256_511_2_2/WCLK
    SLICE_X8Y29          RAMS64E                                      r  u_mem_sys/u_datamem/mem_reg_256_511_2_2/RAMS64E_B/CLK
                         clock pessimism             -0.478     1.474    
    SLICE_X8Y29          RAMS64E (Hold_rams64e_CLK_ADR1)
                                                      0.309     1.783    u_mem_sys/u_datamem/mem_reg_256_511_2_2/RAMS64E_B
  -------------------------------------------------------------------
                         required time                         -1.783    
                         arrival time                           1.901    
  -------------------------------------------------------------------
                         slack                                  0.118    

Slack (MET) :             0.118ns  (arrival time - required time)
  Source:                 u_fsm/address_reg[1]/C
                            (rising edge-triggered cell FDRE clocked by sys_clk_pin  {rise@0.000ns fall@5.000ns period=10.000ns})
  Destination:            u_mem_sys/u_datamem/mem_reg_256_511_2_2/RAMS64E_C/ADR1
                            (rising edge-triggered cell RAMS64E clocked by sys_clk_pin  {rise@0.000ns fall@5.000ns period=10.000ns})
  Path Group:             sys_clk_pin
  Path Type:              Hold (Min at Fast Process Corner)
  Requirement:            0.000ns  (sys_clk_pin rise@0.000ns - sys_clk_pin rise@0.000ns)
  Data Path Delay:        0.461ns  (logic 0.141ns (30.564%)  route 0.320ns (69.436%))
  Logic Levels:           0  
  Clock Path Skew:        0.034ns (DCD - SCD - CPR)
    Destination Clock Delay (DCD):    1.952ns
    Source Clock Delay      (SCD):    1.440ns
    Clock Pessimism Removal (CPR):    0.478ns

    Location             Delay type                Incr(ns)  Path(ns)    Netlist Resource(s)
  -------------------------------------------------------------------    -------------------
                         (clock sys_clk_pin rise edge)
                                                      0.000     0.000 r  
    W5                                                0.000     0.000 r  clk (IN)
                         net (fo=0)                   0.000     0.000    clk
    W5                   IBUF (Prop_ibuf_I_O)         0.226     0.226 r  clk_IBUF_inst/O
                         net (fo=1, routed)           0.631     0.858    clk_IBUF
    BUFGCTRL_X0Y0        BUFG (Prop_bufg_I_O)         0.026     0.884 r  clk_IBUF_BUFG_inst/O
                         net (fo=257, routed)         0.557     1.440    u_fsm/clk_IBUF_BUFG
    SLICE_X11Y29         FDRE                                         r  u_fsm/address_reg[1]/C
  -------------------------------------------------------------------    -------------------
    SLICE_X11Y29         FDRE (Prop_fdre_C_Q)         0.141     1.581 r  u_fsm/address_reg[1]/Q
                         net (fo=128, routed)         0.320     1.901    u_mem_sys/u_datamem/mem_reg_256_511_2_2/A1
    SLICE_X8Y29          RAMS64E                                      r  u_mem_sys/u_datamem/mem_reg_256_511_2_2/RAMS64E_C/ADR1
  -------------------------------------------------------------------    -------------------

                         (clock sys_clk_pin rise edge)
                                                      0.000     0.000 r  
    W5                                                0.000     0.000 r  clk (IN)
                         net (fo=0)                   0.000     0.000    clk
    W5                   IBUF (Prop_ibuf_I_O)         0.414     0.414 r  clk_IBUF_inst/O
                         net (fo=1, routed)           0.685     1.099    clk_IBUF
    BUFGCTRL_X0Y0        BUFG (Prop_bufg_I_O)         0.029     1.128 r  clk_IBUF_BUFG_inst/O
                         net (fo=257, routed)         0.825     1.952    u_mem_sys/u_datamem/mem_reg_256_511_2_2/WCLK
    SLICE_X8Y29          RAMS64E                                      r  u_mem_sys/u_datamem/mem_reg_256_511_2_2/RAMS64E_C/CLK
                         clock pessimism             -0.478     1.474    
    SLICE_X8Y29          RAMS64E (Hold_rams64e_CLK_ADR1)
                                                      0.309     1.783    u_mem_sys/u_datamem/mem_reg_256_511_2_2/RAMS64E_C
  -------------------------------------------------------------------
                         required time                         -1.783    
                         arrival time                           1.901    
  -------------------------------------------------------------------
                         slack                                  0.118    

Slack (MET) :             0.118ns  (arrival time - required time)
  Source:                 u_fsm/address_reg[1]/C
                            (rising edge-triggered cell FDRE clocked by sys_clk_pin  {rise@0.000ns fall@5.000ns period=10.000ns})
  Destination:            u_mem_sys/u_datamem/mem_reg_256_511_2_2/RAMS64E_D/ADR1
                            (rising edge-triggered cell RAMS64E clocked by sys_clk_pin  {rise@0.000ns fall@5.000ns period=10.000ns})
  Path Group:             sys_clk_pin
  Path Type:              Hold (Min at Fast Process Corner)
  Requirement:            0.000ns  (sys_clk_pin rise@0.000ns - sys_clk_pin rise@0.000ns)
  Data Path Delay:        0.461ns  (logic 0.141ns (30.564%)  route 0.320ns (69.436%))
  Logic Levels:           0  
  Clock Path Skew:        0.034ns (DCD - SCD - CPR)
    Destination Clock Delay (DCD):    1.952ns
    Source Clock Delay      (SCD):    1.440ns
    Clock Pessimism Removal (CPR):    0.478ns

    Location             Delay type                Incr(ns)  Path(ns)    Netlist Resource(s)
  -------------------------------------------------------------------    -------------------
                         (clock sys_clk_pin rise edge)
                                                      0.000     0.000 r  
    W5                                                0.000     0.000 r  clk (IN)
                         net (fo=0)                   0.000     0.000    clk
    W5                   IBUF (Prop_ibuf_I_O)         0.226     0.226 r  clk_IBUF_inst/O
                         net (fo=1, routed)           0.631     0.858    clk_IBUF
    BUFGCTRL_X0Y0        BUFG (Prop_bufg_I_O)         0.026     0.884 r  clk_IBUF_BUFG_inst/O
                         net (fo=257, routed)         0.557     1.440    u_fsm/clk_IBUF_BUFG
    SLICE_X11Y29         FDRE                                         r  u_fsm/address_reg[1]/C
  -------------------------------------------------------------------    -------------------
    SLICE_X11Y29         FDRE (Prop_fdre_C_Q)         0.141     1.581 r  u_fsm/address_reg[1]/Q
                         net (fo=128, routed)         0.320     1.901    u_mem_sys/u_datamem/mem_reg_256_511_2_2/A1
    SLICE_X8Y29          RAMS64E                                      r  u_mem_sys/u_datamem/mem_reg_256_511_2_2/RAMS64E_D/ADR1
  -------------------------------------------------------------------    -------------------

                         (clock sys_clk_pin rise edge)
                                                      0.000     0.000 r  
    W5                                                0.000     0.000 r  clk (IN)
                         net (fo=0)                   0.000     0.000    clk
    W5                   IBUF (Prop_ibuf_I_O)         0.414     0.414 r  clk_IBUF_inst/O
                         net (fo=1, routed)           0.685     1.099    clk_IBUF
    BUFGCTRL_X0Y0        BUFG (Prop_bufg_I_O)         0.029     1.128 r  clk_IBUF_BUFG_inst/O
                         net (fo=257, routed)         0.825     1.952    u_mem_sys/u_datamem/mem_reg_256_511_2_2/WCLK
    SLICE_X8Y29          RAMS64E                                      r  u_mem_sys/u_datamem/mem_reg_256_511_2_2/RAMS64E_D/CLK
                         clock pessimism             -0.478     1.474    
    SLICE_X8Y29          RAMS64E (Hold_rams64e_CLK_ADR1)
                                                      0.309     1.783    u_mem_sys/u_datamem/mem_reg_256_511_2_2/RAMS64E_D
  -------------------------------------------------------------------
                         required time                         -1.783    
                         arrival time                           1.901    
  -------------------------------------------------------------------
                         slack                                  0.118    

Slack (MET) :             0.124ns  (arrival time - required time)
  Source:                 u_fsm/writeData_reg[10]/C
                            (rising edge-triggered cell FDRE clocked by sys_clk_pin  {rise@0.000ns fall@5.000ns period=10.000ns})
  Destination:            u_mem_sys/u_datamem/mem_reg_0_255_10_10/RAMS64E_D/I
                            (rising edge-triggered cell RAMS64E clocked by sys_clk_pin  {rise@0.000ns fall@5.000ns period=10.000ns})
  Path Group:             sys_clk_pin
  Path Type:              Hold (Min at Fast Process Corner)
  Requirement:            0.000ns  (sys_clk_pin rise@0.000ns - sys_clk_pin rise@0.000ns)
  Data Path Delay:        0.281ns  (logic 0.141ns (50.089%)  route 0.140ns (49.911%))
  Logic Levels:           0  
  Clock Path Skew:        0.013ns (DCD - SCD - CPR)
    Destination Clock Delay (DCD):    1.952ns
    Source Clock Delay      (SCD):    1.441ns
    Clock Pessimism Removal (CPR):    0.498ns

    Location             Delay type                Incr(ns)  Path(ns)    Netlist Resource(s)
  -------------------------------------------------------------------    -------------------
                         (clock sys_clk_pin rise edge)
                                                      0.000     0.000 r  
    W5                                                0.000     0.000 r  clk (IN)
                         net (fo=0)                   0.000     0.000    clk
    W5                   IBUF (Prop_ibuf_I_O)         0.226     0.226 r  clk_IBUF_inst/O
                         net (fo=1, routed)           0.631     0.858    clk_IBUF
    BUFGCTRL_X0Y0        BUFG (Prop_bufg_I_O)         0.026     0.884 r  clk_IBUF_BUFG_inst/O
                         net (fo=257, routed)         0.558     1.441    u_fsm/clk_IBUF_BUFG
    SLICE_X15Y30         FDRE                                         r  u_fsm/writeData_reg[10]/C
  -------------------------------------------------------------------    -------------------
    SLICE_X15Y30         FDRE (Prop_fdre_C_Q)         0.141     1.582 r  u_fsm/writeData_reg[10]/Q
                         net (fo=16, routed)          0.140     1.723    u_mem_sys/u_datamem/mem_reg_0_255_10_10/D
    SLICE_X14Y29         RAMS64E                                      r  u_mem_sys/u_datamem/mem_reg_0_255_10_10/RAMS64E_D/I
  -------------------------------------------------------------------    -------------------

                         (clock sys_clk_pin rise edge)
                                                      0.000     0.000 r  
    W5                                                0.000     0.000 r  clk (IN)
                         net (fo=0)                   0.000     0.000    clk
    W5                   IBUF (Prop_ibuf_I_O)         0.414     0.414 r  clk_IBUF_inst/O
                         net (fo=1, routed)           0.685     1.099    clk_IBUF
    BUFGCTRL_X0Y0        BUFG (Prop_bufg_I_O)         0.029     1.128 r  clk_IBUF_BUFG_inst/O
                         net (fo=257, routed)         0.825     1.952    u_mem_sys/u_datamem/mem_reg_0_255_10_10/WCLK
    SLICE_X14Y29         RAMS64E                                      r  u_mem_sys/u_datamem/mem_reg_0_255_10_10/RAMS64E_D/CLK
                         clock pessimism             -0.498     1.454    
    SLICE_X14Y29         RAMS64E (Hold_rams64e_CLK_I)
                                                      0.144     1.598    u_mem_sys/u_datamem/mem_reg_0_255_10_10/RAMS64E_D
  -------------------------------------------------------------------
                         required time                         -1.598    
                         arrival time                           1.723    
  -------------------------------------------------------------------
                         slack                                  0.124    

Slack (MET) :             0.131ns  (arrival time - required time)
  Source:                 u_fsm/address_reg[1]/C
                            (rising edge-triggered cell FDRE clocked by sys_clk_pin  {rise@0.000ns fall@5.000ns period=10.000ns})
  Destination:            u_mem_sys/u_datamem/mem_reg_256_511_4_4/RAMS64E_A/ADR1
                            (rising edge-triggered cell RAMS64E clocked by sys_clk_pin  {rise@0.000ns fall@5.000ns period=10.000ns})
  Path Group:             sys_clk_pin
  Path Type:              Hold (Min at Fast Process Corner)
  Requirement:            0.000ns  (sys_clk_pin rise@0.000ns - sys_clk_pin rise@0.000ns)
  Data Path Delay:        0.453ns  (logic 0.141ns (31.147%)  route 0.312ns (68.853%))
  Logic Levels:           0  
  Clock Path Skew:        0.013ns (DCD - SCD - CPR)
    Destination Clock Delay (DCD):    1.951ns
    Source Clock Delay      (SCD):    1.440ns
    Clock Pessimism Removal (CPR):    0.498ns

    Location             Delay type                Incr(ns)  Path(ns)    Netlist Resource(s)
  -------------------------------------------------------------------    -------------------
                         (clock sys_clk_pin rise edge)
                                                      0.000     0.000 r  
    W5                                                0.000     0.000 r  clk (IN)
                         net (fo=0)                   0.000     0.000    clk
    W5                   IBUF (Prop_ibuf_I_O)         0.226     0.226 r  clk_IBUF_inst/O
                         net (fo=1, routed)           0.631     0.858    clk_IBUF
    BUFGCTRL_X0Y0        BUFG (Prop_bufg_I_O)         0.026     0.884 r  clk_IBUF_BUFG_inst/O
                         net (fo=257, routed)         0.557     1.440    u_fsm/clk_IBUF_BUFG
    SLICE_X11Y29         FDRE                                         r  u_fsm/address_reg[1]/C
  -------------------------------------------------------------------    -------------------
    SLICE_X11Y29         FDRE (Prop_fdre_C_Q)         0.141     1.581 r  u_fsm/address_reg[1]/Q
                         net (fo=128, routed)         0.312     1.893    u_mem_sys/u_datamem/mem_reg_256_511_4_4/A1
    SLICE_X10Y28         RAMS64E                                      r  u_mem_sys/u_datamem/mem_reg_256_511_4_4/RAMS64E_A/ADR1
  -------------------------------------------------------------------    -------------------

                         (clock sys_clk_pin rise edge)
                                                      0.000     0.000 r  
    W5                                                0.000     0.000 r  clk (IN)
                         net (fo=0)                   0.000     0.000    clk
    W5                   IBUF (Prop_ibuf_I_O)         0.414     0.414 r  clk_IBUF_inst/O
                         net (fo=1, routed)           0.685     1.099    clk_IBUF
    BUFGCTRL_X0Y0        BUFG (Prop_bufg_I_O)         0.029     1.128 r  clk_IBUF_BUFG_inst/O
                         net (fo=257, routed)         0.824     1.951    u_mem_sys/u_datamem/mem_reg_256_511_4_4/WCLK
    SLICE_X10Y28         RAMS64E                                      r  u_mem_sys/u_datamem/mem_reg_256_511_4_4/RAMS64E_A/CLK
                         clock pessimism             -0.498     1.453    
    SLICE_X10Y28         RAMS64E (Hold_rams64e_CLK_ADR1)
                                                      0.309     1.762    u_mem_sys/u_datamem/mem_reg_256_511_4_4/RAMS64E_A
  -------------------------------------------------------------------
                         required time                         -1.762    
                         arrival time                           1.893    
  -------------------------------------------------------------------
                         slack                                  0.131    

Slack (MET) :             0.131ns  (arrival time - required time)
  Source:                 u_fsm/address_reg[1]/C
                            (rising edge-triggered cell FDRE clocked by sys_clk_pin  {rise@0.000ns fall@5.000ns period=10.000ns})
  Destination:            u_mem_sys/u_datamem/mem_reg_256_511_4_4/RAMS64E_B/ADR1
                            (rising edge-triggered cell RAMS64E clocked by sys_clk_pin  {rise@0.000ns fall@5.000ns period=10.000ns})
  Path Group:             sys_clk_pin
  Path Type:              Hold (Min at Fast Process Corner)
  Requirement:            0.000ns  (sys_clk_pin rise@0.000ns - sys_clk_pin rise@0.000ns)
  Data Path Delay:        0.453ns  (logic 0.141ns (31.147%)  route 0.312ns (68.853%))
  Logic Levels:           0  
  Clock Path Skew:        0.013ns (DCD - SCD - CPR)
    Destination Clock Delay (DCD):    1.951ns
    Source Clock Delay      (SCD):    1.440ns
    Clock Pessimism Removal (CPR):    0.498ns

    Location             Delay type                Incr(ns)  Path(ns)    Netlist Resource(s)
  -------------------------------------------------------------------    -------------------
                         (clock sys_clk_pin rise edge)
                                                      0.000     0.000 r  
    W5                                                0.000     0.000 r  clk (IN)
                         net (fo=0)                   0.000     0.000    clk
    W5                   IBUF (Prop_ibuf_I_O)         0.226     0.226 r  clk_IBUF_inst/O
                         net (fo=1, routed)           0.631     0.858    clk_IBUF
    BUFGCTRL_X0Y0        BUFG (Prop_bufg_I_O)         0.026     0.884 r  clk_IBUF_BUFG_inst/O
                         net (fo=257, routed)         0.557     1.440    u_fsm/clk_IBUF_BUFG
    SLICE_X11Y29         FDRE                                         r  u_fsm/address_reg[1]/C
  -------------------------------------------------------------------    -------------------
    SLICE_X11Y29         FDRE (Prop_fdre_C_Q)         0.141     1.581 r  u_fsm/address_reg[1]/Q
                         net (fo=128, routed)         0.312     1.893    u_mem_sys/u_datamem/mem_reg_256_511_4_4/A1
    SLICE_X10Y28         RAMS64E                                      r  u_mem_sys/u_datamem/mem_reg_256_511_4_4/RAMS64E_B/ADR1
  -------------------------------------------------------------------    -------------------

                         (clock sys_clk_pin rise edge)
                                                      0.000     0.000 r  
    W5                                                0.000     0.000 r  clk (IN)
                         net (fo=0)                   0.000     0.000    clk
    W5                   IBUF (Prop_ibuf_I_O)         0.414     0.414 r  clk_IBUF_inst/O
                         net (fo=1, routed)           0.685     1.099    clk_IBUF
    BUFGCTRL_X0Y0        BUFG (Prop_bufg_I_O)         0.029     1.128 r  clk_IBUF_BUFG_inst/O
                         net (fo=257, routed)         0.824     1.951    u_mem_sys/u_datamem/mem_reg_256_511_4_4/WCLK
    SLICE_X10Y28         RAMS64E                                      r  u_mem_sys/u_datamem/mem_reg_256_511_4_4/RAMS64E_B/CLK
                         clock pessimism             -0.498     1.453    
    SLICE_X10Y28         RAMS64E (Hold_rams64e_CLK_ADR1)
                                                      0.309     1.762    u_mem_sys/u_datamem/mem_reg_256_511_4_4/RAMS64E_B
  -------------------------------------------------------------------
                         required time                         -1.762    
                         arrival time                           1.893    
  -------------------------------------------------------------------
                         slack                                  0.131    

Slack (MET) :             0.131ns  (arrival time - required time)
  Source:                 u_fsm/address_reg[1]/C
                            (rising edge-triggered cell FDRE clocked by sys_clk_pin  {rise@0.000ns fall@5.000ns period=10.000ns})
  Destination:            u_mem_sys/u_datamem/mem_reg_256_511_4_4/RAMS64E_C/ADR1
                            (rising edge-triggered cell RAMS64E clocked by sys_clk_pin  {rise@0.000ns fall@5.000ns period=10.000ns})
  Path Group:             sys_clk_pin
  Path Type:              Hold (Min at Fast Process Corner)
  Requirement:            0.000ns  (sys_clk_pin rise@0.000ns - sys_clk_pin rise@0.000ns)
  Data Path Delay:        0.453ns  (logic 0.141ns (31.147%)  route 0.312ns (68.853%))
  Logic Levels:           0  
  Clock Path Skew:        0.013ns (DCD - SCD - CPR)
    Destination Clock Delay (DCD):    1.951ns
    Source Clock Delay      (SCD):    1.440ns
    Clock Pessimism Removal (CPR):    0.498ns

    Location             Delay type                Incr(ns)  Path(ns)    Netlist Resource(s)
  -------------------------------------------------------------------    -------------------
                         (clock sys_clk_pin rise edge)
                                                      0.000     0.000 r  
    W5                                                0.000     0.000 r  clk (IN)
                         net (fo=0)                   0.000     0.000    clk
    W5                   IBUF (Prop_ibuf_I_O)         0.226     0.226 r  clk_IBUF_inst/O
                         net (fo=1, routed)           0.631     0.858    clk_IBUF
    BUFGCTRL_X0Y0        BUFG (Prop_bufg_I_O)         0.026     0.884 r  clk_IBUF_BUFG_inst/O
                         net (fo=257, routed)         0.557     1.440    u_fsm/clk_IBUF_BUFG
    SLICE_X11Y29         FDRE                                         r  u_fsm/address_reg[1]/C
  -------------------------------------------------------------------    -------------------
    SLICE_X11Y29         FDRE (Prop_fdre_C_Q)         0.141     1.581 r  u_fsm/address_reg[1]/Q
                         net (fo=128, routed)         0.312     1.893    u_mem_sys/u_datamem/mem_reg_256_511_4_4/A1
    SLICE_X10Y28         RAMS64E                                      r  u_mem_sys/u_datamem/mem_reg_256_511_4_4/RAMS64E_C/ADR1
  -------------------------------------------------------------------    -------------------

                         (clock sys_clk_pin rise edge)
                                                      0.000     0.000 r  
    W5                                                0.000     0.000 r  clk (IN)
                         net (fo=0)                   0.000     0.000    clk
    W5                   IBUF (Prop_ibuf_I_O)         0.414     0.414 r  clk_IBUF_inst/O
                         net (fo=1, routed)           0.685     1.099    clk_IBUF
    BUFGCTRL_X0Y0        BUFG (Prop_bufg_I_O)         0.029     1.128 r  clk_IBUF_BUFG_inst/O
                         net (fo=257, routed)         0.824     1.951    u_mem_sys/u_datamem/mem_reg_256_511_4_4/WCLK
    SLICE_X10Y28         RAMS64E                                      r  u_mem_sys/u_datamem/mem_reg_256_511_4_4/RAMS64E_C/CLK
                         clock pessimism             -0.498     1.453    
    SLICE_X10Y28         RAMS64E (Hold_rams64e_CLK_ADR1)
                                                      0.309     1.762    u_mem_sys/u_datamem/mem_reg_256_511_4_4/RAMS64E_C
  -------------------------------------------------------------------
                         required time                         -1.762    
                         arrival time                           1.893    
  -------------------------------------------------------------------
                         slack                                  0.131    





Pulse Width Checks
--------------------------------------------------------------------------------------
Clock Name:         sys_clk_pin
Waveform(ns):       { 0.000 5.000 }
Period(ns):         10.000
Sources:            { clk }

Check Type        Corner  Lib Pin      Reference Pin  Required(ns)  Actual(ns)  Slack(ns)  Location       Pin
Min Period        n/a     BUFG/I       n/a            2.155         10.000      7.845      BUFGCTRL_X0Y0  clk_IBUF_BUFG_inst/I
Min Period        n/a     FDRE/C       n/a            1.000         10.000      9.000      SLICE_X12Y19   u_debouncer/prev_in_reg/C
Min Period        n/a     FDRE/C       n/a            1.000         10.000      9.000      SLICE_X13Y19   u_debouncer/stable_cnt_reg[0]/C
Min Period        n/a     FDRE/C       n/a            1.000         10.000      9.000      SLICE_X13Y21   u_debouncer/stable_cnt_reg[10]/C
Min Period        n/a     FDRE/C       n/a            1.000         10.000      9.000      SLICE_X13Y21   u_debouncer/stable_cnt_reg[11]/C
Min Period        n/a     FDRE/C       n/a            1.000         10.000      9.000      SLICE_X13Y22   u_debouncer/stable_cnt_reg[12]/C
Min Period        n/a     FDRE/C       n/a            1.000         10.000      9.000      SLICE_X13Y22   u_debouncer/stable_cnt_reg[13]/C
Min Period        n/a     FDRE/C       n/a            1.000         10.000      9.000      SLICE_X13Y22   u_debouncer/stable_cnt_reg[14]/C
Min Period        n/a     FDRE/C       n/a            1.000         10.000      9.000      SLICE_X13Y22   u_debouncer/stable_cnt_reg[15]/C
Min Period        n/a     FDRE/C       n/a            1.000         10.000      9.000      SLICE_X13Y21   u_debouncer/stable_cnt_reg[9]/C
Low Pulse Width   Fast    RAMS64E/CLK  n/a            1.250         5.000       3.750      SLICE_X14Y24   u_mem_sys/u_datamem/mem_reg_0_255_11_11/RAMS64E_A/CLK
Low Pulse Width   Fast    RAMS64E/CLK  n/a            1.250         5.000       3.750      SLICE_X14Y24   u_mem_sys/u_datamem/mem_reg_0_255_11_11/RAMS64E_B/CLK
Low Pulse Width   Fast    RAMS64E/CLK  n/a            1.250         5.000       3.750      SLICE_X14Y24   u_mem_sys/u_datamem/mem_reg_0_255_11_11/RAMS64E_C/CLK
Low Pulse Width   Fast    RAMS64E/CLK  n/a            1.250         5.000       3.750      SLICE_X10Y24   u_mem_sys/u_datamem/mem_reg_0_255_5_5/RAMS64E_A/CLK
Low Pulse Width   Fast    RAMS64E/CLK  n/a            1.250         5.000       3.750      SLICE_X10Y24   u_mem_sys/u_datamem/mem_reg_0_255_5_5/RAMS64E_B/CLK
Low Pulse Width   Fast    RAMS64E/CLK  n/a            1.250         5.000       3.750      SLICE_X10Y24   u_mem_sys/u_datamem/mem_reg_0_255_5_5/RAMS64E_C/CLK
Low Pulse Width   Fast    RAMS64E/CLK  n/a            1.250         5.000       3.750      SLICE_X10Y24   u_mem_sys/u_datamem/mem_reg_0_255_5_5/RAMS64E_D/CLK
Low Pulse Width   Fast    RAMS64E/CLK  n/a            1.250         5.000       3.750      SLICE_X10Y25   u_mem_sys/u_datamem/mem_reg_0_255_6_6/RAMS64E_A/CLK
Low Pulse Width   Fast    RAMS64E/CLK  n/a            1.250         5.000       3.750      SLICE_X12Y24   u_mem_sys/u_datamem/mem_reg_0_255_9_9/RAMS64E_A/CLK
Low Pulse Width   Fast    RAMS64E/CLK  n/a            1.250         5.000       3.750      SLICE_X12Y24   u_mem_sys/u_datamem/mem_reg_0_255_9_9/RAMS64E_B/CLK
High Pulse Width  Slow    RAMS64E/CLK  n/a            1.250         5.000       3.750      SLICE_X14Y29   u_mem_sys/u_datamem/mem_reg_0_255_10_10/RAMS64E_A/CLK
High Pulse Width  Slow    RAMS64E/CLK  n/a            1.250         5.000       3.750      SLICE_X14Y29   u_mem_sys/u_datamem/mem_reg_0_255_10_10/RAMS64E_B/CLK
High Pulse Width  Slow    RAMS64E/CLK  n/a            1.250         5.000       3.750      SLICE_X14Y29   u_mem_sys/u_datamem/mem_reg_0_255_10_10/RAMS64E_C/CLK
High Pulse Width  Slow    RAMS64E/CLK  n/a            1.250         5.000       3.750      SLICE_X14Y29   u_mem_sys/u_datamem/mem_reg_0_255_10_10/RAMS64E_D/CLK
High Pulse Width  Slow    RAMS64E/CLK  n/a            1.250         5.000       3.750      SLICE_X14Y24   u_mem_sys/u_datamem/mem_reg_0_255_11_11/RAMS64E_A/CLK
High Pulse Width  Slow    RAMS64E/CLK  n/a            1.250         5.000       3.750      SLICE_X14Y24   u_mem_sys/u_datamem/mem_reg_0_255_11_11/RAMS64E_B/CLK
High Pulse Width  Slow    RAMS64E/CLK  n/a            1.250         5.000       3.750      SLICE_X14Y24   u_mem_sys/u_datamem/mem_reg_0_255_11_11/RAMS64E_C/CLK
High Pulse Width  Fast    RAMS64E/CLK  n/a            1.250         5.000       3.750      SLICE_X14Y33   u_mem_sys/u_datamem/mem_reg_0_255_14_14/RAMS64E_A/CLK
High Pulse Width  Fast    RAMS64E/CLK  n/a            1.250         5.000       3.750      SLICE_X14Y33   u_mem_sys/u_datamem/mem_reg_0_255_14_14/RAMS64E_B/CLK
High Pulse Width  Fast    RAMS64E/CLK  n/a            1.250         5.000       3.750      SLICE_X14Y33   u_mem_sys/u_datamem/mem_reg_0_255_14_14/RAMS64E_C/CLK



