Vivado Simulator 2020.1
Time resolution is 1 ps

==============================================
   STARTING FIBONACCI SIMULATION
==============================================

Time: 100000 ns | LEDs Display: 0
Time: 775000 ns | LEDs Display: 1
Time: 1135000 ns | LEDs Display: 2
Time: 1495000 ns | LEDs Display: 3
Time: 1855000 ns | LEDs Display: 5
Time: 2215000 ns | LEDs Display: 8
Time: 2575000 ns | LEDs Display: 13
Time: 2935000 ns | LEDs Display: 21
Time: 3295000 ns | LEDs Display: 34

==============================================
   COMPUTATION FINISHED. CHECKING DATA MEMORY:
==============================================
Mem[0] (Fib 0) : 0
Mem[1] (Fib 1) : 1
Mem[2] (Fib 2) : 1
Mem[3] (Fib 3) : 2
Mem[4] (Fib 4) : 3
Mem[5] (Fib 5) : 5
Mem[6] (Fib 6) : 8
Mem[7] (Fib 7) : 13
Mem[8] (Fib 8) : 21
Mem[9] (Fib 9) : 34

==============================================
   SIMULATION COMPLETE
==============================================

$finish called at time : 15100 ns : File "C:/Users/ea09904/Downloads/RISCV_Processor/projectlaba/projectlaba.srcs/sim_1/new/taskBtb.v" Line 103
