Copyright 1986-2020 Xilinx, Inc. All Rights Reserved.
--------------------------------------------------------------------------------------------------------------------------------------------------------------------------------------------
| Tool Version : Vivado v.2020.1 (win64) Build 2902540 Wed May 27 19:54:49 MDT 2020
| Date         : Mon Mar 16 15:44:06 2026
| Host         : HU-DOPX-ML26 running 64-bit major release  (build 9200)
| Command      : report_timing_summary -max_paths 10 -file FPGATop_timing_summary_routed.rpt -pb FPGATop_timing_summary_routed.pb -rpx FPGATop_timing_summary_routed.rpx -warn_on_violation
| Design       : FPGATop
| Device       : 7a35t-cpg236
| Speed File   : -1  PRODUCTION 1.23 2018-06-13
--------------------------------------------------------------------------------------------------------------------------------------------------------------------------------------------

Timing Summary Report

------------------------------------------------------------------------------------------------
| Timer Settings
| --------------
------------------------------------------------------------------------------------------------

  Enable Multi Corner Analysis               :  Yes
  Enable Pessimism Removal                   :  Yes
  Pessimism Removal Resolution               :  Nearest Common Node
  Enable Input Delay Default Clock           :  No
  Enable Preset / Clear Arcs                 :  No
  Disable Flight Delays                      :  No
  Ignore I/O Paths                           :  No
  Timing Early Launch at Borrowing Latches   :  No
  Borrow Time for Max Delay Exceptions       :  Yes
  Merge Timing Exceptions                    :  Yes

  Corner  Analyze    Analyze    
  Name    Max Paths  Min Paths  
  ------  ---------  ---------  
  Slow    Yes        Yes        
  Fast    Yes        Yes        



check_timing report

Table of Contents
-----------------
1. checking no_clock (0)
2. checking constant_clock (0)
3. checking pulse_width_clock (0)
4. checking unconstrained_internal_endpoints (0)
5. checking no_input_delay (21)
6. checking no_output_delay (16)
7. checking multiple_clock (0)
8. checking generated_clocks (0)
9. checking loops (0)
10. checking partial_input_delay (0)
11. checking partial_output_delay (0)
12. checking latch_loops (0)

1. checking no_clock (0)
------------------------
 There are 0 register/latch pins with no clock.


2. checking constant_clock (0)
------------------------------
 There are 0 register/latch pins with constant_clock.


3. checking pulse_width_clock (0)
---------------------------------
 There are 0 register/latch pins which need pulse_width check


4. checking unconstrained_internal_endpoints (0)
------------------------------------------------
 There are 0 pins that are not constrained for maximum delay.

 There are 0 pins that are not constrained for maximum delay due to constant clock.


5. checking no_input_delay (21)
-------------------------------
 There are 21 input ports with no input delay specified. (HIGH)

 There are 0 input ports with no input delay but user has a false path constraint.


6. checking no_output_delay (16)
--------------------------------
 There are 16 ports with no output delay specified. (HIGH)

 There are 0 ports with no output delay but user has a false path constraint

 There are 0 ports with no output delay but with a timing clock defined on it or propagating through it


7. checking multiple_clock (0)
------------------------------
 There are 0 register/latch pins with multiple clocks.


8. checking generated_clocks (0)
--------------------------------
 There are 0 generated clocks that are not connected to a clock source.


9. checking loops (0)
---------------------
 There are 0 combinational loops in the design.


10. checking partial_input_delay (0)
------------------------------------
 There are 0 input ports with partial input delay specified.


11. checking partial_output_delay (0)
-------------------------------------
 There are 0 ports with partial output delay specified.


12. checking latch_loops (0)
----------------------------
 There are 0 combinational latch loops in the design through latch input



------------------------------------------------------------------------------------------------
| Design Timing Summary
| ---------------------
------------------------------------------------------------------------------------------------

    WNS(ns)      TNS(ns)  TNS Failing Endpoints  TNS Total Endpoints      WHS(ns)      THS(ns)  THS Failing Endpoints  THS Total Endpoints     WPWS(ns)     TPWS(ns)  TPWS Failing Endpoints  TPWS Total Endpoints  
    -------      -------  ---------------------  -------------------      -------      -------  ---------------------  -------------------     --------     --------  ----------------------  --------------------  
      1.018        0.000                      0                 4268        0.152        0.000                      0                 4268        4.500        0.000                       0                  2185  


All user specified timing constraints are met.


------------------------------------------------------------------------------------------------
| Clock Summary
| -------------
------------------------------------------------------------------------------------------------

Clock        Waveform(ns)       Period(ns)      Frequency(MHz)
-----        ------------       ----------      --------------
sys_clk_pin  {0.000 5.000}      10.000          100.000         


------------------------------------------------------------------------------------------------
| Intra Clock Table
| -----------------
------------------------------------------------------------------------------------------------

Clock             WNS(ns)      TNS(ns)  TNS Failing Endpoints  TNS Total Endpoints      WHS(ns)      THS(ns)  THS Failing Endpoints  THS Total Endpoints     WPWS(ns)     TPWS(ns)  TPWS Failing Endpoints  TPWS Total Endpoints  
-----             -------      -------  ---------------------  -------------------      -------      -------  ---------------------  -------------------     --------     --------  ----------------------  --------------------  
sys_clk_pin         1.018        0.000                      0                 4268        0.152        0.000                      0                 4268        4.500        0.000                       0                  2185  


------------------------------------------------------------------------------------------------
| Inter Clock Table
| -----------------
------------------------------------------------------------------------------------------------

From Clock    To Clock          WNS(ns)      TNS(ns)  TNS Failing Endpoints  TNS Total Endpoints      WHS(ns)      THS(ns)  THS Failing Endpoints  THS Total Endpoints  
----------    --------          -------      -------  ---------------------  -------------------      -------      -------  ---------------------  -------------------  


------------------------------------------------------------------------------------------------
| Other Path Groups Table
| -----------------------
------------------------------------------------------------------------------------------------

Path Group    From Clock    To Clock          WNS(ns)      TNS(ns)  TNS Failing Endpoints  TNS Total Endpoints      WHS(ns)      THS(ns)  THS Failing Endpoints  THS Total Endpoints  
----------    ----------    --------          -------      -------  ---------------------  -------------------      -------      -------  ---------------------  -------------------  


------------------------------------------------------------------------------------------------
| Timing Details
| --------------
------------------------------------------------------------------------------------------------


---------------------------------------------------------------------------------------------------
From Clock:  sys_clk_pin
  To Clock:  sys_clk_pin

Setup :            0  Failing Endpoints,  Worst Slack        1.018ns,  Total Violation        0.000ns
Hold  :            0  Failing Endpoints,  Worst Slack        0.152ns,  Total Violation        0.000ns
PW    :            0  Failing Endpoints,  Worst Slack        4.500ns,  Total Violation        0.000ns
---------------------------------------------------------------------------------------------------


Max Delay Paths
--------------------------------------------------------------------------------------
Slack (MET) :             1.018ns  (required time - arrival time)
  Source:                 fsm/FSM_onehot_state_reg[2]/C
                            (rising edge-triggered cell FDCE clocked by sys_clk_pin  {rise@0.000ns fall@5.000ns period=10.000ns})
  Destination:            mem_sys/dmem/mem_reg[210][2]/D
                            (rising edge-triggered cell FDRE clocked by sys_clk_pin  {rise@0.000ns fall@5.000ns period=10.000ns})
  Path Group:             sys_clk_pin
  Path Type:              Setup (Max at Slow Process Corner)
  Requirement:            10.000ns  (sys_clk_pin rise@10.000ns - sys_clk_pin rise@0.000ns)
  Data Path Delay:        8.582ns  (logic 1.366ns (15.918%)  route 7.216ns (84.082%))
  Logic Levels:           5  (LUT2=1 LUT3=1 LUT5=1 LUT6=2)
  Clock Path Skew:        -0.116ns (DCD - SCD + CPR)
    Destination Clock Delay (DCD):    4.775ns = ( 14.775 - 10.000 ) 
    Source Clock Delay      (SCD):    5.078ns
    Clock Pessimism Removal (CPR):    0.187ns
  Clock Uncertainty:      0.035ns  ((TSJ^2 + TIJ^2)^1/2 + DJ) / 2 + PE
    Total System Jitter     (TSJ):    0.071ns
    Total Input Jitter      (TIJ):    0.000ns
    Discrete Jitter          (DJ):    0.000ns
    Phase Error              (PE):    0.000ns

    Location             Delay type                Incr(ns)  Path(ns)    Netlist Resource(s)
  -------------------------------------------------------------------    -------------------
                         (clock sys_clk_pin rise edge)
                                                      0.000     0.000 r  
    W5                                                0.000     0.000 r  clk (IN)
                         net (fo=0)                   0.000     0.000    clk
    W5                   IBUF (Prop_ibuf_I_O)         1.458     1.458 r  clk_IBUF_inst/O
                         net (fo=1, routed)           1.967     3.425    clk_IBUF
    BUFGCTRL_X0Y0        BUFG (Prop_bufg_I_O)         0.096     3.521 r  clk_IBUF_BUFG_inst/O
                         net (fo=2184, routed)        1.557     5.078    fsm/CLK
    SLICE_X14Y53         FDCE                                         r  fsm/FSM_onehot_state_reg[2]/C
  -------------------------------------------------------------------    -------------------
    SLICE_X14Y53         FDCE (Prop_fdce_C_Q)         0.518     5.596 f  fsm/FSM_onehot_state_reg[2]/Q
                         net (fo=128, routed)         1.327     6.923    fsm/FSM_onehot_state_reg_n_0_[2]
    SLICE_X3Y46          LUT3 (Prop_lut3_I1_O)        0.124     7.047 f  fsm/mem[256][7]_i_4/O
                         net (fo=953, routed)         2.268     9.315    fsm/FSM_onehot_state_reg[2]_2
    SLICE_X37Y61         LUT2 (Prop_lut2_I1_O)        0.150     9.465 r  fsm/mem[254][7]_i_4/O
                         net (fo=21, routed)          1.452    10.917    fsm/mem[254][7]_i_4_n_0
    SLICE_X15Y45         LUT6 (Prop_lut6_I4_O)        0.332    11.249 r  fsm/mem[210][2]_i_4/O
                         net (fo=1, routed)           0.263    11.512    fsm/mem[210][2]_i_4_n_0
    SLICE_X15Y45         LUT6 (Prop_lut6_I5_O)        0.124    11.636 r  fsm/mem[210][2]_i_2/O
                         net (fo=5, routed)           1.398    13.033    fsm/mem[210][2]_i_2_n_0
    SLICE_X39Y57         LUT5 (Prop_lut5_I0_O)        0.118    13.151 r  fsm/mem[210][2]_i_1/O
                         net (fo=1, routed)           0.508    13.659    mem_sys/dmem/mem_reg[210][7]_0[2]
    SLICE_X38Y57         FDRE                                         r  mem_sys/dmem/mem_reg[210][2]/D
  -------------------------------------------------------------------    -------------------

                         (clock sys_clk_pin rise edge)
                                                     10.000    10.000 r  
    W5                                                0.000    10.000 r  clk (IN)
                         net (fo=0)                   0.000    10.000    clk
    W5                   IBUF (Prop_ibuf_I_O)         1.388    11.388 r  clk_IBUF_inst/O
                         net (fo=1, routed)           1.862    13.250    clk_IBUF
    BUFGCTRL_X0Y0        BUFG (Prop_bufg_I_O)         0.091    13.341 r  clk_IBUF_BUFG_inst/O
                         net (fo=2184, routed)        1.434    14.775    mem_sys/dmem/CLK
    SLICE_X38Y57         FDRE                                         r  mem_sys/dmem/mem_reg[210][2]/C
                         clock pessimism              0.187    14.962    
                         clock uncertainty           -0.035    14.926    
    SLICE_X38Y57         FDRE (Setup_fdre_C_D)       -0.249    14.677    mem_sys/dmem/mem_reg[210][2]
  -------------------------------------------------------------------
                         required time                         14.677    
                         arrival time                         -13.659    
  -------------------------------------------------------------------
                         slack                                  1.018    

Slack (MET) :             1.165ns  (required time - arrival time)
  Source:                 fsm/FSM_onehot_state_reg[2]/C
                            (rising edge-triggered cell FDCE clocked by sys_clk_pin  {rise@0.000ns fall@5.000ns period=10.000ns})
  Destination:            mem_sys/dmem/mem_reg[210][1]/D
                            (rising edge-triggered cell FDRE clocked by sys_clk_pin  {rise@0.000ns fall@5.000ns period=10.000ns})
  Path Group:             sys_clk_pin
  Path Type:              Setup (Max at Slow Process Corner)
  Requirement:            10.000ns  (sys_clk_pin rise@10.000ns - sys_clk_pin rise@0.000ns)
  Data Path Delay:        8.527ns  (logic 1.366ns (16.020%)  route 7.161ns (83.980%))
  Logic Levels:           5  (LUT2=1 LUT3=1 LUT5=1 LUT6=2)
  Clock Path Skew:        -0.026ns (DCD - SCD + CPR)
    Destination Clock Delay (DCD):    4.780ns = ( 14.780 - 10.000 ) 
    Source Clock Delay      (SCD):    5.078ns
    Clock Pessimism Removal (CPR):    0.272ns
  Clock Uncertainty:      0.035ns  ((TSJ^2 + TIJ^2)^1/2 + DJ) / 2 + PE
    Total System Jitter     (TSJ):    0.071ns
    Total Input Jitter      (TIJ):    0.000ns
    Discrete Jitter          (DJ):    0.000ns
    Phase Error              (PE):    0.000ns

    Location             Delay type                Incr(ns)  Path(ns)    Netlist Resource(s)
  -------------------------------------------------------------------    -------------------
                         (clock sys_clk_pin rise edge)
                                                      0.000     0.000 r  
    W5                                                0.000     0.000 r  clk (IN)
                         net (fo=0)                   0.000     0.000    clk
    W5                   IBUF (Prop_ibuf_I_O)         1.458     1.458 r  clk_IBUF_inst/O
                         net (fo=1, routed)           1.967     3.425    clk_IBUF
    BUFGCTRL_X0Y0        BUFG (Prop_bufg_I_O)         0.096     3.521 r  clk_IBUF_BUFG_inst/O
                         net (fo=2184, routed)        1.557     5.078    fsm/CLK
    SLICE_X14Y53         FDCE                                         r  fsm/FSM_onehot_state_reg[2]/C
  -------------------------------------------------------------------    -------------------
    SLICE_X14Y53         FDCE (Prop_fdce_C_Q)         0.518     5.596 f  fsm/FSM_onehot_state_reg[2]/Q
                         net (fo=128, routed)         1.327     6.923    fsm/FSM_onehot_state_reg_n_0_[2]
    SLICE_X3Y46          LUT3 (Prop_lut3_I1_O)        0.124     7.047 f  fsm/mem[256][7]_i_4/O
                         net (fo=953, routed)         2.268     9.315    fsm/FSM_onehot_state_reg[2]_2
    SLICE_X37Y61         LUT2 (Prop_lut2_I1_O)        0.150     9.465 r  fsm/mem[254][7]_i_4/O
                         net (fo=21, routed)          1.507    10.972    fsm/mem[254][7]_i_4_n_0
    SLICE_X6Y47          LUT6 (Prop_lut6_I2_O)        0.332    11.304 r  fsm/mem[241][1]_i_3/O
                         net (fo=2, routed)           0.491    11.795    fsm/mem[241][1]_i_3_n_0
    SLICE_X7Y47          LUT6 (Prop_lut6_I5_O)        0.124    11.919 r  fsm/mem[210][1]_i_2/O
                         net (fo=5, routed)           0.932    12.851    fsm/mem[210][1]_i_2_n_0
    SLICE_X11Y57         LUT5 (Prop_lut5_I0_O)        0.118    12.969 r  fsm/mem[210][1]_i_1/O
                         net (fo=1, routed)           0.635    13.605    mem_sys/dmem/mem_reg[210][7]_0[1]
    SLICE_X12Y57         FDRE                                         r  mem_sys/dmem/mem_reg[210][1]/D
  -------------------------------------------------------------------    -------------------

                         (clock sys_clk_pin rise edge)
                                                     10.000    10.000 r  
    W5                                                0.000    10.000 r  clk (IN)
                         net (fo=0)                   0.000    10.000    clk
    W5                   IBUF (Prop_ibuf_I_O)         1.388    11.388 r  clk_IBUF_inst/O
                         net (fo=1, routed)           1.862    13.250    clk_IBUF
    BUFGCTRL_X0Y0        BUFG (Prop_bufg_I_O)         0.091    13.341 r  clk_IBUF_BUFG_inst/O
                         net (fo=2184, routed)        1.439    14.780    mem_sys/dmem/CLK
    SLICE_X12Y57         FDRE                                         r  mem_sys/dmem/mem_reg[210][1]/C
                         clock pessimism              0.272    15.052    
                         clock uncertainty           -0.035    15.017    
    SLICE_X12Y57         FDRE (Setup_fdre_C_D)       -0.247    14.770    mem_sys/dmem/mem_reg[210][1]
  -------------------------------------------------------------------
                         required time                         14.770    
                         arrival time                         -13.605    
  -------------------------------------------------------------------
                         slack                                  1.165    

Slack (MET) :             1.384ns  (required time - arrival time)
  Source:                 fsm/FSM_onehot_state_reg[2]/C
                            (rising edge-triggered cell FDCE clocked by sys_clk_pin  {rise@0.000ns fall@5.000ns period=10.000ns})
  Destination:            mem_sys/dmem/mem_reg[210][0]/D
                            (rising edge-triggered cell FDRE clocked by sys_clk_pin  {rise@0.000ns fall@5.000ns period=10.000ns})
  Path Group:             sys_clk_pin
  Path Type:              Setup (Max at Slow Process Corner)
  Requirement:            10.000ns  (sys_clk_pin rise@10.000ns - sys_clk_pin rise@0.000ns)
  Data Path Delay:        8.320ns  (logic 1.364ns (16.394%)  route 6.956ns (83.606%))
  Logic Levels:           5  (LUT2=1 LUT3=1 LUT5=1 LUT6=2)
  Clock Path Skew:        -0.026ns (DCD - SCD + CPR)
    Destination Clock Delay (DCD):    4.780ns = ( 14.780 - 10.000 ) 
    Source Clock Delay      (SCD):    5.078ns
    Clock Pessimism Removal (CPR):    0.272ns
  Clock Uncertainty:      0.035ns  ((TSJ^2 + TIJ^2)^1/2 + DJ) / 2 + PE
    Total System Jitter     (TSJ):    0.071ns
    Total Input Jitter      (TIJ):    0.000ns
    Discrete Jitter          (DJ):    0.000ns
    Phase Error              (PE):    0.000ns

    Location             Delay type                Incr(ns)  Path(ns)    Netlist Resource(s)
  -------------------------------------------------------------------    -------------------
                         (clock sys_clk_pin rise edge)
                                                      0.000     0.000 r  
    W5                                                0.000     0.000 r  clk (IN)
                         net (fo=0)                   0.000     0.000    clk
    W5                   IBUF (Prop_ibuf_I_O)         1.458     1.458 r  clk_IBUF_inst/O
                         net (fo=1, routed)           1.967     3.425    clk_IBUF
    BUFGCTRL_X0Y0        BUFG (Prop_bufg_I_O)         0.096     3.521 r  clk_IBUF_BUFG_inst/O
                         net (fo=2184, routed)        1.557     5.078    fsm/CLK
    SLICE_X14Y53         FDCE                                         r  fsm/FSM_onehot_state_reg[2]/C
  -------------------------------------------------------------------    -------------------
    SLICE_X14Y53         FDCE (Prop_fdce_C_Q)         0.518     5.596 f  fsm/FSM_onehot_state_reg[2]/Q
                         net (fo=128, routed)         1.327     6.923    fsm/FSM_onehot_state_reg_n_0_[2]
    SLICE_X3Y46          LUT3 (Prop_lut3_I1_O)        0.124     7.047 f  fsm/mem[256][7]_i_4/O
                         net (fo=953, routed)         2.268     9.315    fsm/FSM_onehot_state_reg[2]_2
    SLICE_X37Y61         LUT2 (Prop_lut2_I1_O)        0.150     9.465 r  fsm/mem[254][7]_i_4/O
                         net (fo=21, routed)          1.449    10.915    fsm/mem[254][7]_i_4_n_0
    SLICE_X9Y42          LUT6 (Prop_lut6_I1_O)        0.332    11.247 r  fsm/mem[241][0]_i_3/O
                         net (fo=2, routed)           0.418    11.664    fsm/mem[241][0]_i_3_n_0
    SLICE_X9Y42          LUT6 (Prop_lut6_I0_O)        0.124    11.788 r  fsm/mem[210][0]_i_2/O
                         net (fo=5, routed)           1.160    12.948    fsm/mem[210][0]_i_2_n_0
    SLICE_X12Y56         LUT5 (Prop_lut5_I0_O)        0.116    13.064 r  fsm/mem[210][0]_i_1/O
                         net (fo=1, routed)           0.333    13.398    mem_sys/dmem/mem_reg[210][7]_0[0]
    SLICE_X12Y57         FDRE                                         r  mem_sys/dmem/mem_reg[210][0]/D
  -------------------------------------------------------------------    -------------------

                         (clock sys_clk_pin rise edge)
                                                     10.000    10.000 r  
    W5                                                0.000    10.000 r  clk (IN)
                         net (fo=0)                   0.000    10.000    clk
    W5                   IBUF (Prop_ibuf_I_O)         1.388    11.388 r  clk_IBUF_inst/O
                         net (fo=1, routed)           1.862    13.250    clk_IBUF
    BUFGCTRL_X0Y0        BUFG (Prop_bufg_I_O)         0.091    13.341 r  clk_IBUF_BUFG_inst/O
                         net (fo=2184, routed)        1.439    14.780    mem_sys/dmem/CLK
    SLICE_X12Y57         FDRE                                         r  mem_sys/dmem/mem_reg[210][0]/C
                         clock pessimism              0.272    15.052    
                         clock uncertainty           -0.035    15.017    
    SLICE_X12Y57         FDRE (Setup_fdre_C_D)       -0.235    14.782    mem_sys/dmem/mem_reg[210][0]
  -------------------------------------------------------------------
                         required time                         14.782    
                         arrival time                         -13.398    
  -------------------------------------------------------------------
                         slack                                  1.384    

Slack (MET) :             1.561ns  (required time - arrival time)
  Source:                 fsm/FSM_onehot_state_reg[2]/C
                            (rising edge-triggered cell FDCE clocked by sys_clk_pin  {rise@0.000ns fall@5.000ns period=10.000ns})
  Destination:            read_result_reg[5]/D
                            (rising edge-triggered cell FDCE clocked by sys_clk_pin  {rise@0.000ns fall@5.000ns period=10.000ns})
  Path Group:             sys_clk_pin
  Path Type:              Setup (Max at Slow Process Corner)
  Requirement:            10.000ns  (sys_clk_pin rise@10.000ns - sys_clk_pin rise@0.000ns)
  Data Path Delay:        8.394ns  (logic 1.874ns (22.326%)  route 6.520ns (77.674%))
  Logic Levels:           6  (LUT3=1 LUT6=2 MUXF7=2 MUXF8=1)
  Clock Path Skew:        -0.041ns (DCD - SCD + CPR)
    Destination Clock Delay (DCD):    4.779ns = ( 14.779 - 10.000 ) 
    Source Clock Delay      (SCD):    5.078ns
    Clock Pessimism Removal (CPR):    0.258ns
  Clock Uncertainty:      0.035ns  ((TSJ^2 + TIJ^2)^1/2 + DJ) / 2 + PE
    Total System Jitter     (TSJ):    0.071ns
    Total Input Jitter      (TIJ):    0.000ns
    Discrete Jitter          (DJ):    0.000ns
    Phase Error              (PE):    0.000ns

    Location             Delay type                Incr(ns)  Path(ns)    Netlist Resource(s)
  -------------------------------------------------------------------    -------------------
                         (clock sys_clk_pin rise edge)
                                                      0.000     0.000 r  
    W5                                                0.000     0.000 r  clk (IN)
                         net (fo=0)                   0.000     0.000    clk
    W5                   IBUF (Prop_ibuf_I_O)         1.458     1.458 r  clk_IBUF_inst/O
                         net (fo=1, routed)           1.967     3.425    clk_IBUF
    BUFGCTRL_X0Y0        BUFG (Prop_bufg_I_O)         0.096     3.521 r  clk_IBUF_BUFG_inst/O
                         net (fo=2184, routed)        1.557     5.078    fsm/CLK
    SLICE_X14Y53         FDCE                                         r  fsm/FSM_onehot_state_reg[2]/C
  -------------------------------------------------------------------    -------------------
    SLICE_X14Y53         FDCE (Prop_fdce_C_Q)         0.518     5.596 r  fsm/FSM_onehot_state_reg[2]/Q
                         net (fo=128, routed)         1.327     6.923    fsm/FSM_onehot_state_reg_n_0_[2]
    SLICE_X3Y46          LUT3 (Prop_lut3_I1_O)        0.124     7.047 r  fsm/mem[256][7]_i_4/O
                         net (fo=953, routed)         2.882     9.929    mem_sys/dmem/read_result_reg[15]_i_21_0
    SLICE_X47Y62         MUXF7 (Prop_muxf7_S_O)       0.296    10.225 f  mem_sys/dmem/read_result_reg[5]_i_48/O
                         net (fo=1, routed)           0.000    10.225    mem_sys/dmem/read_result_reg[5]_i_48_n_0
    SLICE_X47Y62         MUXF8 (Prop_muxf8_I0_O)      0.104    10.329 f  mem_sys/dmem/read_result_reg[5]_i_20/O
                         net (fo=1, routed)           1.437    11.767    mem_sys/dmem/read_result_reg[5]_i_20_n_0
    SLICE_X28Y63         LUT6 (Prop_lut6_I0_O)        0.316    12.083 f  mem_sys/dmem/read_result[5]_i_7/O
                         net (fo=1, routed)           0.000    12.083    mem_sys/dmem/read_result[5]_i_7_n_0
    SLICE_X28Y63         MUXF7 (Prop_muxf7_I1_O)      0.217    12.300 f  mem_sys/dmem/read_result_reg[5]_i_3/O
                         net (fo=1, routed)           0.873    13.173    fsm/read_result_reg[5]_0
    SLICE_X28Y51         LUT6 (Prop_lut6_I3_O)        0.299    13.472 r  fsm/read_result[5]_i_1/O
                         net (fo=1, routed)           0.000    13.472    readData_wire[5]
    SLICE_X28Y51         FDCE                                         r  read_result_reg[5]/D
  -------------------------------------------------------------------    -------------------

                         (clock sys_clk_pin rise edge)
                                                     10.000    10.000 r  
    W5                                                0.000    10.000 r  clk (IN)
                         net (fo=0)                   0.000    10.000    clk
    W5                   IBUF (Prop_ibuf_I_O)         1.388    11.388 r  clk_IBUF_inst/O
                         net (fo=1, routed)           1.862    13.250    clk_IBUF
    BUFGCTRL_X0Y0        BUFG (Prop_bufg_I_O)         0.091    13.341 r  clk_IBUF_BUFG_inst/O
                         net (fo=2184, routed)        1.438    14.779    clk_IBUF_BUFG
    SLICE_X28Y51         FDCE                                         r  read_result_reg[5]/C
                         clock pessimism              0.258    15.037    
                         clock uncertainty           -0.035    15.002    
    SLICE_X28Y51         FDCE (Setup_fdce_C_D)        0.031    15.033    read_result_reg[5]
  -------------------------------------------------------------------
                         required time                         15.033    
                         arrival time                         -13.472    
  -------------------------------------------------------------------
                         slack                                  1.561    

Slack (MET) :             1.638ns  (required time - arrival time)
  Source:                 fsm/FSM_onehot_state_reg[2]/C
                            (rising edge-triggered cell FDCE clocked by sys_clk_pin  {rise@0.000ns fall@5.000ns period=10.000ns})
  Destination:            read_result_reg[7]/D
                            (rising edge-triggered cell FDCE clocked by sys_clk_pin  {rise@0.000ns fall@5.000ns period=10.000ns})
  Path Group:             sys_clk_pin
  Path Type:              Setup (Max at Slow Process Corner)
  Requirement:            10.000ns  (sys_clk_pin rise@10.000ns - sys_clk_pin rise@0.000ns)
  Data Path Delay:        8.321ns  (logic 1.839ns (22.100%)  route 6.482ns (77.900%))
  Logic Levels:           6  (LUT3=1 LUT6=2 MUXF7=2 MUXF8=1)
  Clock Path Skew:        -0.037ns (DCD - SCD + CPR)
    Destination Clock Delay (DCD):    4.783ns = ( 14.783 - 10.000 ) 
    Source Clock Delay      (SCD):    5.078ns
    Clock Pessimism Removal (CPR):    0.258ns
  Clock Uncertainty:      0.035ns  ((TSJ^2 + TIJ^2)^1/2 + DJ) / 2 + PE
    Total System Jitter     (TSJ):    0.071ns
    Total Input Jitter      (TIJ):    0.000ns
    Discrete Jitter          (DJ):    0.000ns
    Phase Error              (PE):    0.000ns

    Location             Delay type                Incr(ns)  Path(ns)    Netlist Resource(s)
  -------------------------------------------------------------------    -------------------
                         (clock sys_clk_pin rise edge)
                                                      0.000     0.000 r  
    W5                                                0.000     0.000 r  clk (IN)
                         net (fo=0)                   0.000     0.000    clk
    W5                   IBUF (Prop_ibuf_I_O)         1.458     1.458 r  clk_IBUF_inst/O
                         net (fo=1, routed)           1.967     3.425    clk_IBUF
    BUFGCTRL_X0Y0        BUFG (Prop_bufg_I_O)         0.096     3.521 r  clk_IBUF_BUFG_inst/O
                         net (fo=2184, routed)        1.557     5.078    fsm/CLK
    SLICE_X14Y53         FDCE                                         r  fsm/FSM_onehot_state_reg[2]/C
  -------------------------------------------------------------------    -------------------
    SLICE_X14Y53         FDCE (Prop_fdce_C_Q)         0.518     5.596 r  fsm/FSM_onehot_state_reg[2]/Q
                         net (fo=128, routed)         1.327     6.923    fsm/FSM_onehot_state_reg_n_0_[2]
    SLICE_X3Y46          LUT3 (Prop_lut3_I1_O)        0.124     7.047 r  fsm/mem[256][7]_i_4/O
                         net (fo=953, routed)         3.049    10.096    mem_sys/dmem/read_result_reg[15]_i_21_0
    SLICE_X37Y70         MUXF7 (Prop_muxf7_S_O)       0.276    10.372 f  mem_sys/dmem/read_result_reg[7]_i_47/O
                         net (fo=1, routed)           0.000    10.372    mem_sys/dmem/read_result_reg[7]_i_47_n_0
    SLICE_X37Y70         MUXF8 (Prop_muxf8_I1_O)      0.094    10.466 f  mem_sys/dmem/read_result_reg[7]_i_19/O
                         net (fo=1, routed)           1.117    11.584    mem_sys/dmem/read_result_reg[7]_i_19_n_0
    SLICE_X11Y64         LUT6 (Prop_lut6_I5_O)        0.316    11.900 f  mem_sys/dmem/read_result[7]_i_6/O
                         net (fo=1, routed)           0.000    11.900    mem_sys/dmem/read_result[7]_i_6_n_0
    SLICE_X11Y64         MUXF7 (Prop_muxf7_I0_O)      0.212    12.112 f  mem_sys/dmem/read_result_reg[7]_i_3/O
                         net (fo=1, routed)           0.988    13.100    fsm/read_result_reg[7]_0
    SLICE_X11Y50         LUT6 (Prop_lut6_I3_O)        0.299    13.399 r  fsm/read_result[7]_i_1/O
                         net (fo=1, routed)           0.000    13.399    readData_wire[7]
    SLICE_X11Y50         FDCE                                         r  read_result_reg[7]/D
  -------------------------------------------------------------------    -------------------

                         (clock sys_clk_pin rise edge)
                                                     10.000    10.000 r  
    W5                                                0.000    10.000 r  clk (IN)
                         net (fo=0)                   0.000    10.000    clk
    W5                   IBUF (Prop_ibuf_I_O)         1.388    11.388 r  clk_IBUF_inst/O
                         net (fo=1, routed)           1.862    13.250    clk_IBUF
    BUFGCTRL_X0Y0        BUFG (Prop_bufg_I_O)         0.091    13.341 r  clk_IBUF_BUFG_inst/O
                         net (fo=2184, routed)        1.442    14.783    clk_IBUF_BUFG
    SLICE_X11Y50         FDCE                                         r  read_result_reg[7]/C
                         clock pessimism              0.258    15.041    
                         clock uncertainty           -0.035    15.006    
    SLICE_X11Y50         FDCE (Setup_fdce_C_D)        0.032    15.038    read_result_reg[7]
  -------------------------------------------------------------------
                         required time                         15.038    
                         arrival time                         -13.399    
  -------------------------------------------------------------------
                         slack                                  1.638    

Slack (MET) :             1.682ns  (required time - arrival time)
  Source:                 fsm/FSM_onehot_state_reg[3]/C
                            (rising edge-triggered cell FDCE clocked by sys_clk_pin  {rise@0.000ns fall@5.000ns period=10.000ns})
  Destination:            read_result_reg[2]/D
                            (rising edge-triggered cell FDCE clocked by sys_clk_pin  {rise@0.000ns fall@5.000ns period=10.000ns})
  Path Group:             sys_clk_pin
  Path Type:              Setup (Max at Slow Process Corner)
  Requirement:            10.000ns  (sys_clk_pin rise@10.000ns - sys_clk_pin rise@0.000ns)
  Data Path Delay:        8.275ns  (logic 2.007ns (24.254%)  route 6.268ns (75.746%))
  Logic Levels:           5  (LUT3=1 LUT6=2 MUXF7=1 MUXF8=1)
  Clock Path Skew:        -0.039ns (DCD - SCD + CPR)
    Destination Clock Delay (DCD):    4.782ns = ( 14.782 - 10.000 ) 
    Source Clock Delay      (SCD):    5.079ns
    Clock Pessimism Removal (CPR):    0.258ns
  Clock Uncertainty:      0.035ns  ((TSJ^2 + TIJ^2)^1/2 + DJ) / 2 + PE
    Total System Jitter     (TSJ):    0.071ns
    Total Input Jitter      (TIJ):    0.000ns
    Discrete Jitter          (DJ):    0.000ns
    Phase Error              (PE):    0.000ns

    Location             Delay type                Incr(ns)  Path(ns)    Netlist Resource(s)
  -------------------------------------------------------------------    -------------------
                         (clock sys_clk_pin rise edge)
                                                      0.000     0.000 r  
    W5                                                0.000     0.000 r  clk (IN)
                         net (fo=0)                   0.000     0.000    clk
    W5                   IBUF (Prop_ibuf_I_O)         1.458     1.458 r  clk_IBUF_inst/O
                         net (fo=1, routed)           1.967     3.425    clk_IBUF
    BUFGCTRL_X0Y0        BUFG (Prop_bufg_I_O)         0.096     3.521 r  clk_IBUF_BUFG_inst/O
                         net (fo=2184, routed)        1.558     5.079    fsm/CLK
    SLICE_X10Y50         FDCE                                         r  fsm/FSM_onehot_state_reg[3]/C
  -------------------------------------------------------------------    -------------------
    SLICE_X10Y50         FDCE (Prop_fdce_C_Q)         0.518     5.597 r  fsm/FSM_onehot_state_reg[3]/Q
                         net (fo=182, routed)         1.357     6.954    fsm/FSM_onehot_state_reg_n_0_[3]
    SLICE_X7Y41          LUT3 (Prop_lut3_I2_O)        0.149     7.103 r  fsm/mem[254][7]_i_6/O
                         net (fo=623, routed)         2.948    10.051    mem_sys/dmem/read_result[0]_i_4_0
    SLICE_X44Y67         MUXF8 (Prop_muxf8_S_O)       0.481    10.532 f  mem_sys/dmem/read_result_reg[2]_i_21/O
                         net (fo=1, routed)           1.118    11.649    mem_sys/dmem/read_result_reg[2]_i_21_n_0
    SLICE_X15Y66         LUT6 (Prop_lut6_I1_O)        0.316    11.965 f  mem_sys/dmem/read_result[2]_i_7/O
                         net (fo=1, routed)           0.000    11.965    mem_sys/dmem/read_result[2]_i_7_n_0
    SLICE_X15Y66         MUXF7 (Prop_muxf7_I1_O)      0.245    12.210 f  mem_sys/dmem/read_result_reg[2]_i_3/O
                         net (fo=1, routed)           0.846    13.056    fsm/read_result_reg[2]_0
    SLICE_X15Y52         LUT6 (Prop_lut6_I3_O)        0.298    13.354 r  fsm/read_result[2]_i_1/O
                         net (fo=1, routed)           0.000    13.354    readData_wire[2]
    SLICE_X15Y52         FDCE                                         r  read_result_reg[2]/D
  -------------------------------------------------------------------    -------------------

                         (clock sys_clk_pin rise edge)
                                                     10.000    10.000 r  
    W5                                                0.000    10.000 r  clk (IN)
                         net (fo=0)                   0.000    10.000    clk
    W5                   IBUF (Prop_ibuf_I_O)         1.388    11.388 r  clk_IBUF_inst/O
                         net (fo=1, routed)           1.862    13.250    clk_IBUF
    BUFGCTRL_X0Y0        BUFG (Prop_bufg_I_O)         0.091    13.341 r  clk_IBUF_BUFG_inst/O
                         net (fo=2184, routed)        1.441    14.782    clk_IBUF_BUFG
    SLICE_X15Y52         FDCE                                         r  read_result_reg[2]/C
                         clock pessimism              0.258    15.040    
                         clock uncertainty           -0.035    15.005    
    SLICE_X15Y52         FDCE (Setup_fdce_C_D)        0.031    15.036    read_result_reg[2]
  -------------------------------------------------------------------
                         required time                         15.036    
                         arrival time                         -13.354    
  -------------------------------------------------------------------
                         slack                                  1.682    

Slack (MET) :             1.684ns  (required time - arrival time)
  Source:                 fsm/FSM_onehot_state_reg[2]/C
                            (rising edge-triggered cell FDCE clocked by sys_clk_pin  {rise@0.000ns fall@5.000ns period=10.000ns})
  Destination:            mem_sys/dmem/mem_reg[72][5]/D
                            (rising edge-triggered cell FDRE clocked by sys_clk_pin  {rise@0.000ns fall@5.000ns period=10.000ns})
  Path Group:             sys_clk_pin
  Path Type:              Setup (Max at Slow Process Corner)
  Requirement:            10.000ns  (sys_clk_pin rise@10.000ns - sys_clk_pin rise@0.000ns)
  Data Path Delay:        7.964ns  (logic 0.915ns (11.490%)  route 7.049ns (88.510%))
  Logic Levels:           3  (LUT3=2 LUT5=1)
  Clock Path Skew:        -0.025ns (DCD - SCD + CPR)
    Destination Clock Delay (DCD):    4.781ns = ( 14.781 - 10.000 ) 
    Source Clock Delay      (SCD):    5.078ns
    Clock Pessimism Removal (CPR):    0.272ns
  Clock Uncertainty:      0.035ns  ((TSJ^2 + TIJ^2)^1/2 + DJ) / 2 + PE
    Total System Jitter     (TSJ):    0.071ns
    Total Input Jitter      (TIJ):    0.000ns
    Discrete Jitter          (DJ):    0.000ns
    Phase Error              (PE):    0.000ns

    Location             Delay type                Incr(ns)  Path(ns)    Netlist Resource(s)
  -------------------------------------------------------------------    -------------------
                         (clock sys_clk_pin rise edge)
                                                      0.000     0.000 r  
    W5                                                0.000     0.000 r  clk (IN)
                         net (fo=0)                   0.000     0.000    clk
    W5                   IBUF (Prop_ibuf_I_O)         1.458     1.458 r  clk_IBUF_inst/O
                         net (fo=1, routed)           1.967     3.425    clk_IBUF
    BUFGCTRL_X0Y0        BUFG (Prop_bufg_I_O)         0.096     3.521 r  clk_IBUF_BUFG_inst/O
                         net (fo=2184, routed)        1.557     5.078    fsm/CLK
    SLICE_X14Y53         FDCE                                         r  fsm/FSM_onehot_state_reg[2]/C
  -------------------------------------------------------------------    -------------------
    SLICE_X14Y53         FDCE (Prop_fdce_C_Q)         0.518     5.596 r  fsm/FSM_onehot_state_reg[2]/Q
                         net (fo=128, routed)         1.409     7.005    fsm/FSM_onehot_state_reg_n_0_[2]
    SLICE_X3Y44          LUT3 (Prop_lut3_I1_O)        0.124     7.129 r  fsm/mem[256][7]_i_6/O
                         net (fo=124, routed)         2.210     9.340    fsm/FSM_onehot_state_reg[2]_24
    SLICE_X44Y49         LUT5 (Prop_lut5_I3_O)        0.124     9.464 f  fsm/mem[256][5]_i_2/O
                         net (fo=61, routed)          2.455    11.918    fsm/mem[256][5]_i_2_n_0
    SLICE_X8Y64          LUT3 (Prop_lut3_I2_O)        0.149    12.067 r  fsm/mem[72][5]_i_1/O
                         net (fo=1, routed)           0.974    13.041    mem_sys/dmem/mem_reg[72][7]_0[5]
    SLICE_X15Y56         FDRE                                         r  mem_sys/dmem/mem_reg[72][5]/D
  -------------------------------------------------------------------    -------------------

                         (clock sys_clk_pin rise edge)
                                                     10.000    10.000 r  
    W5                                                0.000    10.000 r  clk (IN)
                         net (fo=0)                   0.000    10.000    clk
    W5                   IBUF (Prop_ibuf_I_O)         1.388    11.388 r  clk_IBUF_inst/O
                         net (fo=1, routed)           1.862    13.250    clk_IBUF
    BUFGCTRL_X0Y0        BUFG (Prop_bufg_I_O)         0.091    13.341 r  clk_IBUF_BUFG_inst/O
                         net (fo=2184, routed)        1.440    14.781    mem_sys/dmem/CLK
    SLICE_X15Y56         FDRE                                         r  mem_sys/dmem/mem_reg[72][5]/C
                         clock pessimism              0.272    15.053    
                         clock uncertainty           -0.035    15.018    
    SLICE_X15Y56         FDRE (Setup_fdre_C_D)       -0.292    14.726    mem_sys/dmem/mem_reg[72][5]
  -------------------------------------------------------------------
                         required time                         14.726    
                         arrival time                         -13.041    
  -------------------------------------------------------------------
                         slack                                  1.684    

Slack (MET) :             1.711ns  (required time - arrival time)
  Source:                 fsm/FSM_onehot_state_reg[2]/C
                            (rising edge-triggered cell FDCE clocked by sys_clk_pin  {rise@0.000ns fall@5.000ns period=10.000ns})
  Destination:            mem_sys/dmem/mem_reg[230][2]/CE
                            (rising edge-triggered cell FDRE clocked by sys_clk_pin  {rise@0.000ns fall@5.000ns period=10.000ns})
  Path Group:             sys_clk_pin
  Path Type:              Setup (Max at Slow Process Corner)
  Requirement:            10.000ns  (sys_clk_pin rise@10.000ns - sys_clk_pin rise@0.000ns)
  Data Path Delay:        7.721ns  (logic 1.006ns (13.029%)  route 6.715ns (86.971%))
  Logic Levels:           4  (LUT2=1 LUT3=1 LUT5=1 LUT6=1)
  Clock Path Skew:        -0.123ns (DCD - SCD + CPR)
    Destination Clock Delay (DCD):    4.768ns = ( 14.768 - 10.000 ) 
    Source Clock Delay      (SCD):    5.078ns
    Clock Pessimism Removal (CPR):    0.187ns
  Clock Uncertainty:      0.035ns  ((TSJ^2 + TIJ^2)^1/2 + DJ) / 2 + PE
    Total System Jitter     (TSJ):    0.071ns
    Total Input Jitter      (TIJ):    0.000ns
    Discrete Jitter          (DJ):    0.000ns
    Phase Error              (PE):    0.000ns

    Location             Delay type                Incr(ns)  Path(ns)    Netlist Resource(s)
  -------------------------------------------------------------------    -------------------
                         (clock sys_clk_pin rise edge)
                                                      0.000     0.000 r  
    W5                                                0.000     0.000 r  clk (IN)
                         net (fo=0)                   0.000     0.000    clk
    W5                   IBUF (Prop_ibuf_I_O)         1.458     1.458 r  clk_IBUF_inst/O
                         net (fo=1, routed)           1.967     3.425    clk_IBUF
    BUFGCTRL_X0Y0        BUFG (Prop_bufg_I_O)         0.096     3.521 r  clk_IBUF_BUFG_inst/O
                         net (fo=2184, routed)        1.557     5.078    fsm/CLK
    SLICE_X14Y53         FDCE                                         r  fsm/FSM_onehot_state_reg[2]/C
  -------------------------------------------------------------------    -------------------
    SLICE_X14Y53         FDCE (Prop_fdce_C_Q)         0.518     5.596 r  fsm/FSM_onehot_state_reg[2]/Q
                         net (fo=128, routed)         1.409     7.005    fsm/FSM_onehot_state_reg_n_0_[2]
    SLICE_X3Y44          LUT3 (Prop_lut3_I1_O)        0.124     7.129 r  fsm/mem[256][7]_i_6/O
                         net (fo=124, routed)         1.889     9.018    fsm/FSM_onehot_state_reg[2]_24
    SLICE_X9Y72          LUT2 (Prop_lut2_I0_O)        0.124     9.142 r  fsm/mem[170][7]_i_3/O
                         net (fo=10, routed)          1.532    10.674    fsm/mem[170][7]_i_3_n_0
    SLICE_X14Y53         LUT6 (Prop_lut6_I0_O)        0.124    10.798 f  fsm/mem[230][7]_i_3/O
                         net (fo=2, routed)           0.425    11.223    fsm/mem[230][7]_i_3_n_0
    SLICE_X14Y53         LUT5 (Prop_lut5_I4_O)        0.116    11.339 r  fsm/mem[230][7]_i_1/O
                         net (fo=8, routed)           1.460    12.799    mem_sys/dmem/mem_reg[230][7]_0[0]
    SLICE_X45Y69         FDRE                                         r  mem_sys/dmem/mem_reg[230][2]/CE
  -------------------------------------------------------------------    -------------------

                         (clock sys_clk_pin rise edge)
                                                     10.000    10.000 r  
    W5                                                0.000    10.000 r  clk (IN)
                         net (fo=0)                   0.000    10.000    clk
    W5                   IBUF (Prop_ibuf_I_O)         1.388    11.388 r  clk_IBUF_inst/O
                         net (fo=1, routed)           1.862    13.250    clk_IBUF
    BUFGCTRL_X0Y0        BUFG (Prop_bufg_I_O)         0.091    13.341 r  clk_IBUF_BUFG_inst/O
                         net (fo=2184, routed)        1.427    14.768    mem_sys/dmem/CLK
    SLICE_X45Y69         FDRE                                         r  mem_sys/dmem/mem_reg[230][2]/C
                         clock pessimism              0.187    14.955    
                         clock uncertainty           -0.035    14.919    
    SLICE_X45Y69         FDRE (Setup_fdre_C_CE)      -0.409    14.510    mem_sys/dmem/mem_reg[230][2]
  -------------------------------------------------------------------
                         required time                         14.510    
                         arrival time                         -12.799    
  -------------------------------------------------------------------
                         slack                                  1.711    

Slack (MET) :             1.711ns  (required time - arrival time)
  Source:                 fsm/FSM_onehot_state_reg[2]/C
                            (rising edge-triggered cell FDCE clocked by sys_clk_pin  {rise@0.000ns fall@5.000ns period=10.000ns})
  Destination:            mem_sys/dmem/mem_reg[230][4]/CE
                            (rising edge-triggered cell FDRE clocked by sys_clk_pin  {rise@0.000ns fall@5.000ns period=10.000ns})
  Path Group:             sys_clk_pin
  Path Type:              Setup (Max at Slow Process Corner)
  Requirement:            10.000ns  (sys_clk_pin rise@10.000ns - sys_clk_pin rise@0.000ns)
  Data Path Delay:        7.721ns  (logic 1.006ns (13.029%)  route 6.715ns (86.971%))
  Logic Levels:           4  (LUT2=1 LUT3=1 LUT5=1 LUT6=1)
  Clock Path Skew:        -0.123ns (DCD - SCD + CPR)
    Destination Clock Delay (DCD):    4.768ns = ( 14.768 - 10.000 ) 
    Source Clock Delay      (SCD):    5.078ns
    Clock Pessimism Removal (CPR):    0.187ns
  Clock Uncertainty:      0.035ns  ((TSJ^2 + TIJ^2)^1/2 + DJ) / 2 + PE
    Total System Jitter     (TSJ):    0.071ns
    Total Input Jitter      (TIJ):    0.000ns
    Discrete Jitter          (DJ):    0.000ns
    Phase Error              (PE):    0.000ns

    Location             Delay type                Incr(ns)  Path(ns)    Netlist Resource(s)
  -------------------------------------------------------------------    -------------------
                         (clock sys_clk_pin rise edge)
                                                      0.000     0.000 r  
    W5                                                0.000     0.000 r  clk (IN)
                         net (fo=0)                   0.000     0.000    clk
    W5                   IBUF (Prop_ibuf_I_O)         1.458     1.458 r  clk_IBUF_inst/O
                         net (fo=1, routed)           1.967     3.425    clk_IBUF
    BUFGCTRL_X0Y0        BUFG (Prop_bufg_I_O)         0.096     3.521 r  clk_IBUF_BUFG_inst/O
                         net (fo=2184, routed)        1.557     5.078    fsm/CLK
    SLICE_X14Y53         FDCE                                         r  fsm/FSM_onehot_state_reg[2]/C
  -------------------------------------------------------------------    -------------------
    SLICE_X14Y53         FDCE (Prop_fdce_C_Q)         0.518     5.596 r  fsm/FSM_onehot_state_reg[2]/Q
                         net (fo=128, routed)         1.409     7.005    fsm/FSM_onehot_state_reg_n_0_[2]
    SLICE_X3Y44          LUT3 (Prop_lut3_I1_O)        0.124     7.129 r  fsm/mem[256][7]_i_6/O
                         net (fo=124, routed)         1.889     9.018    fsm/FSM_onehot_state_reg[2]_24
    SLICE_X9Y72          LUT2 (Prop_lut2_I0_O)        0.124     9.142 r  fsm/mem[170][7]_i_3/O
                         net (fo=10, routed)          1.532    10.674    fsm/mem[170][7]_i_3_n_0
    SLICE_X14Y53         LUT6 (Prop_lut6_I0_O)        0.124    10.798 f  fsm/mem[230][7]_i_3/O
                         net (fo=2, routed)           0.425    11.223    fsm/mem[230][7]_i_3_n_0
    SLICE_X14Y53         LUT5 (Prop_lut5_I4_O)        0.116    11.339 r  fsm/mem[230][7]_i_1/O
                         net (fo=8, routed)           1.460    12.799    mem_sys/dmem/mem_reg[230][7]_0[0]
    SLICE_X45Y69         FDRE                                         r  mem_sys/dmem/mem_reg[230][4]/CE
  -------------------------------------------------------------------    -------------------

                         (clock sys_clk_pin rise edge)
                                                     10.000    10.000 r  
    W5                                                0.000    10.000 r  clk (IN)
                         net (fo=0)                   0.000    10.000    clk
    W5                   IBUF (Prop_ibuf_I_O)         1.388    11.388 r  clk_IBUF_inst/O
                         net (fo=1, routed)           1.862    13.250    clk_IBUF
    BUFGCTRL_X0Y0        BUFG (Prop_bufg_I_O)         0.091    13.341 r  clk_IBUF_BUFG_inst/O
                         net (fo=2184, routed)        1.427    14.768    mem_sys/dmem/CLK
    SLICE_X45Y69         FDRE                                         r  mem_sys/dmem/mem_reg[230][4]/C
                         clock pessimism              0.187    14.955    
                         clock uncertainty           -0.035    14.919    
    SLICE_X45Y69         FDRE (Setup_fdre_C_CE)      -0.409    14.510    mem_sys/dmem/mem_reg[230][4]
  -------------------------------------------------------------------
                         required time                         14.510    
                         arrival time                         -12.799    
  -------------------------------------------------------------------
                         slack                                  1.711    

Slack (MET) :             1.730ns  (required time - arrival time)
  Source:                 fsm/FSM_onehot_state_reg[3]/C
                            (rising edge-triggered cell FDCE clocked by sys_clk_pin  {rise@0.000ns fall@5.000ns period=10.000ns})
  Destination:            mem_sys/dmem/mem_reg[238][5]/D
                            (rising edge-triggered cell FDRE clocked by sys_clk_pin  {rise@0.000ns fall@5.000ns period=10.000ns})
  Path Group:             sys_clk_pin
  Path Type:              Setup (Max at Slow Process Corner)
  Requirement:            10.000ns  (sys_clk_pin rise@10.000ns - sys_clk_pin rise@0.000ns)
  Data Path Delay:        7.882ns  (logic 1.271ns (16.126%)  route 6.611ns (83.874%))
  Logic Levels:           4  (LUT3=2 LUT5=1 LUT6=1)
  Clock Path Skew:        -0.122ns (DCD - SCD + CPR)
    Destination Clock Delay (DCD):    4.770ns = ( 14.770 - 10.000 ) 
    Source Clock Delay      (SCD):    5.079ns
    Clock Pessimism Removal (CPR):    0.187ns
  Clock Uncertainty:      0.035ns  ((TSJ^2 + TIJ^2)^1/2 + DJ) / 2 + PE
    Total System Jitter     (TSJ):    0.071ns
    Total Input Jitter      (TIJ):    0.000ns
    Discrete Jitter          (DJ):    0.000ns
    Phase Error              (PE):    0.000ns

    Location             Delay type                Incr(ns)  Path(ns)    Netlist Resource(s)
  -------------------------------------------------------------------    -------------------
                         (clock sys_clk_pin rise edge)
                                                      0.000     0.000 r  
    W5                                                0.000     0.000 r  clk (IN)
                         net (fo=0)                   0.000     0.000    clk
    W5                   IBUF (Prop_ibuf_I_O)         1.458     1.458 r  clk_IBUF_inst/O
                         net (fo=1, routed)           1.967     3.425    clk_IBUF
    BUFGCTRL_X0Y0        BUFG (Prop_bufg_I_O)         0.096     3.521 r  clk_IBUF_BUFG_inst/O
                         net (fo=2184, routed)        1.558     5.079    fsm/CLK
    SLICE_X10Y50         FDCE                                         r  fsm/FSM_onehot_state_reg[3]/C
  -------------------------------------------------------------------    -------------------
    SLICE_X10Y50         FDCE (Prop_fdce_C_Q)         0.518     5.597 r  fsm/FSM_onehot_state_reg[3]/Q
                         net (fo=182, routed)         1.357     6.954    fsm/FSM_onehot_state_reg_n_0_[3]
    SLICE_X7Y41          LUT3 (Prop_lut3_I2_O)        0.124     7.078 r  fsm/mem[246][7]_i_7/O
                         net (fo=124, routed)         1.387     8.465    fsm/FSM_onehot_state_reg[2]_38
    SLICE_X4Y53          LUT5 (Prop_lut5_I4_O)        0.150     8.615 f  fsm/mem[46][7]_i_3/O
                         net (fo=9, routed)           0.942     9.557    fsm/mem[46][7]_i_3_n_0
    SLICE_X2Y43          LUT6 (Prop_lut6_I4_O)        0.326     9.883 f  fsm/mem[254][5]_i_2/O
                         net (fo=31, routed)          2.261    12.144    fsm/mem[254][5]_i_2_n_0
    SLICE_X40Y61         LUT3 (Prop_lut3_I0_O)        0.153    12.297 r  fsm/mem[238][5]_i_1/O
                         net (fo=1, routed)           0.664    12.960    mem_sys/dmem/mem_reg[238][7]_0[5]
    SLICE_X42Y67         FDRE                                         r  mem_sys/dmem/mem_reg[238][5]/D
  -------------------------------------------------------------------    -------------------

                         (clock sys_clk_pin rise edge)
                                                     10.000    10.000 r  
    W5                                                0.000    10.000 r  clk (IN)
                         net (fo=0)                   0.000    10.000    clk
    W5                   IBUF (Prop_ibuf_I_O)         1.388    11.388 r  clk_IBUF_inst/O
                         net (fo=1, routed)           1.862    13.250    clk_IBUF
    BUFGCTRL_X0Y0        BUFG (Prop_bufg_I_O)         0.091    13.341 r  clk_IBUF_BUFG_inst/O
                         net (fo=2184, routed)        1.429    14.770    mem_sys/dmem/CLK
    SLICE_X42Y67         FDRE                                         r  mem_sys/dmem/mem_reg[238][5]/C
                         clock pessimism              0.187    14.957    
                         clock uncertainty           -0.035    14.921    
    SLICE_X42Y67         FDRE (Setup_fdre_C_D)       -0.231    14.690    mem_sys/dmem/mem_reg[238][5]
  -------------------------------------------------------------------
                         required time                         14.690    
                         arrival time                         -12.960    
  -------------------------------------------------------------------
                         slack                                  1.730    





Min Delay Paths
--------------------------------------------------------------------------------------
Slack (MET) :             0.152ns  (arrival time - required time)
  Source:                 db2/shift_reg[1]/C
                            (rising edge-triggered cell FDCE clocked by sys_clk_pin  {rise@0.000ns fall@5.000ns period=10.000ns})
  Destination:            db2/btn_out_reg/D
                            (rising edge-triggered cell FDCE clocked by sys_clk_pin  {rise@0.000ns fall@5.000ns period=10.000ns})
  Path Group:             sys_clk_pin
  Path Type:              Hold (Min at Fast Process Corner)
  Requirement:            0.000ns  (sys_clk_pin rise@0.000ns - sys_clk_pin rise@0.000ns)
  Data Path Delay:        0.285ns  (logic 0.186ns (65.209%)  route 0.099ns (34.791%))
  Logic Levels:           1  (LUT5=1)
  Clock Path Skew:        0.013ns (DCD - SCD - CPR)
    Destination Clock Delay (DCD):    1.956ns
    Source Clock Delay      (SCD):    1.444ns
    Clock Pessimism Removal (CPR):    0.499ns

    Location             Delay type                Incr(ns)  Path(ns)    Netlist Resource(s)
  -------------------------------------------------------------------    -------------------
                         (clock sys_clk_pin rise edge)
                                                      0.000     0.000 r  
    W5                                                0.000     0.000 r  clk (IN)
                         net (fo=0)                   0.000     0.000    clk
    W5                   IBUF (Prop_ibuf_I_O)         0.226     0.226 r  clk_IBUF_inst/O
                         net (fo=1, routed)           0.631     0.858    clk_IBUF
    BUFGCTRL_X0Y0        BUFG (Prop_bufg_I_O)         0.026     0.884 r  clk_IBUF_BUFG_inst/O
                         net (fo=2184, routed)        0.561     1.444    db2/CLK
    SLICE_X9Y33          FDCE                                         r  db2/shift_reg[1]/C
  -------------------------------------------------------------------    -------------------
    SLICE_X9Y33          FDCE (Prop_fdce_C_Q)         0.141     1.585 r  db2/shift_reg[1]/Q
                         net (fo=2, routed)           0.099     1.684    db2/shift_reg_n_0_[1]
    SLICE_X8Y33          LUT5 (Prop_lut5_I4_O)        0.045     1.729 r  db2/btn_out_i_1/O
                         net (fo=1, routed)           0.000     1.729    db2/btn_out_i_1_n_0
    SLICE_X8Y33          FDCE                                         r  db2/btn_out_reg/D
  -------------------------------------------------------------------    -------------------

                         (clock sys_clk_pin rise edge)
                                                      0.000     0.000 r  
    W5                                                0.000     0.000 r  clk (IN)
                         net (fo=0)                   0.000     0.000    clk
    W5                   IBUF (Prop_ibuf_I_O)         0.414     0.414 r  clk_IBUF_inst/O
                         net (fo=1, routed)           0.685     1.099    clk_IBUF
    BUFGCTRL_X0Y0        BUFG (Prop_bufg_I_O)         0.029     1.128 r  clk_IBUF_BUFG_inst/O
                         net (fo=2184, routed)        0.829     1.956    db2/CLK
    SLICE_X8Y33          FDCE                                         r  db2/btn_out_reg/C
                         clock pessimism             -0.499     1.457    
    SLICE_X8Y33          FDCE (Hold_fdce_C_D)         0.120     1.577    db2/btn_out_reg
  -------------------------------------------------------------------
                         required time                         -1.577    
                         arrival time                           1.729    
  -------------------------------------------------------------------
                         slack                                  0.152    

Slack (MET) :             0.152ns  (arrival time - required time)
  Source:                 db3/shift_reg[1]/C
                            (rising edge-triggered cell FDCE clocked by sys_clk_pin  {rise@0.000ns fall@5.000ns period=10.000ns})
  Destination:            db3/btn_out_reg/D
                            (rising edge-triggered cell FDCE clocked by sys_clk_pin  {rise@0.000ns fall@5.000ns period=10.000ns})
  Path Group:             sys_clk_pin
  Path Type:              Hold (Min at Fast Process Corner)
  Requirement:            0.000ns  (sys_clk_pin rise@0.000ns - sys_clk_pin rise@0.000ns)
  Data Path Delay:        0.285ns  (logic 0.186ns (65.194%)  route 0.099ns (34.806%))
  Logic Levels:           1  (LUT5=1)
  Clock Path Skew:        0.013ns (DCD - SCD - CPR)
    Destination Clock Delay (DCD):    1.959ns
    Source Clock Delay      (SCD):    1.446ns
    Clock Pessimism Removal (CPR):    0.500ns

    Location             Delay type                Incr(ns)  Path(ns)    Netlist Resource(s)
  -------------------------------------------------------------------    -------------------
                         (clock sys_clk_pin rise edge)
                                                      0.000     0.000 r  
    W5                                                0.000     0.000 r  clk (IN)
                         net (fo=0)                   0.000     0.000    clk
    W5                   IBUF (Prop_ibuf_I_O)         0.226     0.226 r  clk_IBUF_inst/O
                         net (fo=1, routed)           0.631     0.858    clk_IBUF
    BUFGCTRL_X0Y0        BUFG (Prop_bufg_I_O)         0.026     0.884 r  clk_IBUF_BUFG_inst/O
                         net (fo=2184, routed)        0.563     1.446    db3/CLK
    SLICE_X11Y37         FDCE                                         r  db3/shift_reg[1]/C
  -------------------------------------------------------------------    -------------------
    SLICE_X11Y37         FDCE (Prop_fdce_C_Q)         0.141     1.587 r  db3/shift_reg[1]/Q
                         net (fo=2, routed)           0.099     1.686    db3/shift_reg_n_0_[1]
    SLICE_X10Y37         LUT5 (Prop_lut5_I4_O)        0.045     1.731 r  db3/btn_out_i_1/O
                         net (fo=1, routed)           0.000     1.731    db3/btn_out_i_1_n_0
    SLICE_X10Y37         FDCE                                         r  db3/btn_out_reg/D
  -------------------------------------------------------------------    -------------------

                         (clock sys_clk_pin rise edge)
                                                      0.000     0.000 r  
    W5                                                0.000     0.000 r  clk (IN)
                         net (fo=0)                   0.000     0.000    clk
    W5                   IBUF (Prop_ibuf_I_O)         0.414     0.414 r  clk_IBUF_inst/O
                         net (fo=1, routed)           0.685     1.099    clk_IBUF
    BUFGCTRL_X0Y0        BUFG (Prop_bufg_I_O)         0.029     1.128 r  clk_IBUF_BUFG_inst/O
                         net (fo=2184, routed)        0.832     1.959    db3/CLK
    SLICE_X10Y37         FDCE                                         r  db3/btn_out_reg/C
                         clock pessimism             -0.500     1.459    
    SLICE_X10Y37         FDCE (Hold_fdce_C_D)         0.120     1.579    db3/btn_out_reg
  -------------------------------------------------------------------
                         required time                         -1.579    
                         arrival time                           1.731    
  -------------------------------------------------------------------
                         slack                                  0.152    

Slack (MET) :             0.173ns  (arrival time - required time)
  Source:                 db1/shift_reg[8]/C
                            (rising edge-triggered cell FDCE clocked by sys_clk_pin  {rise@0.000ns fall@5.000ns period=10.000ns})
  Destination:            db1/shift_reg[9]/D
                            (rising edge-triggered cell FDCE clocked by sys_clk_pin  {rise@0.000ns fall@5.000ns period=10.000ns})
  Path Group:             sys_clk_pin
  Path Type:              Hold (Min at Fast Process Corner)
  Requirement:            0.000ns  (sys_clk_pin rise@0.000ns - sys_clk_pin rise@0.000ns)
  Data Path Delay:        0.250ns  (logic 0.141ns (56.297%)  route 0.109ns (43.703%))
  Logic Levels:           0  
  Clock Path Skew:        0.014ns (DCD - SCD - CPR)
    Destination Clock Delay (DCD):    1.958ns
    Source Clock Delay      (SCD):    1.446ns
    Clock Pessimism Removal (CPR):    0.498ns

    Location             Delay type                Incr(ns)  Path(ns)    Netlist Resource(s)
  -------------------------------------------------------------------    -------------------
                         (clock sys_clk_pin rise edge)
                                                      0.000     0.000 r  
    W5                                                0.000     0.000 r  clk (IN)
                         net (fo=0)                   0.000     0.000    clk
    W5                   IBUF (Prop_ibuf_I_O)         0.226     0.226 r  clk_IBUF_inst/O
                         net (fo=1, routed)           0.631     0.858    clk_IBUF
    BUFGCTRL_X0Y0        BUFG (Prop_bufg_I_O)         0.026     0.884 r  clk_IBUF_BUFG_inst/O
                         net (fo=2184, routed)        0.563     1.446    db1/CLK
    SLICE_X13Y37         FDCE                                         r  db1/shift_reg[8]/C
  -------------------------------------------------------------------    -------------------
    SLICE_X13Y37         FDCE (Prop_fdce_C_Q)         0.141     1.587 r  db1/shift_reg[8]/Q
                         net (fo=2, routed)           0.109     1.697    db1/shift_reg_n_0_[8]
    SLICE_X14Y36         FDCE                                         r  db1/shift_reg[9]/D
  -------------------------------------------------------------------    -------------------

                         (clock sys_clk_pin rise edge)
                                                      0.000     0.000 r  
    W5                                                0.000     0.000 r  clk (IN)
                         net (fo=0)                   0.000     0.000    clk
    W5                   IBUF (Prop_ibuf_I_O)         0.414     0.414 r  clk_IBUF_inst/O
                         net (fo=1, routed)           0.685     1.099    clk_IBUF
    BUFGCTRL_X0Y0        BUFG (Prop_bufg_I_O)         0.029     1.128 r  clk_IBUF_BUFG_inst/O
                         net (fo=2184, routed)        0.831     1.958    db1/CLK
    SLICE_X14Y36         FDCE                                         r  db1/shift_reg[9]/C
                         clock pessimism             -0.498     1.460    
    SLICE_X14Y36         FDCE (Hold_fdce_C_D)         0.063     1.523    db1/shift_reg[9]
  -------------------------------------------------------------------
                         required time                         -1.523    
                         arrival time                           1.697    
  -------------------------------------------------------------------
                         slack                                  0.173    

Slack (MET) :             0.184ns  (arrival time - required time)
  Source:                 db2/shift_reg[8]/C
                            (rising edge-triggered cell FDCE clocked by sys_clk_pin  {rise@0.000ns fall@5.000ns period=10.000ns})
  Destination:            db2/shift_reg[9]/D
                            (rising edge-triggered cell FDCE clocked by sys_clk_pin  {rise@0.000ns fall@5.000ns period=10.000ns})
  Path Group:             sys_clk_pin
  Path Type:              Hold (Min at Fast Process Corner)
  Requirement:            0.000ns  (sys_clk_pin rise@0.000ns - sys_clk_pin rise@0.000ns)
  Data Path Delay:        0.260ns  (logic 0.141ns (54.222%)  route 0.119ns (45.778%))
  Logic Levels:           0  
  Clock Path Skew:        0.013ns (DCD - SCD - CPR)
    Destination Clock Delay (DCD):    1.955ns
    Source Clock Delay      (SCD):    1.444ns
    Clock Pessimism Removal (CPR):    0.498ns

    Location             Delay type                Incr(ns)  Path(ns)    Netlist Resource(s)
  -------------------------------------------------------------------    -------------------
                         (clock sys_clk_pin rise edge)
                                                      0.000     0.000 r  
    W5                                                0.000     0.000 r  clk (IN)
                         net (fo=0)                   0.000     0.000    clk
    W5                   IBUF (Prop_ibuf_I_O)         0.226     0.226 r  clk_IBUF_inst/O
                         net (fo=1, routed)           0.631     0.858    clk_IBUF
    BUFGCTRL_X0Y0        BUFG (Prop_bufg_I_O)         0.026     0.884 r  clk_IBUF_BUFG_inst/O
                         net (fo=2184, routed)        0.561     1.444    db2/CLK
    SLICE_X9Y33          FDCE                                         r  db2/shift_reg[8]/C
  -------------------------------------------------------------------    -------------------
    SLICE_X9Y33          FDCE (Prop_fdce_C_Q)         0.141     1.585 r  db2/shift_reg[8]/Q
                         net (fo=2, routed)           0.119     1.704    db2/shift_reg_n_0_[8]
    SLICE_X8Y32          FDCE                                         r  db2/shift_reg[9]/D
  -------------------------------------------------------------------    -------------------

                         (clock sys_clk_pin rise edge)
                                                      0.000     0.000 r  
    W5                                                0.000     0.000 r  clk (IN)
                         net (fo=0)                   0.000     0.000    clk
    W5                   IBUF (Prop_ibuf_I_O)         0.414     0.414 r  clk_IBUF_inst/O
                         net (fo=1, routed)           0.685     1.099    clk_IBUF
    BUFGCTRL_X0Y0        BUFG (Prop_bufg_I_O)         0.029     1.128 r  clk_IBUF_BUFG_inst/O
                         net (fo=2184, routed)        0.828     1.955    db2/CLK
    SLICE_X8Y32          FDCE                                         r  db2/shift_reg[9]/C
                         clock pessimism             -0.498     1.457    
    SLICE_X8Y32          FDCE (Hold_fdce_C_D)         0.063     1.520    db2/shift_reg[9]
  -------------------------------------------------------------------
                         required time                         -1.520    
                         arrival time                           1.704    
  -------------------------------------------------------------------
                         slack                                  0.184    

Slack (MET) :             0.184ns  (arrival time - required time)
  Source:                 db3/shift_reg[7]/C
                            (rising edge-triggered cell FDCE clocked by sys_clk_pin  {rise@0.000ns fall@5.000ns period=10.000ns})
  Destination:            db3/shift_reg[8]/D
                            (rising edge-triggered cell FDCE clocked by sys_clk_pin  {rise@0.000ns fall@5.000ns period=10.000ns})
  Path Group:             sys_clk_pin
  Path Type:              Hold (Min at Fast Process Corner)
  Requirement:            0.000ns  (sys_clk_pin rise@0.000ns - sys_clk_pin rise@0.000ns)
  Data Path Delay:        0.290ns  (logic 0.164ns (56.534%)  route 0.126ns (43.466%))
  Logic Levels:           0  
  Clock Path Skew:        0.035ns (DCD - SCD - CPR)
    Destination Clock Delay (DCD):    1.959ns
    Source Clock Delay      (SCD):    1.446ns
    Clock Pessimism Removal (CPR):    0.478ns

    Location             Delay type                Incr(ns)  Path(ns)    Netlist Resource(s)
  -------------------------------------------------------------------    -------------------
                         (clock sys_clk_pin rise edge)
                                                      0.000     0.000 r  
    W5                                                0.000     0.000 r  clk (IN)
                         net (fo=0)                   0.000     0.000    clk
    W5                   IBUF (Prop_ibuf_I_O)         0.226     0.226 r  clk_IBUF_inst/O
                         net (fo=1, routed)           0.631     0.858    clk_IBUF
    BUFGCTRL_X0Y0        BUFG (Prop_bufg_I_O)         0.026     0.884 r  clk_IBUF_BUFG_inst/O
                         net (fo=2184, routed)        0.563     1.446    db3/CLK
    SLICE_X10Y37         FDCE                                         r  db3/shift_reg[7]/C
  -------------------------------------------------------------------    -------------------
    SLICE_X10Y37         FDCE (Prop_fdce_C_Q)         0.164     1.610 r  db3/shift_reg[7]/Q
                         net (fo=2, routed)           0.126     1.736    db3/shift_reg_n_0_[7]
    SLICE_X9Y37          FDCE                                         r  db3/shift_reg[8]/D
  -------------------------------------------------------------------    -------------------

                         (clock sys_clk_pin rise edge)
                                                      0.000     0.000 r  
    W5                                                0.000     0.000 r  clk (IN)
                         net (fo=0)                   0.000     0.000    clk
    W5                   IBUF (Prop_ibuf_I_O)         0.414     0.414 r  clk_IBUF_inst/O
                         net (fo=1, routed)           0.685     1.099    clk_IBUF
    BUFGCTRL_X0Y0        BUFG (Prop_bufg_I_O)         0.029     1.128 r  clk_IBUF_BUFG_inst/O
                         net (fo=2184, routed)        0.832     1.959    db3/CLK
    SLICE_X9Y37          FDCE                                         r  db3/shift_reg[8]/C
                         clock pessimism             -0.478     1.481    
    SLICE_X9Y37          FDCE (Hold_fdce_C_D)         0.071     1.552    db3/shift_reg[8]
  -------------------------------------------------------------------
                         required time                         -1.552    
                         arrival time                           1.736    
  -------------------------------------------------------------------
                         slack                                  0.184    

Slack (MET) :             0.191ns  (arrival time - required time)
  Source:                 db3/shift_reg[4]/C
                            (rising edge-triggered cell FDCE clocked by sys_clk_pin  {rise@0.000ns fall@5.000ns period=10.000ns})
  Destination:            db3/shift_reg[5]/D
                            (rising edge-triggered cell FDCE clocked by sys_clk_pin  {rise@0.000ns fall@5.000ns period=10.000ns})
  Path Group:             sys_clk_pin
  Path Type:              Hold (Min at Fast Process Corner)
  Requirement:            0.000ns  (sys_clk_pin rise@0.000ns - sys_clk_pin rise@0.000ns)
  Data Path Delay:        0.264ns  (logic 0.141ns (53.387%)  route 0.123ns (46.613%))
  Logic Levels:           0  
  Clock Path Skew:        0.013ns (DCD - SCD - CPR)
    Destination Clock Delay (DCD):    1.959ns
    Source Clock Delay      (SCD):    1.446ns
    Clock Pessimism Removal (CPR):    0.500ns

    Location             Delay type                Incr(ns)  Path(ns)    Netlist Resource(s)
  -------------------------------------------------------------------    -------------------
                         (clock sys_clk_pin rise edge)
                                                      0.000     0.000 r  
    W5                                                0.000     0.000 r  clk (IN)
                         net (fo=0)                   0.000     0.000    clk
    W5                   IBUF (Prop_ibuf_I_O)         0.226     0.226 r  clk_IBUF_inst/O
                         net (fo=1, routed)           0.631     0.858    clk_IBUF
    BUFGCTRL_X0Y0        BUFG (Prop_bufg_I_O)         0.026     0.884 r  clk_IBUF_BUFG_inst/O
                         net (fo=2184, routed)        0.563     1.446    db3/CLK
    SLICE_X11Y37         FDCE                                         r  db3/shift_reg[4]/C
  -------------------------------------------------------------------    -------------------
    SLICE_X11Y37         FDCE (Prop_fdce_C_Q)         0.141     1.587 r  db3/shift_reg[4]/Q
                         net (fo=2, routed)           0.123     1.710    db3/shift_reg_n_0_[4]
    SLICE_X10Y37         FDCE                                         r  db3/shift_reg[5]/D
  -------------------------------------------------------------------    -------------------

                         (clock sys_clk_pin rise edge)
                                                      0.000     0.000 r  
    W5                                                0.000     0.000 r  clk (IN)
                         net (fo=0)                   0.000     0.000    clk
    W5                   IBUF (Prop_ibuf_I_O)         0.414     0.414 r  clk_IBUF_inst/O
                         net (fo=1, routed)           0.685     1.099    clk_IBUF
    BUFGCTRL_X0Y0        BUFG (Prop_bufg_I_O)         0.029     1.128 r  clk_IBUF_BUFG_inst/O
                         net (fo=2184, routed)        0.832     1.959    db3/CLK
    SLICE_X10Y37         FDCE                                         r  db3/shift_reg[5]/C
                         clock pessimism             -0.500     1.459    
    SLICE_X10Y37         FDCE (Hold_fdce_C_D)         0.060     1.519    db3/shift_reg[5]
  -------------------------------------------------------------------
                         required time                         -1.519    
                         arrival time                           1.710    
  -------------------------------------------------------------------
                         slack                                  0.191    

Slack (MET) :             0.194ns  (arrival time - required time)
  Source:                 db2/shift_reg[0]/C
                            (rising edge-triggered cell FDCE clocked by sys_clk_pin  {rise@0.000ns fall@5.000ns period=10.000ns})
  Destination:            db2/shift_reg[1]/D
                            (rising edge-triggered cell FDCE clocked by sys_clk_pin  {rise@0.000ns fall@5.000ns period=10.000ns})
  Path Group:             sys_clk_pin
  Path Type:              Hold (Min at Fast Process Corner)
  Requirement:            0.000ns  (sys_clk_pin rise@0.000ns - sys_clk_pin rise@0.000ns)
  Data Path Delay:        0.280ns  (logic 0.164ns (58.521%)  route 0.116ns (41.479%))
  Logic Levels:           0  
  Clock Path Skew:        0.016ns (DCD - SCD - CPR)
    Destination Clock Delay (DCD):    1.956ns
    Source Clock Delay      (SCD):    1.442ns
    Clock Pessimism Removal (CPR):    0.498ns

    Location             Delay type                Incr(ns)  Path(ns)    Netlist Resource(s)
  -------------------------------------------------------------------    -------------------
                         (clock sys_clk_pin rise edge)
                                                      0.000     0.000 r  
    W5                                                0.000     0.000 r  clk (IN)
                         net (fo=0)                   0.000     0.000    clk
    W5                   IBUF (Prop_ibuf_I_O)         0.226     0.226 r  clk_IBUF_inst/O
                         net (fo=1, routed)           0.631     0.858    clk_IBUF
    BUFGCTRL_X0Y0        BUFG (Prop_bufg_I_O)         0.026     0.884 r  clk_IBUF_BUFG_inst/O
                         net (fo=2184, routed)        0.559     1.442    db2/CLK
    SLICE_X8Y31          FDCE                                         r  db2/shift_reg[0]/C
  -------------------------------------------------------------------    -------------------
    SLICE_X8Y31          FDCE (Prop_fdce_C_Q)         0.164     1.606 r  db2/shift_reg[0]/Q
                         net (fo=2, routed)           0.116     1.722    db2/shift_reg_n_0_[0]
    SLICE_X9Y33          FDCE                                         r  db2/shift_reg[1]/D
  -------------------------------------------------------------------    -------------------

                         (clock sys_clk_pin rise edge)
                                                      0.000     0.000 r  
    W5                                                0.000     0.000 r  clk (IN)
                         net (fo=0)                   0.000     0.000    clk
    W5                   IBUF (Prop_ibuf_I_O)         0.414     0.414 r  clk_IBUF_inst/O
                         net (fo=1, routed)           0.685     1.099    clk_IBUF
    BUFGCTRL_X0Y0        BUFG (Prop_bufg_I_O)         0.029     1.128 r  clk_IBUF_BUFG_inst/O
                         net (fo=2184, routed)        0.829     1.956    db2/CLK
    SLICE_X9Y33          FDCE                                         r  db2/shift_reg[1]/C
                         clock pessimism             -0.498     1.458    
    SLICE_X9Y33          FDCE (Hold_fdce_C_D)         0.070     1.528    db2/shift_reg[1]
  -------------------------------------------------------------------
                         required time                         -1.528    
                         arrival time                           1.722    
  -------------------------------------------------------------------
                         slack                                  0.194    

Slack (MET) :             0.196ns  (arrival time - required time)
  Source:                 db2/shift_reg[2]/C
                            (rising edge-triggered cell FDCE clocked by sys_clk_pin  {rise@0.000ns fall@5.000ns period=10.000ns})
  Destination:            db2/shift_reg[3]/D
                            (rising edge-triggered cell FDCE clocked by sys_clk_pin  {rise@0.000ns fall@5.000ns period=10.000ns})
  Path Group:             sys_clk_pin
  Path Type:              Hold (Min at Fast Process Corner)
  Requirement:            0.000ns  (sys_clk_pin rise@0.000ns - sys_clk_pin rise@0.000ns)
  Data Path Delay:        0.269ns  (logic 0.141ns (52.485%)  route 0.128ns (47.515%))
  Logic Levels:           0  
  Clock Path Skew:        0.013ns (DCD - SCD - CPR)
    Destination Clock Delay (DCD):    1.956ns
    Source Clock Delay      (SCD):    1.444ns
    Clock Pessimism Removal (CPR):    0.499ns

    Location             Delay type                Incr(ns)  Path(ns)    Netlist Resource(s)
  -------------------------------------------------------------------    -------------------
                         (clock sys_clk_pin rise edge)
                                                      0.000     0.000 r  
    W5                                                0.000     0.000 r  clk (IN)
                         net (fo=0)                   0.000     0.000    clk
    W5                   IBUF (Prop_ibuf_I_O)         0.226     0.226 r  clk_IBUF_inst/O
                         net (fo=1, routed)           0.631     0.858    clk_IBUF
    BUFGCTRL_X0Y0        BUFG (Prop_bufg_I_O)         0.026     0.884 r  clk_IBUF_BUFG_inst/O
                         net (fo=2184, routed)        0.561     1.444    db2/CLK
    SLICE_X9Y33          FDCE                                         r  db2/shift_reg[2]/C
  -------------------------------------------------------------------    -------------------
    SLICE_X9Y33          FDCE (Prop_fdce_C_Q)         0.141     1.585 r  db2/shift_reg[2]/Q
                         net (fo=2, routed)           0.128     1.713    db2/shift_reg_n_0_[2]
    SLICE_X8Y33          FDCE                                         r  db2/shift_reg[3]/D
  -------------------------------------------------------------------    -------------------

                         (clock sys_clk_pin rise edge)
                                                      0.000     0.000 r  
    W5                                                0.000     0.000 r  clk (IN)
                         net (fo=0)                   0.000     0.000    clk
    W5                   IBUF (Prop_ibuf_I_O)         0.414     0.414 r  clk_IBUF_inst/O
                         net (fo=1, routed)           0.685     1.099    clk_IBUF
    BUFGCTRL_X0Y0        BUFG (Prop_bufg_I_O)         0.029     1.128 r  clk_IBUF_BUFG_inst/O
                         net (fo=2184, routed)        0.829     1.956    db2/CLK
    SLICE_X8Y33          FDCE                                         r  db2/shift_reg[3]/C
                         clock pessimism             -0.499     1.457    
    SLICE_X8Y33          FDCE (Hold_fdce_C_D)         0.060     1.517    db2/shift_reg[3]
  -------------------------------------------------------------------
                         required time                         -1.517    
                         arrival time                           1.713    
  -------------------------------------------------------------------
                         slack                                  0.196    

Slack (MET) :             0.196ns  (arrival time - required time)
  Source:                 db0/shift_reg[3]/C
                            (rising edge-triggered cell FDCE clocked by sys_clk_pin  {rise@0.000ns fall@5.000ns period=10.000ns})
  Destination:            db0/shift_reg[4]/D
                            (rising edge-triggered cell FDCE clocked by sys_clk_pin  {rise@0.000ns fall@5.000ns period=10.000ns})
  Path Group:             sys_clk_pin
  Path Type:              Hold (Min at Fast Process Corner)
  Requirement:            0.000ns  (sys_clk_pin rise@0.000ns - sys_clk_pin rise@0.000ns)
  Data Path Delay:        0.268ns  (logic 0.141ns (52.559%)  route 0.127ns (47.441%))
  Logic Levels:           0  
  Clock Path Skew:        0.013ns (DCD - SCD - CPR)
    Destination Clock Delay (DCD):    1.956ns
    Source Clock Delay      (SCD):    1.444ns
    Clock Pessimism Removal (CPR):    0.499ns

    Location             Delay type                Incr(ns)  Path(ns)    Netlist Resource(s)
  -------------------------------------------------------------------    -------------------
                         (clock sys_clk_pin rise edge)
                                                      0.000     0.000 r  
    W5                                                0.000     0.000 r  clk (IN)
                         net (fo=0)                   0.000     0.000    clk
    W5                   IBUF (Prop_ibuf_I_O)         0.226     0.226 r  clk_IBUF_inst/O
                         net (fo=1, routed)           0.631     0.858    clk_IBUF
    BUFGCTRL_X0Y0        BUFG (Prop_bufg_I_O)         0.026     0.884 r  clk_IBUF_BUFG_inst/O
                         net (fo=2184, routed)        0.561     1.444    db0/CLK
    SLICE_X15Y33         FDCE                                         r  db0/shift_reg[3]/C
  -------------------------------------------------------------------    -------------------
    SLICE_X15Y33         FDCE (Prop_fdce_C_Q)         0.141     1.585 r  db0/shift_reg[3]/Q
                         net (fo=2, routed)           0.127     1.712    db0/shift[3]
    SLICE_X14Y33         FDCE                                         r  db0/shift_reg[4]/D
  -------------------------------------------------------------------    -------------------

                         (clock sys_clk_pin rise edge)
                                                      0.000     0.000 r  
    W5                                                0.000     0.000 r  clk (IN)
                         net (fo=0)                   0.000     0.000    clk
    W5                   IBUF (Prop_ibuf_I_O)         0.414     0.414 r  clk_IBUF_inst/O
                         net (fo=1, routed)           0.685     1.099    clk_IBUF
    BUFGCTRL_X0Y0        BUFG (Prop_bufg_I_O)         0.029     1.128 r  clk_IBUF_BUFG_inst/O
                         net (fo=2184, routed)        0.829     1.956    db0/CLK
    SLICE_X14Y33         FDCE                                         r  db0/shift_reg[4]/C
                         clock pessimism             -0.499     1.457    
    SLICE_X14Y33         FDCE (Hold_fdce_C_D)         0.059     1.516    db0/shift_reg[4]
  -------------------------------------------------------------------
                         required time                         -1.516    
                         arrival time                           1.712    
  -------------------------------------------------------------------
                         slack                                  0.196    

Slack (MET) :             0.196ns  (arrival time - required time)
  Source:                 db2/shift_reg[16]/C
                            (rising edge-triggered cell FDCE clocked by sys_clk_pin  {rise@0.000ns fall@5.000ns period=10.000ns})
  Destination:            db2/shift_reg[17]/D
                            (rising edge-triggered cell FDCE clocked by sys_clk_pin  {rise@0.000ns fall@5.000ns period=10.000ns})
  Path Group:             sys_clk_pin
  Path Type:              Hold (Min at Fast Process Corner)
  Requirement:            0.000ns  (sys_clk_pin rise@0.000ns - sys_clk_pin rise@0.000ns)
  Data Path Delay:        0.268ns  (logic 0.141ns (52.559%)  route 0.127ns (47.441%))
  Logic Levels:           0  
  Clock Path Skew:        0.013ns (DCD - SCD - CPR)
    Destination Clock Delay (DCD):    1.957ns
    Source Clock Delay      (SCD):    1.445ns
    Clock Pessimism Removal (CPR):    0.499ns

    Location             Delay type                Incr(ns)  Path(ns)    Netlist Resource(s)
  -------------------------------------------------------------------    -------------------
                         (clock sys_clk_pin rise edge)
                                                      0.000     0.000 r  
    W5                                                0.000     0.000 r  clk (IN)
                         net (fo=0)                   0.000     0.000    clk
    W5                   IBUF (Prop_ibuf_I_O)         0.226     0.226 r  clk_IBUF_inst/O
                         net (fo=1, routed)           0.631     0.858    clk_IBUF
    BUFGCTRL_X0Y0        BUFG (Prop_bufg_I_O)         0.026     0.884 r  clk_IBUF_BUFG_inst/O
                         net (fo=2184, routed)        0.562     1.445    db2/CLK
    SLICE_X9Y34          FDCE                                         r  db2/shift_reg[16]/C
  -------------------------------------------------------------------    -------------------
    SLICE_X9Y34          FDCE (Prop_fdce_C_Q)         0.141     1.586 r  db2/shift_reg[16]/Q
                         net (fo=2, routed)           0.127     1.713    db2/shift_reg_n_0_[16]
    SLICE_X8Y34          FDCE                                         r  db2/shift_reg[17]/D
  -------------------------------------------------------------------    -------------------

                         (clock sys_clk_pin rise edge)
                                                      0.000     0.000 r  
    W5                                                0.000     0.000 r  clk (IN)
                         net (fo=0)                   0.000     0.000    clk
    W5                   IBUF (Prop_ibuf_I_O)         0.414     0.414 r  clk_IBUF_inst/O
                         net (fo=1, routed)           0.685     1.099    clk_IBUF
    BUFGCTRL_X0Y0        BUFG (Prop_bufg_I_O)         0.029     1.128 r  clk_IBUF_BUFG_inst/O
                         net (fo=2184, routed)        0.830     1.957    db2/CLK
    SLICE_X8Y34          FDCE                                         r  db2/shift_reg[17]/C
                         clock pessimism             -0.499     1.458    
    SLICE_X8Y34          FDCE (Hold_fdce_C_D)         0.059     1.517    db2/shift_reg[17]
  -------------------------------------------------------------------
                         required time                         -1.517    
                         arrival time                           1.713    
  -------------------------------------------------------------------
                         slack                                  0.196    





Pulse Width Checks
--------------------------------------------------------------------------------------
Clock Name:         sys_clk_pin
Waveform(ns):       { 0.000 5.000 }
Period(ns):         10.000
Sources:            { clk }

Check Type        Corner  Lib Pin  Reference Pin  Required(ns)  Actual(ns)  Slack(ns)  Location       Pin
Min Period        n/a     BUFG/I   n/a            2.155         10.000      7.845      BUFGCTRL_X0Y0  clk_IBUF_BUFG_inst/I
Min Period        n/a     FDCE/C   n/a            1.000         10.000      9.000      SLICE_X13Y33   db0/btn_out_reg/C
Min Period        n/a     FDCE/C   n/a            1.000         10.000      9.000      SLICE_X9Y32    db0/shift_reg[0]/C
Min Period        n/a     FDCE/C   n/a            1.000         10.000      9.000      SLICE_X13Y32   db0/shift_reg[10]/C
Min Period        n/a     FDCE/C   n/a            1.000         10.000      9.000      SLICE_X13Y32   db0/shift_reg[11]/C
Min Period        n/a     FDCE/C   n/a            1.000         10.000      9.000      SLICE_X13Y32   db0/shift_reg[12]/C
Min Period        n/a     FDCE/C   n/a            1.000         10.000      9.000      SLICE_X13Y32   db0/shift_reg[13]/C
Min Period        n/a     FDCE/C   n/a            1.000         10.000      9.000      SLICE_X12Y32   db0/shift_reg[14]/C
Min Period        n/a     FDCE/C   n/a            1.000         10.000      9.000      SLICE_X12Y32   db0/shift_reg[15]/C
Min Period        n/a     FDCE/C   n/a            1.000         10.000      9.000      SLICE_X12Y32   db0/shift_reg[16]/C
Low Pulse Width   Slow    FDRE/C   n/a            0.500         5.000       4.500      SLICE_X1Y61    mem_sys/dmem/mem_reg[189][5]/C
Low Pulse Width   Slow    FDRE/C   n/a            0.500         5.000       4.500      SLICE_X1Y61    mem_sys/dmem/mem_reg[189][6]/C
Low Pulse Width   Slow    FDRE/C   n/a            0.500         5.000       4.500      SLICE_X32Y44   mem_sys/dmem/mem_reg[18][2]/C
Low Pulse Width   Slow    FDRE/C   n/a            0.500         5.000       4.500      SLICE_X36Y46   mem_sys/dmem/mem_reg[18][3]/C
Low Pulse Width   Slow    FDRE/C   n/a            0.500         5.000       4.500      SLICE_X36Y46   mem_sys/dmem/mem_reg[18][4]/C
Low Pulse Width   Slow    FDRE/C   n/a            0.500         5.000       4.500      SLICE_X32Y44   mem_sys/dmem/mem_reg[18][5]/C
Low Pulse Width   Slow    FDRE/C   n/a            0.500         5.000       4.500      SLICE_X36Y46   mem_sys/dmem/mem_reg[18][6]/C
Low Pulse Width   Slow    FDRE/C   n/a            0.500         5.000       4.500      SLICE_X32Y44   mem_sys/dmem/mem_reg[18][7]/C
Low Pulse Width   Slow    FDRE/C   n/a            0.500         5.000       4.500      SLICE_X42Y69   mem_sys/dmem/mem_reg[226][4]/C
Low Pulse Width   Slow    FDRE/C   n/a            0.500         5.000       4.500      SLICE_X39Y45   mem_sys/dmem/mem_reg[2][7]/C
High Pulse Width  Fast    FDCE/C   n/a            0.500         5.000       4.500      SLICE_X13Y33   db0/btn_out_reg/C
High Pulse Width  Slow    FDRE/C   n/a            0.500         5.000       4.500      SLICE_X44Y56   mem_sys/dmem/mem_reg[115][2]/C
High Pulse Width  Slow    FDRE/C   n/a            0.500         5.000       4.500      SLICE_X44Y56   mem_sys/dmem/mem_reg[115][3]/C
High Pulse Width  Slow    FDRE/C   n/a            0.500         5.000       4.500      SLICE_X44Y56   mem_sys/dmem/mem_reg[115][4]/C
High Pulse Width  Slow    FDRE/C   n/a            0.500         5.000       4.500      SLICE_X46Y53   mem_sys/dmem/mem_reg[115][5]/C
High Pulse Width  Slow    FDRE/C   n/a            0.500         5.000       4.500      SLICE_X37Y56   mem_sys/dmem/mem_reg[115][7]/C
High Pulse Width  Slow    FDRE/C   n/a            0.500         5.000       4.500      SLICE_X31Y56   mem_sys/dmem/mem_reg[116][0]/C
High Pulse Width  Slow    FDRE/C   n/a            0.500         5.000       4.500      SLICE_X31Y56   mem_sys/dmem/mem_reg[116][1]/C
High Pulse Width  Slow    FDRE/C   n/a            0.500         5.000       4.500      SLICE_X44Y57   mem_sys/dmem/mem_reg[116][2]/C
High Pulse Width  Slow    FDRE/C   n/a            0.500         5.000       4.500      SLICE_X44Y55   mem_sys/dmem/mem_reg[116][3]/C



