Copyright 1986-2020 Xilinx, Inc. All Rights Reserved.
------------------------------------------------------------------------------------
| Tool Version : Vivado v.2020.1 (win64) Build 2902540 Wed May 27 19:54:49 MDT 2020
| Date         : Mon Mar 16 15:43:28 2026
| Host         : HU-DOPX-ML26 running 64-bit major release  (build 9200)
| Command      : report_control_sets -verbose -file FPGATop_control_sets_placed.rpt
| Design       : FPGATop
| Device       : xc7a35t
------------------------------------------------------------------------------------

Control Set Information

Table of Contents
-----------------
1. Summary
2. Histogram
3. Flip-Flop Distribution
4. Detailed Control Set Information

1. Summary
----------

+----------------------------------------------------------+-------+
|                          Status                          | Count |
+----------------------------------------------------------+-------+
| Total control sets                                       |   260 |
|    Minimum number of control sets                        |   260 |
|    Addition due to synthesis replication                 |     0 |
|    Addition due to physical synthesis replication        |     0 |
| Unused register locations in slices containing registers |     0 |
+----------------------------------------------------------+-------+
* Control sets can be merged at opt_design using control_set_merge or merge_equivalent_drivers
** Run report_qor_suggestions for automated merging and remapping suggestions


2. Histogram
------------

+--------------------+-------+
|       Fanout       | Count |
+--------------------+-------+
| Total control sets |   260 |
| >= 0 to < 4        |     0 |
| >= 4 to < 6        |     0 |
| >= 6 to < 8        |     0 |
| >= 8 to < 10       |   257 |
| >= 10 to < 12      |     0 |
| >= 12 to < 14      |     0 |
| >= 14 to < 16      |     0 |
| >= 16              |     3 |
+--------------------+-------+
* Control sets can be remapped at either synth_design or opt_design


3. Flip-Flop Distribution
-------------------------

+--------------+-----------------------+------------------------+-----------------+--------------+
| Clock Enable | Synchronous Set/Reset | Asynchronous Set/Reset | Total Registers | Total Slices |
+--------------+-----------------------+------------------------+-----------------+--------------+
| No           | No                    | No                     |               0 |            0 |
| No           | No                    | Yes                    |              96 |           28 |
| No           | Yes                   | No                     |               0 |            0 |
| Yes          | No                    | No                     |            2056 |         1078 |
| Yes          | No                    | Yes                    |              32 |           11 |
| Yes          | Yes                   | No                     |               0 |            0 |
+--------------+-----------------------+------------------------+-----------------+--------------+


4. Detailed Control Set Information
-----------------------------------

+----------------+------------------------------------------+------------------+------------------+----------------+--------------+
|  Clock Signal  |               Enable Signal              | Set/Reset Signal | Slice Load Count | Bel Load Count | Bels / Slice |
+----------------+------------------------------------------+------------------+------------------+----------------+--------------+
|  clk_IBUF_BUFG | fsm/FSM_onehot_state_reg[2]_107[0]       |                  |                2 |              8 |         4.00 |
|  clk_IBUF_BUFG | fsm/FSM_onehot_state_reg[3]_12[0]        |                  |                3 |              8 |         2.67 |
|  clk_IBUF_BUFG | fsm/FSM_onehot_state_reg[3]_18[0]        |                  |                5 |              8 |         1.60 |
|  clk_IBUF_BUFG | fsm/FSM_onehot_state_reg[3]_2[0]         |                  |                5 |              8 |         1.60 |
|  clk_IBUF_BUFG | fsm/FSM_onehot_state_reg[3]_21[0]        |                  |                4 |              8 |         2.00 |
|  clk_IBUF_BUFG | fsm/FSM_onehot_state_reg[3]_11[0]        |                  |                5 |              8 |         1.60 |
|  clk_IBUF_BUFG | fsm/FSM_onehot_state_reg[3]_17[0]        |                  |                3 |              8 |         2.67 |
|  clk_IBUF_BUFG | fsm/FSM_onehot_state_reg[3]_19[0]        |                  |                5 |              8 |         1.60 |
|  clk_IBUF_BUFG | fsm/FSM_onehot_state_reg[3]_14[0]        |                  |                3 |              8 |         2.67 |
|  clk_IBUF_BUFG | fsm/FSM_onehot_state_reg[3]_13[0]        |                  |                4 |              8 |         2.00 |
|  clk_IBUF_BUFG | fsm/FSM_onehot_state_reg[3]_15[0]        |                  |                6 |              8 |         1.33 |
|  clk_IBUF_BUFG | fsm/FSM_onehot_state_reg[3]_16[0]        |                  |                2 |              8 |         4.00 |
|  clk_IBUF_BUFG | fsm/FSM_onehot_state_reg[3]_20[0]        |                  |                5 |              8 |         1.60 |
|  clk_IBUF_BUFG | fsm/FSM_onehot_state_reg[3]_22[0]        |                  |                4 |              8 |         2.00 |
|  clk_IBUF_BUFG | fsm/FSM_onehot_state_reg[3]_24[0]        |                  |                5 |              8 |         1.60 |
|  clk_IBUF_BUFG | fsm/FSM_onehot_state_reg[3]_25[0]        |                  |                3 |              8 |         2.67 |
|  clk_IBUF_BUFG | fsm/FSM_onehot_state_reg[3]_26[0]        |                  |                6 |              8 |         1.33 |
|  clk_IBUF_BUFG | fsm/FSM_onehot_state_reg[3]_28[0]        |                  |                6 |              8 |         1.33 |
|  clk_IBUF_BUFG | fsm/FSM_onehot_state_reg[3]_29[0]        |                  |                2 |              8 |         4.00 |
|  clk_IBUF_BUFG | fsm/FSM_onehot_state_reg[3]_27[0]        |                  |                2 |              8 |         4.00 |
|  clk_IBUF_BUFG | fsm/FSM_onehot_state_reg[3]_23[0]        |                  |                4 |              8 |         2.00 |
|  clk_IBUF_BUFG | fsm/FSM_onehot_state_reg[3]_30[0]        |                  |                3 |              8 |         2.67 |
|  clk_IBUF_BUFG | fsm/FSM_onehot_state_reg[3]_31[0]        |                  |                4 |              8 |         2.00 |
|  clk_IBUF_BUFG | fsm/FSM_onehot_state_reg[3]_32[0]        |                  |                3 |              8 |         2.67 |
|  clk_IBUF_BUFG | fsm/FSM_onehot_state_reg[3]_34[0]        |                  |                2 |              8 |         4.00 |
|  clk_IBUF_BUFG | fsm/FSM_onehot_state_reg[3]_33[0]        |                  |                7 |              8 |         1.14 |
|  clk_IBUF_BUFG | fsm/FSM_onehot_state_reg[3]_10[0]        |                  |                3 |              8 |         2.67 |
|  clk_IBUF_BUFG | fsm/FSM_onehot_state_reg[2]_0[0]         |                  |                5 |              8 |         1.60 |
|  clk_IBUF_BUFG | fsm/FSM_onehot_state_reg[2]_110[0]       |                  |                4 |              8 |         2.00 |
|  clk_IBUF_BUFG | fsm/FSM_onehot_state_reg[2]_102[0]       |                  |                8 |              8 |         1.00 |
|  clk_IBUF_BUFG | fsm/FSM_onehot_state_reg[2]_16[0]        |                  |                4 |              8 |         2.00 |
|  clk_IBUF_BUFG | fsm/FSM_onehot_state_reg[2]_105[0]       |                  |                3 |              8 |         2.67 |
|  clk_IBUF_BUFG | fsm/FSM_onehot_state_reg[2]_49[0]        |                  |                3 |              8 |         2.67 |
|  clk_IBUF_BUFG | fsm/FSM_onehot_state_reg[2]_111[0]       |                  |                3 |              8 |         2.67 |
|  clk_IBUF_BUFG | fsm/FSM_onehot_state_reg[2]_101[0]       |                  |                8 |              8 |         1.00 |
|  clk_IBUF_BUFG | fsm/FSM_onehot_state_reg[2]_112[0]       |                  |                8 |              8 |         1.00 |
|  clk_IBUF_BUFG | fsm/FSM_onehot_state_reg[2]_113[0]       |                  |                8 |              8 |         1.00 |
|  clk_IBUF_BUFG | fsm/FSM_onehot_state_reg[2]_114[0]       |                  |                7 |              8 |         1.14 |
|  clk_IBUF_BUFG | fsm/FSM_onehot_state_reg[2]_103[0]       |                  |                7 |              8 |         1.14 |
|  clk_IBUF_BUFG | fsm/FSM_onehot_state_reg[2]_109[0]       |                  |                5 |              8 |         1.60 |
|  clk_IBUF_BUFG | fsm/FSM_onehot_state_reg[2]_100[0]       |                  |                6 |              8 |         1.33 |
|  clk_IBUF_BUFG | fsm/FSM_onehot_state_reg[2]_108[0]       |                  |                8 |              8 |         1.00 |
|  clk_IBUF_BUFG | fsm/FSM_onehot_state_reg[2]_106[0]       |                  |                8 |              8 |         1.00 |
|  clk_IBUF_BUFG | fsm/FSM_onehot_state_reg[2]_104[0]       |                  |                8 |              8 |         1.00 |
|  clk_IBUF_BUFG | fsm/FSM_onehot_state_reg[2]_23[0]        |                  |                4 |              8 |         2.00 |
|  clk_IBUF_BUFG | fsm/FSM_onehot_state_reg[2]_34[0]        |                  |                4 |              8 |         2.00 |
|  clk_IBUF_BUFG | fsm/FSM_onehot_state_reg[2]_51[0]        |                  |                4 |              8 |         2.00 |
|  clk_IBUF_BUFG | fsm/FSM_onehot_state_reg[2]_52[0]        |                  |                8 |              8 |         1.00 |
|  clk_IBUF_BUFG | fsm/FSM_onehot_state_reg[2]_20[0]        |                  |                3 |              8 |         2.67 |
|  clk_IBUF_BUFG | fsm/FSM_onehot_state_reg[2]_43[0]        |                  |                3 |              8 |         2.67 |
|  clk_IBUF_BUFG | fsm/FSM_onehot_state_reg[2]_21[0]        |                  |                3 |              8 |         2.67 |
|  clk_IBUF_BUFG | fsm/FSM_onehot_state_reg[2]_48[0]        |                  |                8 |              8 |         1.00 |
|  clk_IBUF_BUFG | fsm/FSM_onehot_state_reg[2]_40[0]        |                  |                6 |              8 |         1.33 |
|  clk_IBUF_BUFG | fsm/FSM_onehot_state_reg[2]_36[0]        |                  |                5 |              8 |         1.60 |
|  clk_IBUF_BUFG | fsm/FSM_onehot_state_reg[2]_37[0]        |                  |                3 |              8 |         2.67 |
|  clk_IBUF_BUFG | fsm/FSM_onehot_state_reg[2]_30[0]        |                  |                3 |              8 |         2.67 |
|  clk_IBUF_BUFG | fsm/FSM_onehot_state_reg[2]_35[0]        |                  |                5 |              8 |         1.60 |
|  clk_IBUF_BUFG | fsm/FSM_onehot_state_reg[2]_47[0]        |                  |                3 |              8 |         2.67 |
|  clk_IBUF_BUFG | fsm/FSM_onehot_state_reg[2]_39[0]        |                  |                3 |              8 |         2.67 |
|  clk_IBUF_BUFG | fsm/FSM_onehot_state_reg[2]_50[0]        |                  |                7 |              8 |         1.14 |
|  clk_IBUF_BUFG | fsm/FSM_onehot_state_reg[2]_26[0]        |                  |                7 |              8 |         1.14 |
|  clk_IBUF_BUFG | fsm/FSM_onehot_state_reg[2]_33[0]        |                  |                3 |              8 |         2.67 |
|  clk_IBUF_BUFG | fsm/FSM_onehot_state_reg[2]_44[0]        |                  |                3 |              8 |         2.67 |
|  clk_IBUF_BUFG | fsm/FSM_onehot_state_reg[2]_32[0]        |                  |                6 |              8 |         1.33 |
|  clk_IBUF_BUFG | fsm/sw[7]_4[0]                           |                  |                4 |              8 |         2.00 |
|  clk_IBUF_BUFG | fsm/FSM_onehot_state_reg[2]_27[0]        |                  |                4 |              8 |         2.00 |
|  clk_IBUF_BUFG | fsm/FSM_onehot_state_reg[2]_41[0]        |                  |                3 |              8 |         2.67 |
|  clk_IBUF_BUFG | fsm/FSM_onehot_state_reg[2]_19[0]        |                  |                4 |              8 |         2.00 |
|  clk_IBUF_BUFG | fsm/FSM_onehot_state_reg[2]_22[0]        |                  |                4 |              8 |         2.00 |
|  clk_IBUF_BUFG | fsm/FSM_onehot_state_reg[2]_28[0]        |                  |                4 |              8 |         2.00 |
|  clk_IBUF_BUFG | fsm/FSM_onehot_state_reg[2]_31[0]        |                  |                3 |              8 |         2.67 |
|  clk_IBUF_BUFG | fsm/FSM_onehot_state_reg[2]_70[0]        |                  |                3 |              8 |         2.67 |
|  clk_IBUF_BUFG | fsm/FSM_onehot_state_reg[2]_71[0]        |                  |                5 |              8 |         1.60 |
|  clk_IBUF_BUFG | fsm/FSM_onehot_state_reg[2]_72[0]        |                  |                6 |              8 |         1.33 |
|  clk_IBUF_BUFG | fsm/FSM_onehot_state_reg[2]_68[0]        |                  |                3 |              8 |         2.67 |
|  clk_IBUF_BUFG | fsm/FSM_onehot_state_reg[2]_54[0]        |                  |                3 |              8 |         2.67 |
|  clk_IBUF_BUFG | fsm/FSM_onehot_state_reg[2]_73[0]        |                  |                7 |              8 |         1.14 |
|  clk_IBUF_BUFG | fsm/FSM_onehot_state_reg[2]_74[0]        |                  |                4 |              8 |         2.00 |
|  clk_IBUF_BUFG | fsm/FSM_onehot_state_reg[2]_75[0]        |                  |                5 |              8 |         1.60 |
|  clk_IBUF_BUFG | fsm/FSM_onehot_state_reg[2]_76[0]        |                  |                4 |              8 |         2.00 |
|  clk_IBUF_BUFG | fsm/FSM_onehot_state_reg[2]_60[0]        |                  |                3 |              8 |         2.67 |
|  clk_IBUF_BUFG | fsm/FSM_onehot_state_reg[2]_61[0]        |                  |                3 |              8 |         2.67 |
|  clk_IBUF_BUFG | fsm/FSM_onehot_state_reg[2]_64[0]        |                  |                3 |              8 |         2.67 |
|  clk_IBUF_BUFG | fsm/FSM_onehot_state_reg[2]_66[0]        |                  |                5 |              8 |         1.60 |
|  clk_IBUF_BUFG | fsm/FSM_onehot_state_reg[2]_62[0]        |                  |                4 |              8 |         2.00 |
|  clk_IBUF_BUFG | fsm/FSM_onehot_state_reg[2]_57[0]        |                  |                4 |              8 |         2.00 |
|  clk_IBUF_BUFG | fsm/FSM_onehot_state_reg[2]_55[0]        |                  |                3 |              8 |         2.67 |
|  clk_IBUF_BUFG | fsm/FSM_onehot_state_reg[2]_65[0]        |                  |                7 |              8 |         1.14 |
|  clk_IBUF_BUFG | fsm/FSM_onehot_state_reg[2]_63[0]        |                  |                3 |              8 |         2.67 |
|  clk_IBUF_BUFG | fsm/FSM_onehot_state_reg[2]_67[0]        |                  |                5 |              8 |         1.60 |
|  clk_IBUF_BUFG | fsm/FSM_onehot_state_reg[2]_69[0]        |                  |                3 |              8 |         2.67 |
|  clk_IBUF_BUFG | fsm/FSM_onehot_state_reg[2]_77[0]        |                  |                4 |              8 |         2.00 |
|  clk_IBUF_BUFG | fsm/FSM_onehot_state_reg[2]_89[0]        |                  |                6 |              8 |         1.33 |
|  clk_IBUF_BUFG | fsm/FSM_onehot_state_reg[2]_79[0]        |                  |                3 |              8 |         2.67 |
|  clk_IBUF_BUFG | fsm/FSM_onehot_state_reg[2]_82[0]        |                  |                3 |              8 |         2.67 |
|  clk_IBUF_BUFG | fsm/FSM_onehot_state_reg[2]_88[0]        |                  |                4 |              8 |         2.00 |
|  clk_IBUF_BUFG | fsm/FSM_onehot_state_reg[2]_80[0]        |                  |                6 |              8 |         1.33 |
|  clk_IBUF_BUFG | fsm/FSM_onehot_state_reg[2]_78[0]        |                  |                2 |              8 |         4.00 |
|  clk_IBUF_BUFG | fsm/FSM_onehot_state_reg[2]_87[0]        |                  |                4 |              8 |         2.00 |
|  clk_IBUF_BUFG | fsm/FSM_onehot_state_reg[2]_97[0]        |                  |                3 |              8 |         2.67 |
|  clk_IBUF_BUFG | fsm/FSM_onehot_state_reg[2]_rep__0_38[0] |                  |                4 |              8 |         2.00 |
|  clk_IBUF_BUFG | fsm/FSM_onehot_state_reg[2]_rep__0_24[0] |                  |                4 |              8 |         2.00 |
|  clk_IBUF_BUFG | fsm/FSM_onehot_state_reg[2]_rep__0_5[0]  |                  |                7 |              8 |         1.14 |
|  clk_IBUF_BUFG | fsm/FSM_onehot_state_reg[2]_rep__0_35[0] |                  |                4 |              8 |         2.00 |
|  clk_IBUF_BUFG | fsm/FSM_onehot_state_reg[2]_rep__0_28[0] |                  |                5 |              8 |         1.60 |
|  clk_IBUF_BUFG | fsm/FSM_onehot_state_reg[2]_rep__0_6[0]  |                  |                5 |              8 |         1.60 |
|  clk_IBUF_BUFG | fsm/FSM_onehot_state_reg[2]_rep__0_9[0]  |                  |                6 |              8 |         1.33 |
|  clk_IBUF_BUFG | fsm/FSM_onehot_state_reg[2]_rep__0_17[0] |                  |                3 |              8 |         2.67 |
|  clk_IBUF_BUFG | fsm/FSM_onehot_state_reg[2]_rep__0_19[0] |                  |                3 |              8 |         2.67 |
|  clk_IBUF_BUFG | fsm/FSM_onehot_state_reg[2]_rep__0_2[0]  |                  |                6 |              8 |         1.33 |
|  clk_IBUF_BUFG | fsm/FSM_onehot_state_reg[2]_rep__0_22[0] |                  |                4 |              8 |         2.00 |
|  clk_IBUF_BUFG | fsm/FSM_onehot_state_reg[2]_rep__0_23[0] |                  |                4 |              8 |         2.00 |
|  clk_IBUF_BUFG | fsm/FSM_onehot_state_reg[2]_rep__0_14[0] |                  |                2 |              8 |         4.00 |
|  clk_IBUF_BUFG | fsm/FSM_onehot_state_reg[2]_rep__0_10[0] |                  |                5 |              8 |         1.60 |
|  clk_IBUF_BUFG | fsm/FSM_onehot_state_reg[2]_rep__0_11[0] |                  |                4 |              8 |         2.00 |
|  clk_IBUF_BUFG | fsm/FSM_onehot_state_reg[2]_rep__0_39[0] |                  |                4 |              8 |         2.00 |
|  clk_IBUF_BUFG | fsm/FSM_onehot_state_reg[2]_rep__0_25[0] |                  |                4 |              8 |         2.00 |
|  clk_IBUF_BUFG | fsm/FSM_onehot_state_reg[2]_rep__0_4[0]  |                  |                5 |              8 |         1.60 |
|  clk_IBUF_BUFG | fsm/FSM_onehot_state_reg[2]_98[0]        |                  |                8 |              8 |         1.00 |
|  clk_IBUF_BUFG | fsm/FSM_onehot_state_reg[2]_rep__0_20[0] |                  |                4 |              8 |         2.00 |
|  clk_IBUF_BUFG | fsm/FSM_onehot_state_reg[2]_rep__0_13[0] |                  |                3 |              8 |         2.67 |
|  clk_IBUF_BUFG | fsm/FSM_onehot_state_reg[2]_rep__0_21[0] |                  |                4 |              8 |         2.00 |
|  clk_IBUF_BUFG | fsm/FSM_onehot_state_reg[2]_rep__0_26[0] |                  |                3 |              8 |         2.67 |
|  clk_IBUF_BUFG | fsm/FSM_onehot_state_reg[2]_rep__0_31[0] |                  |                3 |              8 |         2.67 |
|  clk_IBUF_BUFG | fsm/FSM_onehot_state_reg[2]_rep__0_1[0]  |                  |                6 |              8 |         1.33 |
|  clk_IBUF_BUFG | fsm/FSM_onehot_state_reg[2]_rep__0_34[0] |                  |                4 |              8 |         2.00 |
|  clk_IBUF_BUFG | fsm/FSM_onehot_state_reg[2]_rep__0_36[0] |                  |                3 |              8 |         2.67 |
|  clk_IBUF_BUFG | fsm/FSM_onehot_state_reg[2]_rep__0_7[0]  |                  |                4 |              8 |         2.00 |
|  clk_IBUF_BUFG | fsm/FSM_onehot_state_reg[2]_rep__0_32[0] |                  |                4 |              8 |         2.00 |
|  clk_IBUF_BUFG | fsm/FSM_onehot_state_reg[2]_rep__0_12[0] |                  |                5 |              8 |         1.60 |
|  clk_IBUF_BUFG | fsm/FSM_onehot_state_reg[2]_rep__0_33[0] |                  |                7 |              8 |         1.14 |
|  clk_IBUF_BUFG | fsm/FSM_onehot_state_reg[2]_rep__0_15[0] |                  |                4 |              8 |         2.00 |
|  clk_IBUF_BUFG | fsm/FSM_onehot_state_reg[2]_rep__0_29[0] |                  |                5 |              8 |         1.60 |
|  clk_IBUF_BUFG | fsm/FSM_onehot_state_reg[2]_rep__0_27[0] |                  |                3 |              8 |         2.67 |
|  clk_IBUF_BUFG | fsm/FSM_onehot_state_reg[2]_99[0]        |                  |                8 |              8 |         1.00 |
|  clk_IBUF_BUFG | fsm/FSM_onehot_state_reg[2]_rep__0_18[0] |                  |                3 |              8 |         2.67 |
|  clk_IBUF_BUFG | fsm/FSM_onehot_state_reg[2]_rep__0_16[0] |                  |                3 |              8 |         2.67 |
|  clk_IBUF_BUFG | fsm/FSM_onehot_state_reg[2]_rep__0_30[0] |                  |                5 |              8 |         1.60 |
|  clk_IBUF_BUFG | fsm/FSM_onehot_state_reg[2]_rep__0_3[0]  |                  |                5 |              8 |         1.60 |
|  clk_IBUF_BUFG | fsm/E[0]                                 |                  |                4 |              8 |         2.00 |
|  clk_IBUF_BUFG | fsm/FSM_onehot_state_reg[1]_101[0]       |                  |                3 |              8 |         2.67 |
|  clk_IBUF_BUFG | fsm/FSM_onehot_state_reg[3]_53[0]        |                  |                3 |              8 |         2.67 |
|  clk_IBUF_BUFG | fsm/FSM_onehot_state_reg[3]_42[0]        |                  |                3 |              8 |         2.67 |
|  clk_IBUF_BUFG | fsm/FSM_onehot_state_reg[3]_48[0]        |                  |                4 |              8 |         2.00 |
|  clk_IBUF_BUFG | fsm/FSM_onehot_state_reg[3]_51[0]        |                  |                5 |              8 |         1.60 |
|  clk_IBUF_BUFG | fsm/FSM_onehot_state_reg[3]_43[0]        |                  |                6 |              8 |         1.33 |
|  clk_IBUF_BUFG | fsm/FSM_onehot_state_reg[3]_41[0]        |                  |                3 |              8 |         2.67 |
|  clk_IBUF_BUFG | fsm/FSM_onehot_state_reg[3]_54[0]        |                  |                4 |              8 |         2.00 |
|  clk_IBUF_BUFG | fsm/FSM_onehot_state_reg[3]_49[0]        |                  |                3 |              8 |         2.67 |
|  clk_IBUF_BUFG | fsm/FSM_onehot_state_reg[3]_40[0]        |                  |                3 |              8 |         2.67 |
|  clk_IBUF_BUFG | fsm/FSM_onehot_state_reg[3]_46[0]        |                  |                2 |              8 |         4.00 |
|  clk_IBUF_BUFG | fsm/FSM_onehot_state_reg[3]_47[0]        |                  |                4 |              8 |         2.00 |
|  clk_IBUF_BUFG | fsm/FSM_onehot_state_reg[3]_70[0]        |                  |                3 |              8 |         2.67 |
|  clk_IBUF_BUFG | fsm/FSM_onehot_state_reg[3]_60[0]        |                  |                4 |              8 |         2.00 |
|  clk_IBUF_BUFG | fsm/FSM_onehot_state_reg[3]_58[0]        |                  |                4 |              8 |         2.00 |
|  clk_IBUF_BUFG | fsm/FSM_onehot_state_reg[3]_7[0]         |                  |                3 |              8 |         2.67 |
|  clk_IBUF_BUFG | fsm/FSM_onehot_state_reg[3]_59[0]        |                  |                3 |              8 |         2.67 |
|  clk_IBUF_BUFG | fsm/FSM_onehot_state_reg[3]_57[0]        |                  |                3 |              8 |         2.67 |
|  clk_IBUF_BUFG | fsm/FSM_onehot_state_reg[3]_67[0]        |                  |                5 |              8 |         1.60 |
|  clk_IBUF_BUFG | fsm/FSM_onehot_state_reg[3]_61[0]        |                  |                5 |              8 |         1.60 |
|  clk_IBUF_BUFG | fsm/FSM_onehot_state_reg[3]_69[0]        |                  |                6 |              8 |         1.33 |
|  clk_IBUF_BUFG | fsm/FSM_onehot_state_reg[3]_64[0]        |                  |                4 |              8 |         2.00 |
|  clk_IBUF_BUFG | fsm/FSM_onehot_state_reg[3]_65[0]        |                  |                3 |              8 |         2.67 |
|  clk_IBUF_BUFG | fsm/FSM_onehot_state_reg[3]_62[0]        |                  |                4 |              8 |         2.00 |
|  clk_IBUF_BUFG | fsm/FSM_onehot_state_reg[3]_84[0]        |                  |                3 |              8 |         2.67 |
|  clk_IBUF_BUFG | fsm/FSM_onehot_state_reg[3]_85[0]        |                  |                2 |              8 |         4.00 |
|  clk_IBUF_BUFG | fsm/FSM_onehot_state_reg[3]_86[0]        |                  |                4 |              8 |         2.00 |
|  clk_IBUF_BUFG | fsm/FSM_onehot_state_reg[3]_79[0]        |                  |                5 |              8 |         1.60 |
|  clk_IBUF_BUFG | fsm/FSM_onehot_state_reg[3]_75[0]        |                  |                4 |              8 |         2.00 |
|  clk_IBUF_BUFG | fsm/FSM_onehot_state_reg[3]_73[0]        |                  |                5 |              8 |         1.60 |
|  clk_IBUF_BUFG | fsm/FSM_onehot_state_reg[3]_8[0]         |                  |                6 |              8 |         1.33 |
|  clk_IBUF_BUFG | fsm/FSM_onehot_state_reg[3]_83[0]        |                  |                5 |              8 |         1.60 |
|  clk_IBUF_BUFG | fsm/FSM_onehot_state_reg[3]_81[0]        |                  |                5 |              8 |         1.60 |
|  clk_IBUF_BUFG | fsm/FSM_onehot_state_reg[3]_80[0]        |                  |                3 |              8 |         2.67 |
|  clk_IBUF_BUFG | fsm/FSM_onehot_state_reg[3]_87[0]        |                  |                5 |              8 |         1.60 |
|  clk_IBUF_BUFG | fsm/FSM_onehot_state_reg[3]_9[0]         |                  |                3 |              8 |         2.67 |
|  clk_IBUF_BUFG | fsm/FSM_onehot_state_reg[3]_96[0]        |                  |                5 |              8 |         1.60 |
|  clk_IBUF_BUFG | fsm/FSM_onehot_state_reg[3]_97[0]        |                  |                4 |              8 |         2.00 |
|  clk_IBUF_BUFG | fsm/FSM_onehot_state_reg[3]_98[0]        |                  |                5 |              8 |         1.60 |
|  clk_IBUF_BUFG | fsm/FSM_onehot_state_reg[4]_0[0]         |                  |                4 |              8 |         2.00 |
|  clk_IBUF_BUFG | fsm/FSM_onehot_state_reg[4]_1[0]         |                  |                4 |              8 |         2.00 |
|  clk_IBUF_BUFG | fsm/FSM_onehot_state_reg[4]_33[0]        |                  |                3 |              8 |         2.67 |
|  clk_IBUF_BUFG | fsm/FSM_onehot_state_reg[4]_21[0]        |                  |                4 |              8 |         2.00 |
|  clk_IBUF_BUFG | fsm/FSM_onehot_state_reg[4]_12[0]        |                  |                2 |              8 |         4.00 |
|  clk_IBUF_BUFG | fsm/FSM_onehot_state_reg[4]_13[0]        |                  |                4 |              8 |         2.00 |
|  clk_IBUF_BUFG | fsm/FSM_onehot_state_reg[4]_34[0]        |                  |                7 |              8 |         1.14 |
|  clk_IBUF_BUFG | fsm/FSM_onehot_state_reg[4]_5[0]         |                  |                6 |              8 |         1.33 |
|  clk_IBUF_BUFG | fsm/FSM_onehot_state_reg[4]_50[0]        |                  |                5 |              8 |         1.60 |
|  clk_IBUF_BUFG | fsm/FSM_onehot_state_reg[4]_25[0]        |                  |                2 |              8 |         4.00 |
|  clk_IBUF_BUFG | fsm/FSM_onehot_state_reg[4]_43[0]        |                  |                5 |              8 |         1.60 |
|  clk_IBUF_BUFG | fsm/FSM_onehot_state_reg[4]_16[0]        |                  |                2 |              8 |         4.00 |
|  clk_IBUF_BUFG | fsm/FSM_onehot_state_reg[4]_31[0]        |                  |                3 |              8 |         2.67 |
|  clk_IBUF_BUFG | fsm/FSM_onehot_state_reg[4]_38[0]        |                  |                5 |              8 |         1.60 |
|  clk_IBUF_BUFG | fsm/FSM_onehot_state_reg[4]_10[0]        |                  |                3 |              8 |         2.67 |
|  clk_IBUF_BUFG | fsm/FSM_onehot_state_reg[4]_41[0]        |                  |                3 |              8 |         2.67 |
|  clk_IBUF_BUFG | fsm/FSM_onehot_state_reg[4]_19[0]        |                  |                4 |              8 |         2.00 |
|  clk_IBUF_BUFG | fsm/FSM_onehot_state_reg[4]_42[0]        |                  |                3 |              8 |         2.67 |
|  clk_IBUF_BUFG | fsm/FSM_onehot_state_reg[4]_45[0]        |                  |                4 |              8 |         2.00 |
|  clk_IBUF_BUFG | fsm/FSM_onehot_state_reg[4]_37[0]        |                  |                3 |              8 |         2.67 |
|  clk_IBUF_BUFG | fsm/FSM_onehot_state_reg[4]_40[0]        |                  |                5 |              8 |         1.60 |
|  clk_IBUF_BUFG | fsm/FSM_onehot_state_reg[4]_14[0]        |                  |                3 |              8 |         2.67 |
|  clk_IBUF_BUFG | fsm/FSM_onehot_state_reg[4]_44[0]        |                  |                6 |              8 |         1.33 |
|  clk_IBUF_BUFG | fsm/FSM_onehot_state_reg[4]_39[0]        |                  |                4 |              8 |         2.00 |
|  clk_IBUF_BUFG | fsm/FSM_onehot_state_reg[4]_2[0]         |                  |                4 |              8 |         2.00 |
|  clk_IBUF_BUFG | fsm/FSM_onehot_state_reg[4]_11[0]        |                  |                3 |              8 |         2.67 |
|  clk_IBUF_BUFG | fsm/FSM_onehot_state_reg[4]_17[0]        |                  |                3 |              8 |         2.67 |
|  clk_IBUF_BUFG | fsm/FSM_onehot_state_reg[4]_22[0]        |                  |                5 |              8 |         1.60 |
|  clk_IBUF_BUFG | fsm/FSM_onehot_state_reg[4]_3[0]         |                  |                4 |              8 |         2.00 |
|  clk_IBUF_BUFG | fsm/FSM_onehot_state_reg[4]_27[0]        |                  |                3 |              8 |         2.67 |
|  clk_IBUF_BUFG | fsm/FSM_onehot_state_reg[4]_32[0]        |                  |                4 |              8 |         2.00 |
|  clk_IBUF_BUFG | fsm/FSM_onehot_state_reg[4]_35[0]        |                  |                3 |              8 |         2.67 |
|  clk_IBUF_BUFG | fsm/FSM_onehot_state_reg[4]_46[0]        |                  |                4 |              8 |         2.00 |
|  clk_IBUF_BUFG | fsm/FSM_onehot_state_reg[4]_49[0]        |                  |                5 |              8 |         1.60 |
|  clk_IBUF_BUFG | fsm/FSM_onehot_state_reg[4]_4[0]         |                  |                3 |              8 |         2.67 |
|  clk_IBUF_BUFG | fsm/FSM_onehot_state_reg[4]_23[0]        |                  |                4 |              8 |         2.00 |
|  clk_IBUF_BUFG | fsm/FSM_onehot_state_reg[4]_15[0]        |                  |                6 |              8 |         1.33 |
|  clk_IBUF_BUFG | fsm/FSM_onehot_state_reg[4]_28[0]        |                  |                4 |              8 |         2.00 |
|  clk_IBUF_BUFG | fsm/FSM_onehot_state_reg[4]_29[0]        |                  |                2 |              8 |         4.00 |
|  clk_IBUF_BUFG | fsm/FSM_onehot_state_reg[4]_24[0]        |                  |                3 |              8 |         2.67 |
|  clk_IBUF_BUFG | fsm/FSM_onehot_state_reg[4]_30[0]        |                  |                7 |              8 |         1.14 |
|  clk_IBUF_BUFG | fsm/FSM_onehot_state_reg[4]_18[0]        |                  |                3 |              8 |         2.67 |
|  clk_IBUF_BUFG | fsm/FSM_onehot_state_reg[4]_20[0]        |                  |                3 |              8 |         2.67 |
|  clk_IBUF_BUFG | fsm/FSM_onehot_state_reg[4]_36[0]        |                  |                5 |              8 |         1.60 |
|  clk_IBUF_BUFG | fsm/FSM_onehot_state_reg[4]_47[0]        |                  |                4 |              8 |         2.00 |
|  clk_IBUF_BUFG | fsm/FSM_onehot_state_reg[4]_26[0]        |                  |                4 |              8 |         2.00 |
|  clk_IBUF_BUFG | fsm/sw[2]_1[0]                           |                  |                4 |              8 |         2.00 |
|  clk_IBUF_BUFG | fsm/sw[3]_8[0]                           |                  |                5 |              8 |         1.60 |
|  clk_IBUF_BUFG | fsm/sw[3]_3[0]                           |                  |                4 |              8 |         2.00 |
|  clk_IBUF_BUFG | fsm/sw[3]_4[0]                           |                  |                4 |              8 |         2.00 |
|  clk_IBUF_BUFG | fsm/sw[3]_9[0]                           |                  |                4 |              8 |         2.00 |
|  clk_IBUF_BUFG | fsm/FSM_onehot_state_reg[4]_8[0]         |                  |                3 |              8 |         2.67 |
|  clk_IBUF_BUFG | fsm/sw[3]_0[0]                           |                  |                5 |              8 |         1.60 |
|  clk_IBUF_BUFG | fsm/sw[2]_0[0]                           |                  |                2 |              8 |         4.00 |
|  clk_IBUF_BUFG | fsm/FSM_onehot_state_reg[4]_7[0]         |                  |                3 |              8 |         2.67 |
|  clk_IBUF_BUFG | fsm/sw[2]_2[0]                           |                  |                3 |              8 |         2.67 |
|  clk_IBUF_BUFG | fsm/sw[1][0]                             |                  |                3 |              8 |         2.67 |
|  clk_IBUF_BUFG | fsm/sw[5]_0[0]                           |                  |                4 |              8 |         2.00 |
|  clk_IBUF_BUFG | fsm/sw[3][0]                             |                  |                4 |              8 |         2.00 |
|  clk_IBUF_BUFG | fsm/sw[3]_7[0]                           |                  |                3 |              8 |         2.67 |
|  clk_IBUF_BUFG | fsm/FSM_onehot_state_reg[4]_9[0]         |                  |                4 |              8 |         2.00 |
|  clk_IBUF_BUFG | fsm/sw[4]_0[0]                           |                  |                4 |              8 |         2.00 |
|  clk_IBUF_BUFG | fsm/sw[5]_1[0]                           |                  |                5 |              8 |         1.60 |
|  clk_IBUF_BUFG | fsm/sw[3]_2[0]                           |                  |                3 |              8 |         2.67 |
|  clk_IBUF_BUFG | fsm/sw[3]_5[0]                           |                  |                3 |              8 |         2.67 |
|  clk_IBUF_BUFG | fsm/sw[3]_6[0]                           |                  |                7 |              8 |         1.14 |
|  clk_IBUF_BUFG | fsm/sw[3]_1[0]                           |                  |                4 |              8 |         2.00 |
|  clk_IBUF_BUFG | fsm/sw[0][0]                             |                  |                5 |              8 |         1.60 |
|  clk_IBUF_BUFG | fsm/FSM_onehot_state_reg[4]_6[0]         |                  |                3 |              8 |         2.67 |
|  clk_IBUF_BUFG | fsm/sw[5]_6[0]                           |                  |                3 |              8 |         2.67 |
|  clk_IBUF_BUFG | fsm/sw[5]_5[0]                           |                  |                3 |              8 |         2.67 |
|  clk_IBUF_BUFG | fsm/sw[5]_7[0]                           |                  |                3 |              8 |         2.67 |
|  clk_IBUF_BUFG | fsm/sw[5]_8[0]                           |                  |                4 |              8 |         2.00 |
|  clk_IBUF_BUFG | fsm/sw[6]_7[0]                           |                  |                3 |              8 |         2.67 |
|  clk_IBUF_BUFG | fsm/sw[7]_3[0]                           |                  |                4 |              8 |         2.00 |
|  clk_IBUF_BUFG | fsm/sw[6]_5[0]                           |                  |                4 |              8 |         2.00 |
|  clk_IBUF_BUFG | fsm/sw[7]_0[0]                           |                  |                5 |              8 |         1.60 |
|  clk_IBUF_BUFG | fsm/sw[6]_3[0]                           |                  |                5 |              8 |         1.60 |
|  clk_IBUF_BUFG | fsm/FSM_onehot_state_reg[4]_51[0]        | rst_IBUF         |                5 |             16 |         3.20 |
|  clk_IBUF_BUFG | fsm/FSM_onehot_state_reg[4]_48[0]        | rst_IBUF         |                6 |             16 |         2.67 |
|  clk_IBUF_BUFG |                                          | rst_IBUF         |               28 |             96 |         3.43 |
+----------------+------------------------------------------+------------------+------------------+----------------+--------------+


