Copyright 1986-2020 Xilinx, Inc. All Rights Reserved.
----------------------------------------------------------------------------------------------
| Tool Version : Vivado v.2020.1 (win64) Build 2902540 Wed May 27 19:54:49 MDT 2020
| Date         : Mon Apr 20 15:26:36 2026
| Host         : HU-DOPX-ML26 running 64-bit major release  (build 9200)
| Command      : report_control_sets -verbose -file TopLevelProcessor_control_sets_placed.rpt
| Design       : TopLevelProcessor
| Device       : xc7a35t
----------------------------------------------------------------------------------------------

Control Set Information

Table of Contents
-----------------
1. Summary
2. Histogram
3. Flip-Flop Distribution
4. Detailed Control Set Information

1. Summary
----------

+----------------------------------------------------------+-------+
|                          Status                          | Count |
+----------------------------------------------------------+-------+
| Total control sets                                       |    34 |
|    Minimum number of control sets                        |    34 |
|    Addition due to synthesis replication                 |     0 |
|    Addition due to physical synthesis replication        |     0 |
| Unused register locations in slices containing registers |     4 |
+----------------------------------------------------------+-------+
* Control sets can be merged at opt_design using control_set_merge or merge_equivalent_drivers
** Run report_qor_suggestions for automated merging and remapping suggestions


2. Histogram
------------

+--------------------+-------+
|       Fanout       | Count |
+--------------------+-------+
| Total control sets |    34 |
| >= 0 to < 4        |     0 |
| >= 4 to < 6        |     0 |
| >= 6 to < 8        |     0 |
| >= 8 to < 10       |     0 |
| >= 10 to < 12      |     0 |
| >= 12 to < 14      |     1 |
| >= 14 to < 16      |     0 |
| >= 16              |    33 |
+--------------------+-------+
* Control sets can be remapped at either synth_design or opt_design


3. Flip-Flop Distribution
-------------------------

+--------------+-----------------------+------------------------+-----------------+--------------+
| Clock Enable | Synchronous Set/Reset | Asynchronous Set/Reset | Total Registers | Total Slices |
+--------------+-----------------------+------------------------+-----------------+--------------+
| No           | No                    | No                     |               0 |            0 |
| No           | No                    | Yes                    |              12 |            7 |
| No           | Yes                   | No                     |               0 |            0 |
| Yes          | No                    | No                     |               0 |            0 |
| Yes          | No                    | Yes                    |             992 |          392 |
| Yes          | Yes                   | No                     |               0 |            0 |
+--------------+-----------------------+------------------------+-----------------+--------------+


4. Detailed Control Set Information
-----------------------------------

+----------------+-----------------------------+------------------+------------------+----------------+--------------+
|  Clock Signal  |        Enable Signal        | Set/Reset Signal | Slice Load Count | Bel Load Count | Bels / Slice |
+----------------+-----------------------------+------------------+------------------+----------------+--------------+
|  clk_IBUF_BUFG |                             | reset_IBUF       |                7 |             12 |         1.71 |
|  clk_IBUF_BUFG | pc_inst/PC_out_reg[1]_3[0]  | reset_IBUF       |               11 |             32 |         2.91 |
|  clk_IBUF_BUFG | pc_inst/E[0]                | reset_IBUF       |               13 |             32 |         2.46 |
|  clk_IBUF_BUFG | pc_inst/PC_out_reg[8]_11[0] | reset_IBUF       |               11 |             32 |         2.91 |
|  clk_IBUF_BUFG | pc_inst/PC_out_reg[8]_17[0] | reset_IBUF       |               15 |             32 |         2.13 |
|  clk_IBUF_BUFG | pc_inst/PC_out_reg[8]_5[0]  | reset_IBUF       |               10 |             32 |         3.20 |
|  clk_IBUF_BUFG | pc_inst/PC_out_reg[1]_12[0] | reset_IBUF       |               14 |             32 |         2.29 |
|  clk_IBUF_BUFG | pc_inst/PC_out_reg[1]_2[0]  | reset_IBUF       |               15 |             32 |         2.13 |
|  clk_IBUF_BUFG | pc_inst/PC_out_reg[8]_19[0] | reset_IBUF       |               13 |             32 |         2.46 |
|  clk_IBUF_BUFG | pc_inst/PC_out_reg[8]_10[0] | reset_IBUF       |               14 |             32 |         2.29 |
|  clk_IBUF_BUFG | pc_inst/PC_out_reg[8]_12[0] | reset_IBUF       |               12 |             32 |         2.67 |
|  clk_IBUF_BUFG | pc_inst/PC_out_reg[8]_14[0] | reset_IBUF       |               12 |             32 |         2.67 |
|  clk_IBUF_BUFG | pc_inst/PC_out_reg[8]_18[0] | reset_IBUF       |               10 |             32 |         3.20 |
|  clk_IBUF_BUFG | pc_inst/PC_out_reg[8]_6[0]  | reset_IBUF       |                9 |             32 |         3.56 |
|  clk_IBUF_BUFG | pc_inst/PC_out_reg[1]_1[0]  | reset_IBUF       |               13 |             32 |         2.46 |
|  clk_IBUF_BUFG | pc_inst/PC_out_reg[8]_13[0] | reset_IBUF       |               15 |             32 |         2.13 |
|  clk_IBUF_BUFG | pc_inst/PC_out_reg[8]_15[0] | reset_IBUF       |               15 |             32 |         2.13 |
|  clk_IBUF_BUFG | pc_inst/PC_out_reg[1]_4[0]  | reset_IBUF       |               12 |             32 |         2.67 |
|  clk_IBUF_BUFG | pc_inst/PC_out_reg[8]_9[0]  | reset_IBUF       |               12 |             32 |         2.67 |
|  clk_IBUF_BUFG | pc_inst/PC_out_reg[8]_7[0]  | reset_IBUF       |                9 |             32 |         3.56 |
|  clk_IBUF_BUFG | pc_inst/PC_out_reg[8]_3[0]  | reset_IBUF       |               11 |             32 |         2.91 |
|  clk_IBUF_BUFG | pc_inst/PC_out_reg[8]_16[0] | reset_IBUF       |               14 |             32 |         2.29 |
|  clk_IBUF_BUFG | pc_inst/PC_out_reg[8]_4[0]  | reset_IBUF       |               11 |             32 |         2.91 |
|  clk_IBUF_BUFG | pc_inst/PC_out_reg[1]_8[0]  | reset_IBUF       |               15 |             32 |         2.13 |
|  clk_IBUF_BUFG | pc_inst/PC_out_reg[8]_8[0]  | reset_IBUF       |                9 |             32 |         3.56 |
|  clk_IBUF_BUFG | pc_inst/PC_out_reg[1]_0[0]  | reset_IBUF       |               20 |             32 |         1.60 |
|  clk_IBUF_BUFG | pc_inst/PC_out_reg[1]_10[0] | reset_IBUF       |               18 |             32 |         1.78 |
|  clk_IBUF_BUFG | pc_inst/PC_out_reg[1]_9[0]  | reset_IBUF       |                8 |             32 |         4.00 |
|  clk_IBUF_BUFG | pc_inst/PC_out_reg[1]_6[0]  | reset_IBUF       |               10 |             32 |         3.20 |
|  clk_IBUF_BUFG | pc_inst/PC_out_reg[1]_7[0]  | reset_IBUF       |               12 |             32 |         2.67 |
|  clk_IBUF_BUFG | pc_inst/PC_out_reg[1]_11[0] | reset_IBUF       |               17 |             32 |         1.88 |
|  clk_IBUF_BUFG | pc_inst/PC_out_reg[1]_5[0]  | reset_IBUF       |               12 |             32 |         2.67 |
|  clk_IBUF_BUFG | pc_inst/PC_out_reg[9]_5     |                  |               32 |            128 |         4.00 |
|  clk_IBUF_BUFG | pc_inst/PC_out_reg[9]_4     |                  |               32 |            128 |         4.00 |
+----------------+-----------------------------+------------------+------------------+----------------+--------------+


