
*** Running vivado
    with args -log MemorySystem_top.vds -m64 -product Vivado -mode batch -messageDb vivado.pb -notrace -source MemorySystem_top.tcl



****** Vivado v2020.1 (64-bit)
  **** SW Build 2902540 on Wed May 27 19:54:49 MDT 2020
  **** IP Build 2902112 on Wed May 27 22:43:36 MDT 2020
    ** Copyright 1986-2020 Xilinx, Inc. All Rights Reserved.

source MemorySystem_top.tcl -notrace
Command: synth_design -top MemorySystem_top -part xc7a35tcpg236-1
Starting synth_design
Attempting to get a license for feature 'Synthesis' and/or device 'xc7a35t'
INFO: [Common 17-349] Got license for feature 'Synthesis' and/or device 'xc7a35t'
INFO: [Device 21-403] Loading part xc7a35tcpg236-1
INFO: [Synth 8-7079] Multithreading enabled for synth_design using a maximum of 2 processes.
INFO: [Synth 8-7078] Launching helper process for spawning children vivado processes
INFO: [Synth 8-7075] Helper process launched with PID 20936
---------------------------------------------------------------------------------
Starting RTL Elaboration : Time (s): cpu = 00:00:04 ; elapsed = 00:00:04 . Memory (MB): peak = 1030.801 ; gain = 0.000
---------------------------------------------------------------------------------
INFO: [Synth 8-6157] synthesizing module 'MemorySystem_top' [C:/Users/ea09904/Downloads/project_1ca/project_1ca/project_1ca.srcs/sources_1/new/MemorySystem_top.v:2]
INFO: [Synth 8-6157] synthesizing module 'debouncer' [C:/Users/ea09904/Downloads/project_1ca/project_1ca/project_1ca.srcs/sources_1/new/debouncer.v:5]
	Parameter STABLE_MAX bound to: 500000 - type: integer 
INFO: [Synth 8-6155] done synthesizing module 'debouncer' (1#1) [C:/Users/ea09904/Downloads/project_1ca/project_1ca/project_1ca.srcs/sources_1/new/debouncer.v:5]
INFO: [Synth 8-6157] synthesizing module 'clock_divider' [C:/Users/ea09904/Downloads/project_1ca/project_1ca/project_1ca.srcs/sources_1/new/clock_divider.v:5]
	Parameter MAX_COUNT bound to: 100000000 - type: integer 
INFO: [Synth 8-6155] done synthesizing module 'clock_divider' (2#1) [C:/Users/ea09904/Downloads/project_1ca/project_1ca/project_1ca.srcs/sources_1/new/clock_divider.v:5]
INFO: [Synth 8-6157] synthesizing module 'MemorySystem_FSM' [C:/Users/ea09904/Downloads/project_1ca/project_1ca/project_1ca.srcs/sources_1/new/MemorySystem_FSM.v:2]
	Parameter IDLE bound to: 4'b0000 
	Parameter WRITE_MEM1 bound to: 4'b0001 
	Parameter WRITE_MEM2 bound to: 4'b0010 
	Parameter WRITE_LED1 bound to: 4'b0011 
	Parameter WRITE_LED2 bound to: 4'b0100 
	Parameter READ_MEM1 bound to: 4'b0101 
	Parameter HOLD_MEM1 bound to: 4'b0110 
	Parameter READ_MEM2 bound to: 4'b0111 
	Parameter HOLD_MEM2 bound to: 4'b1000 
	Parameter READ_SW bound to: 4'b1001 
	Parameter HOLD_SW bound to: 4'b1010 
	Parameter DONE bound to: 4'b1011 
INFO: [Synth 8-6155] done synthesizing module 'MemorySystem_FSM' (3#1) [C:/Users/ea09904/Downloads/project_1ca/project_1ca/project_1ca.srcs/sources_1/new/MemorySystem_FSM.v:2]
INFO: [Synth 8-6157] synthesizing module 'addressDecoderTop' [C:/Users/ea09904/Downloads/project_1ca/project_1ca/project_1ca.srcs/sources_1/new/addressDecoderTop.v:75]
INFO: [Synth 8-6157] synthesizing module 'AddressDecoder' [C:/Users/ea09904/Downloads/project_1ca/project_1ca/project_1ca.srcs/sources_1/new/AddressDecoder.v:2]
INFO: [Synth 8-6155] done synthesizing module 'AddressDecoder' (4#1) [C:/Users/ea09904/Downloads/project_1ca/project_1ca/project_1ca.srcs/sources_1/new/AddressDecoder.v:2]
INFO: [Synth 8-6157] synthesizing module 'DataMemory' [C:/Users/ea09904/Downloads/project_1ca/project_1ca/project_1ca.srcs/sources_1/new/DataMemory.v:2]
INFO: [Synth 8-6155] done synthesizing module 'DataMemory' (5#1) [C:/Users/ea09904/Downloads/project_1ca/project_1ca/project_1ca.srcs/sources_1/new/DataMemory.v:2]
INFO: [Synth 8-6157] synthesizing module 'switches' [C:/Users/ea09904/Downloads/project_1ca/project_1ca/project_1ca.srcs/sources_1/new/leds.v:3]
INFO: [Synth 8-6155] done synthesizing module 'switches' (6#1) [C:/Users/ea09904/Downloads/project_1ca/project_1ca/project_1ca.srcs/sources_1/new/leds.v:3]
INFO: [Synth 8-6157] synthesizing module 'leds' [C:/Users/ea09904/Downloads/project_1ca/project_1ca/project_1ca.srcs/sources_1/new/switches.v:2]
INFO: [Synth 8-6155] done synthesizing module 'leds' (7#1) [C:/Users/ea09904/Downloads/project_1ca/project_1ca/project_1ca.srcs/sources_1/new/switches.v:2]
INFO: [Synth 8-6155] done synthesizing module 'addressDecoderTop' (8#1) [C:/Users/ea09904/Downloads/project_1ca/project_1ca/project_1ca.srcs/sources_1/new/addressDecoderTop.v:75]
INFO: [Synth 8-6155] done synthesizing module 'MemorySystem_top' (9#1) [C:/Users/ea09904/Downloads/project_1ca/project_1ca/project_1ca.srcs/sources_1/new/MemorySystem_top.v:2]
---------------------------------------------------------------------------------
Finished RTL Elaboration : Time (s): cpu = 00:00:04 ; elapsed = 00:00:05 . Memory (MB): peak = 1030.801 ; gain = 0.000
---------------------------------------------------------------------------------
---------------------------------------------------------------------------------
Start Handling Custom Attributes
---------------------------------------------------------------------------------
---------------------------------------------------------------------------------
Finished Handling Custom Attributes : Time (s): cpu = 00:00:05 ; elapsed = 00:00:05 . Memory (MB): peak = 1030.801 ; gain = 0.000
---------------------------------------------------------------------------------
---------------------------------------------------------------------------------
Finished RTL Optimization Phase 1 : Time (s): cpu = 00:00:05 ; elapsed = 00:00:05 . Memory (MB): peak = 1030.801 ; gain = 0.000
---------------------------------------------------------------------------------
Netlist sorting complete. Time (s): cpu = 00:00:00 ; elapsed = 00:00:00.006 . Memory (MB): peak = 1030.801 ; gain = 0.000
INFO: [Project 1-570] Preparing netlist for logic optimization

Processing XDC Constraints
Initializing timing engine
Parsing XDC File [C:/Users/ea09904/Downloads/project_1ca/project_1ca/project_1ca.srcs/constrs_1/new/Memory.xdc]
Finished Parsing XDC File [C:/Users/ea09904/Downloads/project_1ca/project_1ca/project_1ca.srcs/constrs_1/new/Memory.xdc]
INFO: [Project 1-236] Implementation specific constraints were found while reading constraint file [C:/Users/ea09904/Downloads/project_1ca/project_1ca/project_1ca.srcs/constrs_1/new/Memory.xdc]. These constraints will be ignored for synthesis but will be used in implementation. Impacted constraints are listed in the file [.Xil/MemorySystem_top_propImpl.xdc].
Resolution: To avoid this warning, move constraints listed in [.Xil/MemorySystem_top_propImpl.xdc] to another XDC file and exclude this new file from synthesis with the used_in_synthesis property (File Properties dialog in GUI) and re-run elaboration/synthesis.
Completed Processing XDC Constraints

Netlist sorting complete. Time (s): cpu = 00:00:00 ; elapsed = 00:00:00 . Memory (MB): peak = 1034.977 ; gain = 0.000
INFO: [Project 1-111] Unisim Transformation Summary:
No Unisim elements were transformed.

Constraint Validation Runtime : Time (s): cpu = 00:00:00 ; elapsed = 00:00:00.003 . Memory (MB): peak = 1034.977 ; gain = 0.000
---------------------------------------------------------------------------------
Finished Constraint Validation : Time (s): cpu = 00:00:10 ; elapsed = 00:00:10 . Memory (MB): peak = 1034.977 ; gain = 4.176
---------------------------------------------------------------------------------
---------------------------------------------------------------------------------
Start Loading Part and Timing Information
---------------------------------------------------------------------------------
Loading part: xc7a35tcpg236-1
---------------------------------------------------------------------------------
Finished Loading Part and Timing Information : Time (s): cpu = 00:00:10 ; elapsed = 00:00:10 . Memory (MB): peak = 1034.977 ; gain = 4.176
---------------------------------------------------------------------------------
---------------------------------------------------------------------------------
Start Applying 'set_property' XDC Constraints
---------------------------------------------------------------------------------
---------------------------------------------------------------------------------
Finished applying 'set_property' XDC Constraints : Time (s): cpu = 00:00:10 ; elapsed = 00:00:10 . Memory (MB): peak = 1034.977 ; gain = 4.176
---------------------------------------------------------------------------------
INFO: [Synth 8-802] inferred FSM for state register 'state_reg' in module 'MemorySystem_FSM'
---------------------------------------------------------------------------------------------------
                   State |                     New Encoding |                Previous Encoding 
---------------------------------------------------------------------------------------------------
                    IDLE |                             0000 |                             0000
              WRITE_MEM1 |                             0001 |                             0001
              WRITE_MEM2 |                             0010 |                             0010
              WRITE_LED1 |                             0011 |                             0011
              WRITE_LED2 |                             0100 |                             0100
               READ_MEM1 |                             0101 |                             0101
               HOLD_MEM1 |                             0110 |                             0110
               READ_MEM2 |                             0111 |                             0111
               HOLD_MEM2 |                             1000 |                             1000
                 READ_SW |                             1001 |                             1001
                 HOLD_SW |                             1010 |                             1010
                    DONE |                             1011 |                             1011
---------------------------------------------------------------------------------------------------
INFO: [Synth 8-3354] encoded FSM with state register 'state_reg' using encoding 'sequential' in module 'MemorySystem_FSM'
---------------------------------------------------------------------------------
Finished RTL Optimization Phase 2 : Time (s): cpu = 00:00:10 ; elapsed = 00:00:11 . Memory (MB): peak = 1034.977 ; gain = 4.176
---------------------------------------------------------------------------------
---------------------------------------------------------------------------------
Start RTL Component Statistics 
---------------------------------------------------------------------------------
Detailed RTL Component Info : 
+---Adders : 
	   2 Input   27 Bit       Adders := 1     
+---Registers : 
	               32 Bit    Registers := 5     
	               27 Bit    Registers := 1     
	               16 Bit    Registers := 4     
	                1 Bit    Registers := 4     
+---Muxes : 
	   2 Input   32 Bit        Muxes := 3     
	   2 Input   27 Bit        Muxes := 1     
	  12 Input   16 Bit        Muxes := 2     
	   2 Input   16 Bit        Muxes := 1     
	  12 Input   10 Bit        Muxes := 1     
	  12 Input    4 Bit        Muxes := 1     
	  12 Input    1 Bit        Muxes := 3     
---------------------------------------------------------------------------------
Finished RTL Component Statistics 
---------------------------------------------------------------------------------
---------------------------------------------------------------------------------
Start Part Resource Summary
---------------------------------------------------------------------------------
Part Resources:
DSPs: 90 (col length:60)
BRAMs: 100 (col length: RAMB18 60 RAMB36 30)
---------------------------------------------------------------------------------
Finished Part Resource Summary
---------------------------------------------------------------------------------
---------------------------------------------------------------------------------
Start Cross Boundary and Area Optimization
---------------------------------------------------------------------------------
---------------------------------------------------------------------------------
Finished Cross Boundary and Area Optimization : Time (s): cpu = 00:00:12 ; elapsed = 00:00:12 . Memory (MB): peak = 1034.977 ; gain = 4.176
---------------------------------------------------------------------------------
---------------------------------------------------------------------------------
Start ROM, RAM, DSP and Shift Register Reporting
---------------------------------------------------------------------------------

Distributed RAM: Preliminary Mapping	Report (see note below)
+-----------------+-----------------------------+-----------+----------------------+-----------------+
|Module Name      | RTL Object                  | Inference | Size (Depth x Width) | Primitives      | 
+-----------------+-----------------------------+-----------+----------------------+-----------------+
|MemorySystem_top | u_mem_sys/u_datamem/mem_reg | Implied   | 512 x 16             | RAM256X1S x 64	 | 
+-----------------+-----------------------------+-----------+----------------------+-----------------+

Note: The table above is a preliminary report that shows the Distributed RAMs at the current stage of the synthesis flow. Some Distributed RAMs may be reimplemented as non Distributed RAM primitives later in the synthesis flow. Multiple instantiated RAMs are reported only once.
---------------------------------------------------------------------------------
Finished ROM, RAM, DSP and Shift Register Reporting
---------------------------------------------------------------------------------
---------------------------------------------------------------------------------
Start Applying XDC Timing Constraints
---------------------------------------------------------------------------------
---------------------------------------------------------------------------------
Finished Applying XDC Timing Constraints : Time (s): cpu = 00:00:18 ; elapsed = 00:00:18 . Memory (MB): peak = 1034.977 ; gain = 4.176
---------------------------------------------------------------------------------
---------------------------------------------------------------------------------
Start Timing Optimization
---------------------------------------------------------------------------------
---------------------------------------------------------------------------------
Finished Timing Optimization : Time (s): cpu = 00:00:18 ; elapsed = 00:00:19 . Memory (MB): peak = 1037.691 ; gain = 6.891
---------------------------------------------------------------------------------
---------------------------------------------------------------------------------
Start ROM, RAM, DSP and Shift Register Reporting
---------------------------------------------------------------------------------

Distributed RAM: Final Mapping	Report
+-----------------+-----------------------------+-----------+----------------------+-----------------+
|Module Name      | RTL Object                  | Inference | Size (Depth x Width) | Primitives      | 
+-----------------+-----------------------------+-----------+----------------------+-----------------+
|MemorySystem_top | u_mem_sys/u_datamem/mem_reg | Implied   | 512 x 16             | RAM256X1S x 64	 | 
+-----------------+-----------------------------+-----------+----------------------+-----------------+

---------------------------------------------------------------------------------
Finished ROM, RAM, DSP and Shift Register Reporting
---------------------------------------------------------------------------------
---------------------------------------------------------------------------------
Start Technology Mapping
---------------------------------------------------------------------------------
---------------------------------------------------------------------------------
Finished Technology Mapping : Time (s): cpu = 00:00:18 ; elapsed = 00:00:19 . Memory (MB): peak = 1038.387 ; gain = 7.586
---------------------------------------------------------------------------------
---------------------------------------------------------------------------------
Start IO Insertion
---------------------------------------------------------------------------------
---------------------------------------------------------------------------------
Start Flattening Before IO Insertion
---------------------------------------------------------------------------------
---------------------------------------------------------------------------------
Finished Flattening Before IO Insertion
---------------------------------------------------------------------------------
---------------------------------------------------------------------------------
Start Final Netlist Cleanup
---------------------------------------------------------------------------------
---------------------------------------------------------------------------------
Finished Final Netlist Cleanup
---------------------------------------------------------------------------------
---------------------------------------------------------------------------------
Finished IO Insertion : Time (s): cpu = 00:00:21 ; elapsed = 00:00:22 . Memory (MB): peak = 1045.125 ; gain = 14.324
---------------------------------------------------------------------------------
---------------------------------------------------------------------------------
Start Renaming Generated Instances
---------------------------------------------------------------------------------
---------------------------------------------------------------------------------
Finished Renaming Generated Instances : Time (s): cpu = 00:00:21 ; elapsed = 00:00:22 . Memory (MB): peak = 1045.125 ; gain = 14.324
---------------------------------------------------------------------------------
---------------------------------------------------------------------------------
Start Rebuilding User Hierarchy
---------------------------------------------------------------------------------
---------------------------------------------------------------------------------
Finished Rebuilding User Hierarchy : Time (s): cpu = 00:00:21 ; elapsed = 00:00:22 . Memory (MB): peak = 1045.125 ; gain = 14.324
---------------------------------------------------------------------------------
---------------------------------------------------------------------------------
Start Renaming Generated Ports
---------------------------------------------------------------------------------
---------------------------------------------------------------------------------
Finished Renaming Generated Ports : Time (s): cpu = 00:00:21 ; elapsed = 00:00:22 . Memory (MB): peak = 1045.125 ; gain = 14.324
---------------------------------------------------------------------------------
---------------------------------------------------------------------------------
Start Handling Custom Attributes
---------------------------------------------------------------------------------
---------------------------------------------------------------------------------
Finished Handling Custom Attributes : Time (s): cpu = 00:00:21 ; elapsed = 00:00:22 . Memory (MB): peak = 1045.125 ; gain = 14.324
---------------------------------------------------------------------------------
---------------------------------------------------------------------------------
Start Renaming Generated Nets
---------------------------------------------------------------------------------
---------------------------------------------------------------------------------
Finished Renaming Generated Nets : Time (s): cpu = 00:00:21 ; elapsed = 00:00:22 . Memory (MB): peak = 1045.125 ; gain = 14.324
---------------------------------------------------------------------------------
---------------------------------------------------------------------------------
Start Writing Synthesis Report
---------------------------------------------------------------------------------

Report BlackBoxes: 
+-+--------------+----------+
| |BlackBox name |Instances |
+-+--------------+----------+
+-+--------------+----------+

Report Cell Usage: 
+------+----------+------+
|      |Cell      |Count |
+------+----------+------+
|1     |BUFG      |     1|
|2     |CARRY4    |    12|
|3     |LUT1      |     3|
|4     |LUT2      |     3|
|5     |LUT3      |    21|
|6     |LUT4      |    52|
|7     |LUT5      |    16|
|8     |LUT6      |    17|
|9     |RAM256X1S |    32|
|10    |FDRE      |   129|
|11    |IBUF      |    18|
|12    |OBUF      |    16|
+------+----------+------+
---------------------------------------------------------------------------------
Finished Writing Synthesis Report : Time (s): cpu = 00:00:21 ; elapsed = 00:00:22 . Memory (MB): peak = 1045.125 ; gain = 14.324
---------------------------------------------------------------------------------
Synthesis finished with 0 errors, 0 critical warnings and 0 warnings.
Synthesis Optimization Runtime : Time (s): cpu = 00:00:14 ; elapsed = 00:00:20 . Memory (MB): peak = 1045.125 ; gain = 10.148
Synthesis Optimization Complete : Time (s): cpu = 00:00:21 ; elapsed = 00:00:22 . Memory (MB): peak = 1045.125 ; gain = 14.324
INFO: [Project 1-571] Translating synthesized netlist
Netlist sorting complete. Time (s): cpu = 00:00:00 ; elapsed = 00:00:00.003 . Memory (MB): peak = 1055.195 ; gain = 0.000
INFO: [Netlist 29-17] Analyzing 44 Unisim elements for replacement
INFO: [Netlist 29-28] Unisim Transformation completed in 0 CPU seconds
INFO: [Project 1-570] Preparing netlist for logic optimization
INFO: [Opt 31-138] Pushed 0 inverter(s) to 0 load pin(s).
Netlist sorting complete. Time (s): cpu = 00:00:00 ; elapsed = 00:00:00 . Memory (MB): peak = 1058.926 ; gain = 0.000
INFO: [Project 1-111] Unisim Transformation Summary:
  A total of 32 instances were transformed.
  RAM256X1S => RAM256X1S (MUXF7(x2), MUXF8, RAMS64E(x4)): 32 instances

INFO: [Common 17-83] Releasing license: Synthesis
35 Infos, 0 Warnings, 0 Critical Warnings and 0 Errors encountered.
synth_design completed successfully
synth_design: Time (s): cpu = 00:00:25 ; elapsed = 00:00:29 . Memory (MB): peak = 1058.926 ; gain = 28.125
INFO: [Common 17-1381] The checkpoint 'C:/Users/ea09904/Downloads/project_1ca/project_1ca/project_1ca.runs/synth_1/MemorySystem_top.dcp' has been generated.
INFO: [runtcl-4] Executing : report_utilization -file MemorySystem_top_utilization_synth.rpt -pb MemorySystem_top_utilization_synth.pb
INFO: [Common 17-206] Exiting Vivado at Wed Mar 18 16:26:17 2026...
